Archive member included to satisfy reference by file (symbol)

c:/st/stm32cubeide_1.2.0/stm32cubeide/plugins/com.st.stm32cube.ide.mcu.externaltools.gnu-tools-for-stm32.7-2018-q2-update.win32_1.0.0.201904181610/tools/bin/../lib/gcc/arm-none-eabi/7.3.1/../../../../arm-none-eabi/lib/thumb/v6-m\libc_nano.a(lib_a-errno.o)
                              Core/Src/syscalls.o (__errno)
c:/st/stm32cubeide_1.2.0/stm32cubeide/plugins/com.st.stm32cube.ide.mcu.externaltools.gnu-tools-for-stm32.7-2018-q2-update.win32_1.0.0.201904181610/tools/bin/../lib/gcc/arm-none-eabi/7.3.1/../../../../arm-none-eabi/lib/thumb/v6-m\libc_nano.a(lib_a-exit.o)
                              c:/st/stm32cubeide_1.2.0/stm32cubeide/plugins/com.st.stm32cube.ide.mcu.externaltools.gnu-tools-for-stm32.7-2018-q2-update.win32_1.0.0.201904181610/tools/bin/../lib/gcc/arm-none-eabi/7.3.1/../../../../arm-none-eabi/lib/thumb/v6-m/crt0.o (exit)
c:/st/stm32cubeide_1.2.0/stm32cubeide/plugins/com.st.stm32cube.ide.mcu.externaltools.gnu-tools-for-stm32.7-2018-q2-update.win32_1.0.0.201904181610/tools/bin/../lib/gcc/arm-none-eabi/7.3.1/../../../../arm-none-eabi/lib/thumb/v6-m\libc_nano.a(lib_a-impure.o)
                              c:/st/stm32cubeide_1.2.0/stm32cubeide/plugins/com.st.stm32cube.ide.mcu.externaltools.gnu-tools-for-stm32.7-2018-q2-update.win32_1.0.0.201904181610/tools/bin/../lib/gcc/arm-none-eabi/7.3.1/../../../../arm-none-eabi/lib/thumb/v6-m\libc_nano.a(lib_a-exit.o) (_global_impure_ptr)
c:/st/stm32cubeide_1.2.0/stm32cubeide/plugins/com.st.stm32cube.ide.mcu.externaltools.gnu-tools-for-stm32.7-2018-q2-update.win32_1.0.0.201904181610/tools/bin/../lib/gcc/arm-none-eabi/7.3.1/../../../../arm-none-eabi/lib/thumb/v6-m\libc_nano.a(lib_a-init.o)
                              c:/st/stm32cubeide_1.2.0/stm32cubeide/plugins/com.st.stm32cube.ide.mcu.externaltools.gnu-tools-for-stm32.7-2018-q2-update.win32_1.0.0.201904181610/tools/bin/../lib/gcc/arm-none-eabi/7.3.1/../../../../arm-none-eabi/lib/thumb/v6-m/crt0.o (__libc_init_array)
c:/st/stm32cubeide_1.2.0/stm32cubeide/plugins/com.st.stm32cube.ide.mcu.externaltools.gnu-tools-for-stm32.7-2018-q2-update.win32_1.0.0.201904181610/tools/bin/../lib/gcc/arm-none-eabi/7.3.1/../../../../arm-none-eabi/lib/thumb/v6-m\libc_nano.a(lib_a-memcpy-stub.o)
                              Core/Src/uart_cardreaderserial.o (memcpy)
c:/st/stm32cubeide_1.2.0/stm32cubeide/plugins/com.st.stm32cube.ide.mcu.externaltools.gnu-tools-for-stm32.7-2018-q2-update.win32_1.0.0.201904181610/tools/bin/../lib/gcc/arm-none-eabi/7.3.1/../../../../arm-none-eabi/lib/thumb/v6-m\libc_nano.a(lib_a-memset.o)
                              c:/st/stm32cubeide_1.2.0/stm32cubeide/plugins/com.st.stm32cube.ide.mcu.externaltools.gnu-tools-for-stm32.7-2018-q2-update.win32_1.0.0.201904181610/tools/bin/../lib/gcc/arm-none-eabi/7.3.1/../../../../arm-none-eabi/lib/thumb/v6-m/crt0.o (memset)
c:/st/stm32cubeide_1.2.0/stm32cubeide/plugins/com.st.stm32cube.ide.mcu.externaltools.gnu-tools-for-stm32.7-2018-q2-update.win32_1.0.0.201904181610/tools/bin/../lib/gcc/arm-none-eabi/7.3.1/thumb/v6-m\libgcc.a(_udivsi3.o)
                              Core/Src/stm32g0xx_hal_timebase_tim.o (__aeabi_uidiv)
c:/st/stm32cubeide_1.2.0/stm32cubeide/plugins/com.st.stm32cube.ide.mcu.externaltools.gnu-tools-for-stm32.7-2018-q2-update.win32_1.0.0.201904181610/tools/bin/../lib/gcc/arm-none-eabi/7.3.1/thumb/v6-m\libgcc.a(_divsi3.o)
                              Drivers/STM32G0xx_HAL_Driver/Src/stm32g0xx_hal_uart_ex.o (__aeabi_idiv)
c:/st/stm32cubeide_1.2.0/stm32cubeide/plugins/com.st.stm32cube.ide.mcu.externaltools.gnu-tools-for-stm32.7-2018-q2-update.win32_1.0.0.201904181610/tools/bin/../lib/gcc/arm-none-eabi/7.3.1/thumb/v6-m\libgcc.a(_dvmd_tls.o)
                              c:/st/stm32cubeide_1.2.0/stm32cubeide/plugins/com.st.stm32cube.ide.mcu.externaltools.gnu-tools-for-stm32.7-2018-q2-update.win32_1.0.0.201904181610/tools/bin/../lib/gcc/arm-none-eabi/7.3.1/thumb/v6-m\libgcc.a(_udivsi3.o) (__aeabi_idiv0)
c:/st/stm32cubeide_1.2.0/stm32cubeide/plugins/com.st.stm32cube.ide.mcu.externaltools.gnu-tools-for-stm32.7-2018-q2-update.win32_1.0.0.201904181610/tools/bin/../lib/gcc/arm-none-eabi/7.3.1/thumb/v6-m\libgcc.a(_aeabi_uldivmod.o)
                              Drivers/STM32G0xx_HAL_Driver/Src/stm32g0xx_hal_uart.o (__aeabi_uldivmod)
c:/st/stm32cubeide_1.2.0/stm32cubeide/plugins/com.st.stm32cube.ide.mcu.externaltools.gnu-tools-for-stm32.7-2018-q2-update.win32_1.0.0.201904181610/tools/bin/../lib/gcc/arm-none-eabi/7.3.1/thumb/v6-m\libgcc.a(_udivmoddi4.o)
                              c:/st/stm32cubeide_1.2.0/stm32cubeide/plugins/com.st.stm32cube.ide.mcu.externaltools.gnu-tools-for-stm32.7-2018-q2-update.win32_1.0.0.201904181610/tools/bin/../lib/gcc/arm-none-eabi/7.3.1/thumb/v6-m\libgcc.a(_aeabi_uldivmod.o) (__udivmoddi4)
[...]
Memory Configuration

Name             Origin             Length             Attributes
RAM              0x0000000020000000 0x0000000000009000 xrw
FLASH            0x0000000008000000 0x0000000000020000 xr
*default*        0x0000000000000000 0xffffffffffffffff

Linker script and memory map

LOAD c:/st/stm32cubeide_1.2.0/stm32cubeide/plugins/com.st.stm32cube.ide.mcu.externaltools.gnu-tools-for-stm32.7-2018-q2-update.win32_1.0.0.201904181610/tools/bin/../lib/gcc/arm-none-eabi/7.3.1/thumb/v6-m/crti.o
LOAD c:/st/stm32cubeide_1.2.0/stm32cubeide/plugins/com.st.stm32cube.ide.mcu.externaltools.gnu-tools-for-stm32.7-2018-q2-update.win32_1.0.0.201904181610/tools/bin/../lib/gcc/arm-none-eabi/7.3.1/thumb/v6-m/crtbegin.o
LOAD c:/st/stm32cubeide_1.2.0/stm32cubeide/plugins/com.st.stm32cube.ide.mcu.externaltools.gnu-tools-for-stm32.7-2018-q2-update.win32_1.0.0.201904181610/tools/bin/../lib/gcc/arm-none-eabi/7.3.1/../../../../arm-none-eabi/lib/thumb/v6-m/crt0.o
LOAD Core/Src/app_freertos.o
LOAD Core/Src/common.o
LOAD Core/Src/cyclic.o
LOAD Core/Src/main.o
LOAD Core/Src/main_control.o
LOAD Core/Src/ram.o
LOAD Core/Src/stm32g0xx_hal_msp.o
LOAD Core/Src/stm32g0xx_hal_timebase_tim.o
LOAD Core/Src/stm32g0xx_it.o
LOAD Core/Src/syscalls.o
LOAD Core/Src/sysmem.o
LOAD Core/Src/system_stm32g0xx.o
LOAD Core/Src/uart_cardreaderserial.o
LOAD Core/Src/uart_ypserial.o
LOAD Core/Startup/startup_stm32g071gbux.o
LOAD Drivers/STM32G0xx_HAL_Driver/Src/stm32g0xx_hal.o
LOAD Drivers/STM32G0xx_HAL_Driver/Src/stm32g0xx_hal_cortex.o
LOAD Drivers/STM32G0xx_HAL_Driver/Src/stm32g0xx_hal_dma.o
LOAD Drivers/STM32G0xx_HAL_Driver/Src/stm32g0xx_hal_dma_ex.o
LOAD Drivers/STM32G0xx_HAL_Driver/Src/stm32g0xx_hal_exti.o
LOAD Drivers/STM32G0xx_HAL_Driver/Src/stm32g0xx_hal_flash.o
LOAD Drivers/STM32G0xx_HAL_Driver/Src/stm32g0xx_hal_flash_ex.o
LOAD Drivers/STM32G0xx_HAL_Driver/Src/stm32g0xx_hal_gpio.o
LOAD Drivers/STM32G0xx_HAL_Driver/Src/stm32g0xx_hal_iwdg.o
LOAD Drivers/STM32G0xx_HAL_Driver/Src/stm32g0xx_hal_pwr.o
LOAD Drivers/STM32G0xx_HAL_Driver/Src/stm32g0xx_hal_pwr_ex.o
LOAD Drivers/STM32G0xx_HAL_Driver/Src/stm32g0xx_hal_rcc.o
LOAD Drivers/STM32G0xx_HAL_Driver/Src/stm32g0xx_hal_rcc_ex.o
LOAD Drivers/STM32G0xx_HAL_Driver/Src/stm32g0xx_hal_tim.o
LOAD Drivers/STM32G0xx_HAL_Driver/Src/stm32g0xx_hal_tim_ex.o
LOAD Drivers/STM32G0xx_HAL_Driver/Src/stm32g0xx_hal_uart.o
LOAD Drivers/STM32G0xx_HAL_Driver/Src/stm32g0xx_hal_uart_ex.o
LOAD Drivers/STM32G0xx_HAL_Driver/Src/stm32g0xx_ll_rcc.o
LOAD Middlewares/Third_Party/FreeRTOS/Source/CMSIS_RTOS/cmsis_os.o
LOAD Middlewares/Third_Party/FreeRTOS/Source/croutine.o
LOAD Middlewares/Third_Party/FreeRTOS/Source/event_groups.o
LOAD Middlewares/Third_Party/FreeRTOS/Source/list.o
LOAD Middlewares/Third_Party/FreeRTOS/Source/queue.o
LOAD Middlewares/Third_Party/FreeRTOS/Source/stream_buffer.o
LOAD Middlewares/Third_Party/FreeRTOS/Source/tasks.o
LOAD Middlewares/Third_Party/FreeRTOS/Source/timers.o
LOAD Middlewares/Third_Party/FreeRTOS/Source/portable/GCC/ARM_CM0/port.o
LOAD Middlewares/Third_Party/FreeRTOS/Source/portable/MemMang/heap_4.o
START GROUP
LOAD c:/st/stm32cubeide_1.2.0/stm32cubeide/plugins/com.st.stm32cube.ide.mcu.externaltools.gnu-tools-for-stm32.7-2018-q2-update.win32_1.0.0.201904181610/tools/bin/../lib/gcc/arm-none-eabi/7.3.1/../../../../arm-none-eabi/lib/thumb/v6-m\libc_nano.a
LOAD c:/st/stm32cubeide_1.2.0/stm32cubeide/plugins/com.st.stm32cube.ide.mcu.externaltools.gnu-tools-for-stm32.7-2018-q2-update.win32_1.0.0.201904181610/tools/bin/../lib/gcc/arm-none-eabi/7.3.1/../../../../arm-none-eabi/lib/thumb/v6-m\libm.a
END GROUP
START GROUP
LOAD c:/st/stm32cubeide_1.2.0/stm32cubeide/plugins/com.st.stm32cube.ide.mcu.externaltools.gnu-tools-for-stm32.7-2018-q2-update.win32_1.0.0.201904181610/tools/bin/../lib/gcc/arm-none-eabi/7.3.1/thumb/v6-m\libgcc.a
LOAD c:/st/stm32cubeide_1.2.0/stm32cubeide/plugins/com.st.stm32cube.ide.mcu.externaltools.gnu-tools-for-stm32.7-2018-q2-update.win32_1.0.0.201904181610/tools/bin/../lib/gcc/arm-none-eabi/7.3.1/../../../../arm-none-eabi/lib/thumb/v6-m\libc_nano.a
END GROUP
START GROUP
LOAD c:/st/stm32cubeide_1.2.0/stm32cubeide/plugins/com.st.stm32cube.ide.mcu.externaltools.gnu-tools-for-stm32.7-2018-q2-update.win32_1.0.0.201904181610/tools/bin/../lib/gcc/arm-none-eabi/7.3.1/thumb/v6-m\libgcc.a
LOAD c:/st/stm32cubeide_1.2.0/stm32cubeide/plugins/com.st.stm32cube.ide.mcu.externaltools.gnu-tools-for-stm32.7-2018-q2-update.win32_1.0.0.201904181610/tools/bin/../lib/gcc/arm-none-eabi/7.3.1/../../../../arm-none-eabi/lib/thumb/v6-m\libc_nano.a
LOAD c:/st/stm32cubeide_1.2.0/stm32cubeide/plugins/com.st.stm32cube.ide.mcu.externaltools.gnu-tools-for-stm32.7-2018-q2-update.win32_1.0.0.201904181610/tools/bin/../lib/gcc/arm-none-eabi/7.3.1/../../../../arm-none-eabi/lib/thumb/v6-m\libnosys.a
END GROUP
START GROUP
LOAD c:/st/stm32cubeide_1.2.0/stm32cubeide/plugins/com.st.stm32cube.ide.mcu.externaltools.gnu-tools-for-stm32.7-2018-q2-update.win32_1.0.0.201904181610/tools/bin/../lib/gcc/arm-none-eabi/7.3.1/thumb/v6-m\libgcc.a
LOAD c:/st/stm32cubeide_1.2.0/stm32cubeide/plugins/com.st.stm32cube.ide.mcu.externaltools.gnu-tools-for-stm32.7-2018-q2-update.win32_1.0.0.201904181610/tools/bin/../lib/gcc/arm-none-eabi/7.3.1/../../../../arm-none-eabi/lib/thumb/v6-m\libc_nano.a
LOAD c:/st/stm32cubeide_1.2.0/stm32cubeide/plugins/com.st.stm32cube.ide.mcu.externaltools.gnu-tools-for-stm32.7-2018-q2-update.win32_1.0.0.201904181610/tools/bin/../lib/gcc/arm-none-eabi/7.3.1/../../../../arm-none-eabi/lib/thumb/v6-m\libnosys.a
END GROUP
LOAD c:/st/stm32cubeide_1.2.0/stm32cubeide/plugins/com.st.stm32cube.ide.mcu.externaltools.gnu-tools-for-stm32.7-2018-q2-update.win32_1.0.0.201904181610/tools/bin/../lib/gcc/arm-none-eabi/7.3.1/thumb/v6-m/crtend.o
LOAD c:/st/stm32cubeide_1.2.0/stm32cubeide/plugins/com.st.stm32cube.ide.mcu.externaltools.gnu-tools-for-stm32.7-2018-q2-update.win32_1.0.0.201904181610/tools/bin/../lib/gcc/arm-none-eabi/7.3.1/thumb/v6-m/crtn.o
                0x0000000020009000                _estack = (ORIGIN (RAM) + LENGTH (RAM))
                0x0000000000000200                _Min_Heap_Size = 0x200
                0x0000000000000400                _Min_Stack_Size = 0x400

.isr_vector     0x0000000008000000       0xbc
                0x0000000008000000                . = ALIGN (0x4)
 *(.isr_vector)
 .isr_vector    0x0000000008000000       0xbc Core/Startup/startup_stm32g071gbux.o
                0x0000000008000000                g_pfnVectors
                0x00000000080000bc                . = ALIGN (0x4)

.text           0x00000000080000c0     0x94d0
                0x00000000080000c0                . = ALIGN (0x4)
 *(.text)
 .text          0x00000000080000c0       0x48 c:/st/stm32cubeide_1.2.0/stm32cubeide/plugins/com.st.stm32cube.ide.mcu.externaltools.gnu-tools-for-stm32.7-2018-q2-update.win32_1.0.0.201904181610/tools/bin/../lib/gcc/arm-none-eabi/7.3.1/thumb/v6-m/crtbegin.o
 .text          0x0000000008000108      0x114 c:/st/stm32cubeide_1.2.0/stm32cubeide/plugins/com.st.stm32cube.ide.mcu.externaltools.gnu-tools-for-stm32.7-2018-q2-update.win32_1.0.0.201904181610/tools/bin/../lib/gcc/arm-none-eabi/7.3.1/thumb/v6-m\libgcc.a(_udivsi3.o)
                0x0000000008000108                __aeabi_uidiv
                0x0000000008000108                __udivsi3
                0x0000000008000214                __aeabi_uidivmod
 .text          0x000000000800021c      0x1d4 c:/st/stm32cubeide_1.2.0/stm32cubeide/plugins/com.st.stm32cube.ide.mcu.externaltools.gnu-tools-for-stm32.7-2018-q2-update.win32_1.0.0.201904181610/tools/bin/../lib/gcc/arm-none-eabi/7.3.1/thumb/v6-m\libgcc.a(_divsi3.o)
                0x000000000800021c                __divsi3
                0x000000000800021c                __aeabi_idiv
                0x00000000080003e8                __aeabi_idivmod
 .text          0x00000000080003f0        0x4 c:/st/stm32cubeide_1.2.0/stm32cubeide/plugins/com.st.stm32cube.ide.mcu.externaltools.gnu-tools-for-stm32.7-2018-q2-update.win32_1.0.0.201904181610/tools/bin/../lib/gcc/arm-none-eabi/7.3.1/thumb/v6-m\libgcc.a(_dvmd_tls.o)
                0x00000000080003f0                __aeabi_idiv0
                0x00000000080003f0                __aeabi_ldiv0
 .text          0x00000000080003f4       0x40 c:/st/stm32cubeide_1.2.0/stm32cubeide/plugins/com.st.stm32cube.ide.mcu.externaltools.gnu-tools-for-stm32.7-2018-q2-update.win32_1.0.0.201904181610/tools/bin/../lib/gcc/arm-none-eabi/7.3.1/thumb/v6-m\libgcc.a(_aeabi_uldivmod.o)
                0x00000000080003f4                __aeabi_uldivmod
 .text          0x0000000008000434      0x184 c:/st/stm32cubeide_1.2.0/stm32cubeide/plugins/com.st.stm32cube.ide.mcu.externaltools.gnu-tools-for-stm32.7-2018-q2-update.win32_1.0.0.201904181610/tools/bin/../lib/gcc/arm-none-eabi/7.3.1/thumb/v6-m\libgcc.a(_udivmoddi4.o)
                0x0000000008000434                __udivmoddi4
 .text          0x00000000080005b8       0x18 c:/st/stm32cubeide_1.2.0/stm32cubeide/plugins/com.st.stm32cube.ide.mcu.externaltools.gnu-tools-for-stm32.7-2018-q2-update.win32_1.0.0.201904181610/tools/bin/../lib/gcc/arm-none-eabi/7.3.1/thumb/v6-m\libgcc.a(_clzdi2.o)
                0x00000000080005b8                __clzdi2
 .text          0x00000000080005d0       0x3c c:/st/stm32cubeide_1.2.0/stm32cubeide/plugins/com.st.stm32cube.ide.mcu.externaltools.gnu-tools-for-stm32.7-2018-q2-update.win32_1.0.0.201904181610/tools/bin/../lib/gcc/arm-none-eabi/7.3.1/thumb/v6-m\libgcc.a(_clzsi2.o)
                0x00000000080005d0                __clzsi2
 *(.text*)
 .text.vApplicationGetIdleTaskMemory
                0x000000000800060c       0x30 Core/Src/app_freertos.o
                0x000000000800060c                vApplicationGetIdleTaskMemory
 .text.vApplicationGetTimerTaskMemory
                0x000000000800063c       0x30 Core/Src/app_freertos.o
                0x000000000800063c                vApplicationGetTimerTaskMemory
 .text.c_memset
                0x000000000800066c       0x54 Core/Src/common.o
                0x000000000800066c                c_memset
 .text.Cyclic_Init
                0x00000000080006c0       0x16 Core/Src/cyclic.o
                0x00000000080006c0                Cyclic_Init
 .text.cyclic_routine
                0x00000000080006d6       0x16 Core/Src/cyclic.o
 .text.CyclicTaskEntry
                0x00000000080006ec       0x48 Core/Src/cyclic.o
                0x00000000080006ec                CyclicTaskEntry
 .text.CallbackCyclicTimer
                0x0000000008000734       0x20 Core/Src/cyclic.o
                0x0000000008000734                CallbackCyclicTimer
 .text.main     0x0000000008000754      0x318 Core/Src/main.o
                0x0000000008000754                main
 .text.SystemClock_Config
                0x0000000008000a6c       0xcc Core/Src/main.o
                0x0000000008000a6c                SystemClock_Config
 .text.MX_USART1_UART_Init
                0x0000000008000b38       0x9c Core/Src/main.o
 .text.MX_USART2_UART_Init
                0x0000000008000bd4       0x9c Core/Src/main.o
 .text.MX_DMA_Init
                0x0000000008000c70       0x4c Core/Src/main.o
 .text.MX_GPIO_Init
                0x0000000008000cbc       0xc0 Core/Src/main.o
 .text.HAL_UART_TxCpltCallback
                0x0000000008000d7c       0x3c Core/Src/main.o
                0x0000000008000d7c                HAL_UART_TxCpltCallback
 .text.HAL_UART_RxCpltCallback
                0x0000000008000db8       0x3c Core/Src/main.o
                0x0000000008000db8                HAL_UART_RxCpltCallback
 .text.HAL_UART_ErrorCallback
                0x0000000008000df4       0x3c Core/Src/main.o
                0x0000000008000df4                HAL_UART_ErrorCallback
 .text.IdleTaskEntry
                0x0000000008000e30       0x10 Core/Src/main.o
                0x0000000008000e30                IdleTaskEntry
 .text.HAL_TIM_PeriodElapsedCallback
                0x0000000008000e40       0x24 Core/Src/main.o
                0x0000000008000e40                HAL_TIM_PeriodElapsedCallback
 .text.Error_Handler
                0x0000000008000e64        0xa Core/Src/main.o
                0x0000000008000e64                Error_Handler
 *fill*         0x0000000008000e6e        0x2 
 .text.MAIN_Init
                0x0000000008000e70       0x4c Core/Src/main_control.o
                0x0000000008000e70                MAIN_Init
 .text.init_cr_tx_dataset
                0x0000000008000ebc       0xd8 Core/Src/main_control.o
 .text.nor_yp_tx_dataset
                0x0000000008000f94       0xec Core/Src/main_control.o
 .text.MainControlTaskEntry
                0x0000000008001080      0x128 Core/Src/main_control.o
                0x0000000008001080                MainControlTaskEntry
 .text.parse_yprx_serial
                0x00000000080011a8       0x48 Core/Src/main_control.o
 .text.req_status
                0x00000000080011f0       0x4c Core/Src/main_control.o
                0x00000000080011f0                req_status
 .text.req_chgkind
                0x000000000800123c       0x1c Core/Src/main_control.o
                0x000000000800123c                req_chgkind
 .text.CR_SerialResponseCheak
                0x0000000008001258       0x6c Core/Src/main_control.o
                0x0000000008001258                CR_SerialResponseCheak
 .text.tsk000   0x00000000080012c4       0x24 Core/Src/main_control.o
                0x00000000080012c4                tsk000
 .text.tsk001   0x00000000080012e8       0x18 Core/Src/main_control.o
                0x00000000080012e8                tsk001
 .text.tsk002   0x0000000008001300       0x18 Core/Src/main_control.o
                0x0000000008001300                tsk002
 .text.tsk003   0x0000000008001318       0x18 Core/Src/main_control.o
                0x0000000008001318                tsk003
 .text.tsk004   0x0000000008001330       0x18 Core/Src/main_control.o
                0x0000000008001330                tsk004
 .text.tsk005   0x0000000008001348       0x18 Core/Src/main_control.o
                0x0000000008001348                tsk005
 .text.tsk006   0x0000000008001360       0x30 Core/Src/main_control.o
                0x0000000008001360                tsk006
 .text.tsk008   0x0000000008001390       0x6c Core/Src/main_control.o
                0x0000000008001390                tsk008
 .text.tsk009   0x00000000080013fc        0xa Core/Src/main_control.o
                0x00000000080013fc                tsk009
 *fill*         0x0000000008001406        0x2 
 .text.tsk010   0x0000000008001408       0x24 Core/Src/main_control.o
                0x0000000008001408                tsk010
 .text.tsk011   0x000000000800142c        0xa Core/Src/main_control.o
                0x000000000800142c                tsk011
 *fill*         0x0000000008001436        0x2 
 .text.tsk012   0x0000000008001438       0x24 Core/Src/main_control.o
                0x0000000008001438                tsk012
 .text.parse_crrx_serial
                0x000000000800145c       0x7c Core/Src/main_control.o
 .text.HAL_MspInit
                0x00000000080014d8       0x48 Core/Src/stm32g0xx_hal_msp.o
                0x00000000080014d8                HAL_MspInit
 .text.HAL_TIM_Base_MspInit
                0x0000000008001520       0x48 Core/Src/stm32g0xx_hal_msp.o
                0x0000000008001520                HAL_TIM_Base_MspInit
 .text.HAL_UART_MspInit
                0x0000000008001568      0x1dc Core/Src/stm32g0xx_hal_msp.o
                0x0000000008001568                HAL_UART_MspInit
 .text.HAL_InitTick
                0x0000000008001744       0xbc Core/Src/stm32g0xx_hal_timebase_tim.o
                0x0000000008001744                HAL_InitTick
 .text.NMI_Handler
                0x0000000008001800        0xa Core/Src/stm32g0xx_it.o
                0x0000000008001800                NMI_Handler
 .text.HardFault_Handler
                0x000000000800180a        0x6 Core/Src/stm32g0xx_it.o
                0x000000000800180a                HardFault_Handler
 .text.DMA1_Channel1_IRQHandler
                0x0000000008001810       0x18 Core/Src/stm32g0xx_it.o
                0x0000000008001810                DMA1_Channel1_IRQHandler
 .text.DMA1_Channel2_3_IRQHandler
                0x0000000008001828       0x18 Core/Src/stm32g0xx_it.o
                0x0000000008001828                DMA1_Channel2_3_IRQHandler
 .text.TIM2_IRQHandler
                0x0000000008001840       0x18 Core/Src/stm32g0xx_it.o
                0x0000000008001840                TIM2_IRQHandler
 .text.TIM14_IRQHandler
                0x0000000008001858       0x18 Core/Src/stm32g0xx_it.o
                0x0000000008001858                TIM14_IRQHandler
 .text.USART1_IRQHandler
                0x0000000008001870       0x18 Core/Src/stm32g0xx_it.o
                0x0000000008001870                USART1_IRQHandler
 .text.USART2_IRQHandler
                0x0000000008001888       0x18 Core/Src/stm32g0xx_it.o
                0x0000000008001888                USART2_IRQHandler
 .text.SystemInit
                0x00000000080018a0       0x18 Core/Src/system_stm32g0xx.o
                0x00000000080018a0                SystemInit
 .text.CR_Init  0x00000000080018b8       0x40 Core/Src/uart_cardreaderserial.o
                0x00000000080018b8                CR_Init
 .text.CR_SerialOpen
                0x00000000080018f8       0x4c Core/Src/uart_cardreaderserial.o
                0x00000000080018f8                CR_SerialOpen
 .text.cr_SerialInit
                0x0000000008001944       0x28 Core/Src/uart_cardreaderserial.o
                0x0000000008001944                cr_SerialInit
 .text.UART1_RxCpltCallback
                0x000000000800196c      0x198 Core/Src/uart_cardreaderserial.o
                0x000000000800196c                UART1_RxCpltCallback
 .text.UART1_ErrorCallback
                0x0000000008001b04        0xe Core/Src/uart_cardreaderserial.o
                0x0000000008001b04                UART1_ErrorCallback
 .text.cr_serial_checksum
                0x0000000008001b12       0x58 Core/Src/uart_cardreaderserial.o
 .text.idx_sum  0x0000000008001b6a       0x18 Core/Src/uart_cardreaderserial.o
 *fill*         0x0000000008001b82        0x2 
 .text.cr_ResetRxError
                0x0000000008001b84       0x34 Core/Src/uart_cardreaderserial.o
 .text.cr_ClearRxError
                0x0000000008001bb8       0x38 Core/Src/uart_cardreaderserial.o
 .text.CR_SerialRxCheak
                0x0000000008001bf0       0x44 Core/Src/uart_cardreaderserial.o
                0x0000000008001bf0                CR_SerialRxCheak
 .text.CrSerialRxTaskEntry
                0x0000000008001c34       0x64 Core/Src/uart_cardreaderserial.o
                0x0000000008001c34                CrSerialRxTaskEntry
 .text.CrSerialTxTaskEntry
                0x0000000008001c98       0x9c Core/Src/uart_cardreaderserial.o
                0x0000000008001c98                CrSerialTxTaskEntry
 .text.UART1_TxCpltCallback
                0x0000000008001d34       0x1c Core/Src/uart_cardreaderserial.o
                0x0000000008001d34                UART1_TxCpltCallback
 .text.tx_cr_serial
                0x0000000008001d50       0xd0 Core/Src/uart_cardreaderserial.o
 .text.parse_cr_serial
                0x0000000008001e20       0x90 Core/Src/uart_cardreaderserial.o
 .text.req_tx_cr_serial
                0x0000000008001eb0       0x3a Core/Src/uart_cardreaderserial.o
                0x0000000008001eb0                req_tx_cr_serial
 *fill*         0x0000000008001eea        0x2 
 .text.YP_Init  0x0000000008001eec       0x40 Core/Src/uart_ypserial.o
                0x0000000008001eec                YP_Init
 .text.YP_SerialOpen
                0x0000000008001f2c       0x4c Core/Src/uart_ypserial.o
                0x0000000008001f2c                YP_SerialOpen
 .text.yp_SerialInit
                0x0000000008001f78       0x28 Core/Src/uart_ypserial.o
                0x0000000008001f78                yp_SerialInit
 .text.UART2_RxCpltCallback
                0x0000000008001fa0      0x1a0 Core/Src/uart_ypserial.o
                0x0000000008001fa0                UART2_RxCpltCallback
 .text.UART2_ErrorCallback
                0x0000000008002140        0xe Core/Src/uart_ypserial.o
                0x0000000008002140                UART2_ErrorCallback
 .text.yp_serial_checksum
                0x000000000800214e       0x58 Core/Src/uart_ypserial.o
 .text.idx_sum  0x00000000080021a6       0x18 Core/Src/uart_ypserial.o
 *fill*         0x00000000080021be        0x2 
 .text.yp_ResetRxError
                0x00000000080021c0       0x34 Core/Src/uart_ypserial.o
 .text.yp_ClearRxError
                0x00000000080021f4       0x38 Core/Src/uart_ypserial.o
 .text.YP_SerialRxCheak
                0x000000000800222c       0x44 Core/Src/uart_ypserial.o
                0x000000000800222c                YP_SerialRxCheak
 .text.YpSerialRxTaskEntry
                0x0000000008002270       0x64 Core/Src/uart_ypserial.o
                0x0000000008002270                YpSerialRxTaskEntry
 .text.YpSerialTxTaskEntry
                0x00000000080022d4       0x9c Core/Src/uart_ypserial.o
                0x00000000080022d4                YpSerialTxTaskEntry
 .text.UART2_TxCpltCallback
                0x0000000008002370       0x1c Core/Src/uart_ypserial.o
                0x0000000008002370                UART2_TxCpltCallback
 .text.tx_yp_serial
                0x000000000800238c       0xcc Core/Src/uart_ypserial.o
 .text.parse_yp_serial
                0x0000000008002458      0x1a0 Core/Src/uart_ypserial.o
 .text.req_tx_yp_serial
                0x00000000080025f8       0x3c Core/Src/uart_ypserial.o
                0x00000000080025f8                req_tx_yp_serial
 .text.Reset_Handler
                0x0000000008002634       0x50 Core/Startup/startup_stm32g071gbux.o
                0x0000000008002634                Reset_Handler
 .text.Default_Handler
                0x0000000008002684        0x2 Core/Startup/startup_stm32g071gbux.o
                0x0000000008002684                USART3_4_LPUART1_IRQHandler
                0x0000000008002684                TIM1_CC_IRQHandler
                0x0000000008002684                ADC1_COMP_IRQHandler
                0x0000000008002684                PVD_IRQHandler
                0x0000000008002684                I2C1_IRQHandler
                0x0000000008002684                TIM7_LPTIM2_IRQHandler
                0x0000000008002684                RTC_TAMP_IRQHandler
                0x0000000008002684                SPI1_IRQHandler
                0x0000000008002684                EXTI2_3_IRQHandler
                0x0000000008002684                I2C2_IRQHandler
                0x0000000008002684                TIM17_IRQHandler
                0x0000000008002684                TIM16_IRQHandler
                0x0000000008002684                TIM3_IRQHandler
                0x0000000008002684                EXTI4_15_IRQHandler
                0x0000000008002684                RCC_IRQHandler
                0x0000000008002684                Default_Handler
                0x0000000008002684                CEC_IRQHandler
                0x0000000008002684                TIM15_IRQHandler
                0x0000000008002684                EXTI0_1_IRQHandler
                0x0000000008002684                SPI2_IRQHandler
                0x0000000008002684                TIM6_DAC_LPTIM1_IRQHandler
                0x0000000008002684                WWDG_IRQHandler
                0x0000000008002684                DMA1_Ch4_7_DMAMUX1_OVR_IRQHandler
                0x0000000008002684                UCPD1_2_IRQHandler
                0x0000000008002684                FLASH_IRQHandler
                0x0000000008002684                TIM1_BRK_UP_TRG_COM_IRQHandler
 *fill*         0x0000000008002686        0x2 
 .text.HAL_Init
                0x0000000008002688       0x40 Drivers/STM32G0xx_HAL_Driver/Src/stm32g0xx_hal.o
                0x0000000008002688                HAL_Init
 .text.HAL_IncTick
                0x00000000080026c8       0x20 Drivers/STM32G0xx_HAL_Driver/Src/stm32g0xx_hal.o
                0x00000000080026c8                HAL_IncTick
 .text.HAL_GetTick
                0x00000000080026e8       0x14 Drivers/STM32G0xx_HAL_Driver/Src/stm32g0xx_hal.o
                0x00000000080026e8                HAL_GetTick
 .text.__NVIC_EnableIRQ
                0x00000000080026fc       0x34 Drivers/STM32G0xx_HAL_Driver/Src/stm32g0xx_hal_cortex.o
 .text.__NVIC_SetPriority
                0x0000000008002730       0xdc Drivers/STM32G0xx_HAL_Driver/Src/stm32g0xx_hal_cortex.o
 .text.HAL_NVIC_SetPriority
                0x000000000800280c       0x2a Drivers/STM32G0xx_HAL_Driver/Src/stm32g0xx_hal_cortex.o
                0x000000000800280c                HAL_NVIC_SetPriority
 .text.HAL_NVIC_EnableIRQ
                0x0000000008002836       0x20 Drivers/STM32G0xx_HAL_Driver/Src/stm32g0xx_hal_cortex.o
                0x0000000008002836                HAL_NVIC_EnableIRQ
 *fill*         0x0000000008002856        0x2 
 .text.HAL_DMA_Init
                0x0000000008002858      0x114 Drivers/STM32G0xx_HAL_Driver/Src/stm32g0xx_hal_dma.o
                0x0000000008002858                HAL_DMA_Init
 .text.HAL_DMA_Start_IT
                0x000000000800296c      0x10e Drivers/STM32G0xx_HAL_Driver/Src/stm32g0xx_hal_dma.o
                0x000000000800296c                HAL_DMA_Start_IT
 *fill*         0x0000000008002a7a        0x2 
 .text.HAL_DMA_Abort_IT
                0x0000000008002a7c       0xf4 Drivers/STM32G0xx_HAL_Driver/Src/stm32g0xx_hal_dma.o
                0x0000000008002a7c                HAL_DMA_Abort_IT
 .text.HAL_DMA_IRQHandler
                0x0000000008002b70      0x164 Drivers/STM32G0xx_HAL_Driver/Src/stm32g0xx_hal_dma.o
                0x0000000008002b70                HAL_DMA_IRQHandler
 .text.DMA_SetConfig
                0x0000000008002cd4       0x80 Drivers/STM32G0xx_HAL_Driver/Src/stm32g0xx_hal_dma.o
 .text.DMA_CalcDMAMUXChannelBaseAndMask
                0x0000000008002d54       0x58 Drivers/STM32G0xx_HAL_Driver/Src/stm32g0xx_hal_dma.o
 .text.DMA_CalcDMAMUXRequestGenBaseAndMask
                0x0000000008002dac       0x48 Drivers/STM32G0xx_HAL_Driver/Src/stm32g0xx_hal_dma.o
 .text.HAL_GPIO_Init
                0x0000000008002df4      0x2c8 Drivers/STM32G0xx_HAL_Driver/Src/stm32g0xx_hal_gpio.o
                0x0000000008002df4                HAL_GPIO_Init
 .text.HAL_GPIO_WritePin
                0x00000000080030bc       0x3a Drivers/STM32G0xx_HAL_Driver/Src/stm32g0xx_hal_gpio.o
                0x00000000080030bc                HAL_GPIO_WritePin
 *fill*         0x00000000080030f6        0x2 
 .text.HAL_PWREx_ControlVoltageScaling
                0x00000000080030f8       0x80 Drivers/STM32G0xx_HAL_Driver/Src/stm32g0xx_hal_pwr_ex.o
                0x00000000080030f8                HAL_PWREx_ControlVoltageScaling
 .text.LL_RCC_GetAPB1Prescaler
                0x0000000008003178       0x18 Drivers/STM32G0xx_HAL_Driver/Src/stm32g0xx_hal_rcc.o
 .text.HAL_RCC_OscConfig
                0x0000000008003190      0x640 Drivers/STM32G0xx_HAL_Driver/Src/stm32g0xx_hal_rcc.o
                0x0000000008003190                HAL_RCC_OscConfig
 .text.HAL_RCC_ClockConfig
                0x00000000080037d0      0x210 Drivers/STM32G0xx_HAL_Driver/Src/stm32g0xx_hal_rcc.o
                0x00000000080037d0                HAL_RCC_ClockConfig
 .text.HAL_RCC_GetSysClockFreq
                0x00000000080039e0      0x104 Drivers/STM32G0xx_HAL_Driver/Src/stm32g0xx_hal_rcc.o
                0x00000000080039e0                HAL_RCC_GetSysClockFreq
 .text.HAL_RCC_GetHCLKFreq
                0x0000000008003ae4       0x14 Drivers/STM32G0xx_HAL_Driver/Src/stm32g0xx_hal_rcc.o
                0x0000000008003ae4                HAL_RCC_GetHCLKFreq
 .text.HAL_RCC_GetPCLK1Freq
                0x0000000008003af8       0x2c Drivers/STM32G0xx_HAL_Driver/Src/stm32g0xx_hal_rcc.o
                0x0000000008003af8                HAL_RCC_GetPCLK1Freq
 .text.HAL_RCC_GetClockConfig
                0x0000000008003b24       0x54 Drivers/STM32G0xx_HAL_Driver/Src/stm32g0xx_hal_rcc.o
                0x0000000008003b24                HAL_RCC_GetClockConfig
 .text.HAL_RCCEx_PeriphCLKConfig
                0x0000000008003b78      0x370 Drivers/STM32G0xx_HAL_Driver/Src/stm32g0xx_hal_rcc_ex.o
                0x0000000008003b78                HAL_RCCEx_PeriphCLKConfig
 .text.HAL_TIM_Base_Init
                0x0000000008003ee8       0x58 Drivers/STM32G0xx_HAL_Driver/Src/stm32g0xx_hal_tim.o
                0x0000000008003ee8                HAL_TIM_Base_Init
 .text.HAL_TIM_Base_Start_IT
                0x0000000008003f40       0x54 Drivers/STM32G0xx_HAL_Driver/Src/stm32g0xx_hal_tim.o
                0x0000000008003f40                HAL_TIM_Base_Start_IT
 .text.HAL_TIM_IRQHandler
                0x0000000008003f94      0x264 Drivers/STM32G0xx_HAL_Driver/Src/stm32g0xx_hal_tim.o
                0x0000000008003f94                HAL_TIM_IRQHandler
 .text.HAL_TIM_OC_DelayElapsedCallback
                0x00000000080041f8       0x10 Drivers/STM32G0xx_HAL_Driver/Src/stm32g0xx_hal_tim.o
                0x00000000080041f8                HAL_TIM_OC_DelayElapsedCallback
 .text.HAL_TIM_IC_CaptureCallback
                0x0000000008004208       0x10 Drivers/STM32G0xx_HAL_Driver/Src/stm32g0xx_hal_tim.o
                0x0000000008004208                HAL_TIM_IC_CaptureCallback
 .text.HAL_TIM_PWM_PulseFinishedCallback
                0x0000000008004218       0x10 Drivers/STM32G0xx_HAL_Driver/Src/stm32g0xx_hal_tim.o
                0x0000000008004218                HAL_TIM_PWM_PulseFinishedCallback
 .text.HAL_TIM_TriggerCallback
                0x0000000008004228       0x10 Drivers/STM32G0xx_HAL_Driver/Src/stm32g0xx_hal_tim.o
                0x0000000008004228                HAL_TIM_TriggerCallback
 .text.TIM_Base_SetConfig
                0x0000000008004238      0x100 Drivers/STM32G0xx_HAL_Driver/Src/stm32g0xx_hal_tim.o
                0x0000000008004238                TIM_Base_SetConfig
 .text.HAL_TIMEx_CommutCallback
                0x0000000008004338       0x10 Drivers/STM32G0xx_HAL_Driver/Src/stm32g0xx_hal_tim_ex.o
                0x0000000008004338                HAL_TIMEx_CommutCallback
 .text.HAL_TIMEx_BreakCallback
                0x0000000008004348       0x10 Drivers/STM32G0xx_HAL_Driver/Src/stm32g0xx_hal_tim_ex.o
                0x0000000008004348                HAL_TIMEx_BreakCallback
 .text.HAL_TIMEx_Break2Callback
                0x0000000008004358       0x10 Drivers/STM32G0xx_HAL_Driver/Src/stm32g0xx_hal_tim_ex.o
                0x0000000008004358                HAL_TIMEx_Break2Callback
 .text.HAL_UART_Init
                0x0000000008004368       0xac Drivers/STM32G0xx_HAL_Driver/Src/stm32g0xx_hal_uart.o
                0x0000000008004368                HAL_UART_Init
 .text.HAL_UART_Receive_IT
                0x0000000008004414      0x1e8 Drivers/STM32G0xx_HAL_Driver/Src/stm32g0xx_hal_uart.o
                0x0000000008004414                HAL_UART_Receive_IT
 .text.HAL_UART_Transmit_DMA
                0x00000000080045fc      0x128 Drivers/STM32G0xx_HAL_Driver/Src/stm32g0xx_hal_uart.o
                0x00000000080045fc                HAL_UART_Transmit_DMA
 .text.HAL_UART_IRQHandler
                0x0000000008004724      0x2bc Drivers/STM32G0xx_HAL_Driver/Src/stm32g0xx_hal_uart.o
                0x0000000008004724                HAL_UART_IRQHandler
 .text.HAL_UART_TxHalfCpltCallback
                0x00000000080049e0       0x10 Drivers/STM32G0xx_HAL_Driver/Src/stm32g0xx_hal_uart.o
                0x00000000080049e0                HAL_UART_TxHalfCpltCallback
 .text.UART_SetConfig
                0x00000000080049f0     0x11e8 Drivers/STM32G0xx_HAL_Driver/Src/stm32g0xx_hal_uart.o
                0x00000000080049f0                UART_SetConfig
 .text.UART_AdvFeatureConfig
                0x0000000008005bd8      0x168 Drivers/STM32G0xx_HAL_Driver/Src/stm32g0xx_hal_uart.o
                0x0000000008005bd8                UART_AdvFeatureConfig
 .text.UART_CheckIdleState
                0x0000000008005d40       0x94 Drivers/STM32G0xx_HAL_Driver/Src/stm32g0xx_hal_uart.o
                0x0000000008005d40                UART_CheckIdleState
 .text.UART_WaitOnFlagUntilTimeout
                0x0000000008005dd4       0x98 Drivers/STM32G0xx_HAL_Driver/Src/stm32g0xx_hal_uart.o
                0x0000000008005dd4                UART_WaitOnFlagUntilTimeout
 .text.UART_EndTxTransfer
                0x0000000008005e6c       0x3c Drivers/STM32G0xx_HAL_Driver/Src/stm32g0xx_hal_uart.o
 .text.UART_EndRxTransfer
                0x0000000008005ea8       0x48 Drivers/STM32G0xx_HAL_Driver/Src/stm32g0xx_hal_uart.o
 .text.UART_DMATransmitCplt
                0x0000000008005ef0       0x54 Drivers/STM32G0xx_HAL_Driver/Src/stm32g0xx_hal_uart.o
 .text.UART_DMATxHalfCplt
                0x0000000008005f44       0x1e Drivers/STM32G0xx_HAL_Driver/Src/stm32g0xx_hal_uart.o
 .text.UART_DMAError
                0x0000000008005f62       0x86 Drivers/STM32G0xx_HAL_Driver/Src/stm32g0xx_hal_uart.o
 .text.UART_DMAAbortOnError
                0x0000000008005fe8       0x2e Drivers/STM32G0xx_HAL_Driver/Src/stm32g0xx_hal_uart.o
 .text.UART_EndTransmit_IT
                0x0000000008006016       0x36 Drivers/STM32G0xx_HAL_Driver/Src/stm32g0xx_hal_uart.o
 .text.UART_RxISR_8BIT
                0x000000000800604c       0xc0 Drivers/STM32G0xx_HAL_Driver/Src/stm32g0xx_hal_uart.o
 .text.UART_RxISR_16BIT
                0x000000000800610c       0xc0 Drivers/STM32G0xx_HAL_Driver/Src/stm32g0xx_hal_uart.o
 .text.UART_RxISR_8BIT_FIFOEN
                0x00000000080061cc      0x13c Drivers/STM32G0xx_HAL_Driver/Src/stm32g0xx_hal_uart.o
 .text.UART_RxISR_16BIT_FIFOEN
                0x0000000008006308      0x13c Drivers/STM32G0xx_HAL_Driver/Src/stm32g0xx_hal_uart.o
 .text.HAL_UARTEx_WakeupCallback
                0x0000000008006444       0x10 Drivers/STM32G0xx_HAL_Driver/Src/stm32g0xx_hal_uart_ex.o
                0x0000000008006444                HAL_UARTEx_WakeupCallback
 .text.HAL_UARTEx_RxFifoFullCallback
                0x0000000008006454       0x10 Drivers/STM32G0xx_HAL_Driver/Src/stm32g0xx_hal_uart_ex.o
                0x0000000008006454                HAL_UARTEx_RxFifoFullCallback
 .text.HAL_UARTEx_TxFifoEmptyCallback
                0x0000000008006464       0x10 Drivers/STM32G0xx_HAL_Driver/Src/stm32g0xx_hal_uart_ex.o
                0x0000000008006464                HAL_UARTEx_TxFifoEmptyCallback
 .text.HAL_UARTEx_DisableFifoMode
                0x0000000008006474       0x74 Drivers/STM32G0xx_HAL_Driver/Src/stm32g0xx_hal_uart_ex.o
                0x0000000008006474                HAL_UARTEx_DisableFifoMode
 .text.HAL_UARTEx_SetTxFifoThreshold
                0x00000000080064e8       0x7e Drivers/STM32G0xx_HAL_Driver/Src/stm32g0xx_hal_uart_ex.o
                0x00000000080064e8                HAL_UARTEx_SetTxFifoThreshold
 *fill*         0x0000000008006566        0x2 
 .text.HAL_UARTEx_SetRxFifoThreshold
                0x0000000008006568       0x84 Drivers/STM32G0xx_HAL_Driver/Src/stm32g0xx_hal_uart_ex.o
                0x0000000008006568                HAL_UARTEx_SetRxFifoThreshold
 .text.UARTEx_SetNbDataToProcess
                0x00000000080065ec       0xd4 Drivers/STM32G0xx_HAL_Driver/Src/stm32g0xx_hal_uart_ex.o
 .text.makeFreeRtosPriority
                0x00000000080066c0       0x32 Middlewares/Third_Party/FreeRTOS/Source/CMSIS_RTOS/cmsis_os.o
 .text.inHandlerMode
                0x00000000080066f2       0x1c Middlewares/Third_Party/FreeRTOS/Source/CMSIS_RTOS/cmsis_os.o
 .text.osKernelStart
                0x000000000800670e       0x10 Middlewares/Third_Party/FreeRTOS/Source/CMSIS_RTOS/cmsis_os.o
                0x000000000800670e                osKernelStart
 .text.osThreadCreate
                0x000000000800671e       0x9a Middlewares/Third_Party/FreeRTOS/Source/CMSIS_RTOS/cmsis_os.o
                0x000000000800671e                osThreadCreate
 .text.osDelay  0x00000000080067b8       0x28 Middlewares/Third_Party/FreeRTOS/Source/CMSIS_RTOS/cmsis_os.o
                0x00000000080067b8                osDelay
 .text.osTimerCreate
                0x00000000080067e0       0x78 Middlewares/Third_Party/FreeRTOS/Source/CMSIS_RTOS/cmsis_os.o
                0x00000000080067e0                osTimerCreate
 .text.osTimerStart
                0x0000000008006858       0x80 Middlewares/Third_Party/FreeRTOS/Source/CMSIS_RTOS/cmsis_os.o
                0x0000000008006858                osTimerStart
 .text.osSignalSet
                0x00000000080068d8       0x74 Middlewares/Third_Party/FreeRTOS/Source/CMSIS_RTOS/cmsis_os.o
                0x00000000080068d8                osSignalSet
 .text.osSignalWait
                0x000000000800694c       0xac Middlewares/Third_Party/FreeRTOS/Source/CMSIS_RTOS/cmsis_os.o
                0x000000000800694c                osSignalWait
 .text.osPoolCreate
                0x00000000080069f8       0xc2 Middlewares/Third_Party/FreeRTOS/Source/CMSIS_RTOS/cmsis_os.o
                0x00000000080069f8                osPoolCreate
 .text.osPoolAlloc
                0x0000000008006aba       0xa8 Middlewares/Third_Party/FreeRTOS/Source/CMSIS_RTOS/cmsis_os.o
                0x0000000008006aba                osPoolAlloc
 .text.osPoolFree
                0x0000000008006b62       0x80 Middlewares/Third_Party/FreeRTOS/Source/CMSIS_RTOS/cmsis_os.o
                0x0000000008006b62                osPoolFree
 .text.osMessageCreate
                0x0000000008006be2       0x52 Middlewares/Third_Party/FreeRTOS/Source/CMSIS_RTOS/cmsis_os.o
                0x0000000008006be2                osMessageCreate
 .text.osMailCreate
                0x0000000008006c34       0xb8 Middlewares/Third_Party/FreeRTOS/Source/CMSIS_RTOS/cmsis_os.o
                0x0000000008006c34                osMailCreate
 .text.osMailAlloc
                0x0000000008006cec       0x2c Middlewares/Third_Party/FreeRTOS/Source/CMSIS_RTOS/cmsis_os.o
                0x0000000008006cec                osMailAlloc
 .text.osMailPut
                0x0000000008006d18       0x70 Middlewares/Third_Party/FreeRTOS/Source/CMSIS_RTOS/cmsis_os.o
                0x0000000008006d18                osMailPut
 .text.osMailGet
                0x0000000008006d88       0xe4 Middlewares/Third_Party/FreeRTOS/Source/CMSIS_RTOS/cmsis_os.o
                0x0000000008006d88                osMailGet
 .text.osMailFree
                0x0000000008006e6c       0x2c Middlewares/Third_Party/FreeRTOS/Source/CMSIS_RTOS/cmsis_os.o
                0x0000000008006e6c                osMailFree
 .text.vListInitialise
                0x0000000008006e98       0x3c Middlewares/Third_Party/FreeRTOS/Source/list.o
                0x0000000008006e98                vListInitialise
 .text.vListInitialiseItem
                0x0000000008006ed4       0x16 Middlewares/Third_Party/FreeRTOS/Source/list.o
                0x0000000008006ed4                vListInitialiseItem
 .text.vListInsertEnd
                0x0000000008006eea       0x44 Middlewares/Third_Party/FreeRTOS/Source/list.o
                0x0000000008006eea                vListInsertEnd
 .text.vListInsert
                0x0000000008006f2e       0x6c Middlewares/Third_Party/FreeRTOS/Source/list.o
                0x0000000008006f2e                vListInsert
 .text.uxListRemove
                0x0000000008006f9a       0x50 Middlewares/Third_Party/FreeRTOS/Source/list.o
                0x0000000008006f9a                uxListRemove
 .text.xQueueGenericReset
                0x0000000008006fea       0xa8 Middlewares/Third_Party/FreeRTOS/Source/queue.o
                0x0000000008006fea                xQueueGenericReset
 .text.xQueueGenericCreateStatic
                0x0000000008007092       0x96 Middlewares/Third_Party/FreeRTOS/Source/queue.o
                0x0000000008007092                xQueueGenericCreateStatic
 .text.xQueueGenericCreate
                0x0000000008007128       0x6c Middlewares/Third_Party/FreeRTOS/Source/queue.o
                0x0000000008007128                xQueueGenericCreate
 .text.prvInitialiseNewQueue
                0x0000000008007194       0x44 Middlewares/Third_Party/FreeRTOS/Source/queue.o
 .text.xQueueGenericSend
                0x00000000080071d8      0x188 Middlewares/Third_Party/FreeRTOS/Source/queue.o
                0x00000000080071d8                xQueueGenericSend
 .text.xQueueGenericSendFromISR
                0x0000000008007360       0xe2 Middlewares/Third_Party/FreeRTOS/Source/queue.o
                0x0000000008007360                xQueueGenericSendFromISR
 .text.xQueueReceive
                0x0000000008007442      0x16a Middlewares/Third_Party/FreeRTOS/Source/queue.o
                0x0000000008007442                xQueueReceive
 .text.xQueueReceiveFromISR
                0x00000000080075ac       0xc6 Middlewares/Third_Party/FreeRTOS/Source/queue.o
                0x00000000080075ac                xQueueReceiveFromISR
 .text.prvCopyDataToQueue
                0x0000000008007672       0xd6 Middlewares/Third_Party/FreeRTOS/Source/queue.o
 .text.prvCopyDataFromQueue
                0x0000000008007748       0x4c Middlewares/Third_Party/FreeRTOS/Source/queue.o
 .text.prvUnlockQueue
                0x0000000008007794       0xbc Middlewares/Third_Party/FreeRTOS/Source/queue.o
 .text.prvIsQueueEmpty
                0x0000000008007850       0x2c Middlewares/Third_Party/FreeRTOS/Source/queue.o
 .text.prvIsQueueFull
                0x000000000800787c       0x30 Middlewares/Third_Party/FreeRTOS/Source/queue.o
 .text.vQueueAddToRegistry
                0x00000000080078ac       0x50 Middlewares/Third_Party/FreeRTOS/Source/queue.o
                0x00000000080078ac                vQueueAddToRegistry
 .text.vQueueWaitForMessageRestricted
                0x00000000080078fc       0x66 Middlewares/Third_Party/FreeRTOS/Source/queue.o
                0x00000000080078fc                vQueueWaitForMessageRestricted
 .text.xTaskCreateStatic
                0x0000000008007962       0x86 Middlewares/Third_Party/FreeRTOS/Source/tasks.o
                0x0000000008007962                xTaskCreateStatic
 .text.xTaskCreate
                0x00000000080079e8       0x98 Middlewares/Third_Party/FreeRTOS/Source/tasks.o
                0x00000000080079e8                xTaskCreate
 .text.prvInitialiseNewTask
                0x0000000008007a80       0xf4 Middlewares/Third_Party/FreeRTOS/Source/tasks.o
 .text.prvAddNewTaskToReadyList
                0x0000000008007b74       0xc8 Middlewares/Third_Party/FreeRTOS/Source/tasks.o
 .text.vTaskDelay
                0x0000000008007c3c       0x4c Middlewares/Third_Party/FreeRTOS/Source/tasks.o
                0x0000000008007c3c                vTaskDelay
 .text.vTaskStartScheduler
                0x0000000008007c88       0xa8 Middlewares/Third_Party/FreeRTOS/Source/tasks.o
                0x0000000008007c88                vTaskStartScheduler
 .text.vTaskSuspendAll
                0x0000000008007d30       0x18 Middlewares/Third_Party/FreeRTOS/Source/tasks.o
                0x0000000008007d30                vTaskSuspendAll
 .text.xTaskResumeAll
                0x0000000008007d48      0x118 Middlewares/Third_Party/FreeRTOS/Source/tasks.o
                0x0000000008007d48                xTaskResumeAll
 .text.xTaskGetTickCount
                0x0000000008007e60       0x1c Middlewares/Third_Party/FreeRTOS/Source/tasks.o
                0x0000000008007e60                xTaskGetTickCount
 .text.xTaskIncrementTick
                0x0000000008007e7c      0x168 Middlewares/Third_Party/FreeRTOS/Source/tasks.o
                0x0000000008007e7c                xTaskIncrementTick
 .text.vTaskSwitchContext
                0x0000000008007fe4       0xa4 Middlewares/Third_Party/FreeRTOS/Source/tasks.o
                0x0000000008007fe4                vTaskSwitchContext
 .text.vTaskPlaceOnEventList
                0x0000000008008088       0x3c Middlewares/Third_Party/FreeRTOS/Source/tasks.o
                0x0000000008008088                vTaskPlaceOnEventList
 .text.vTaskPlaceOnEventListRestricted
                0x00000000080080c4       0x4c Middlewares/Third_Party/FreeRTOS/Source/tasks.o
                0x00000000080080c4                vTaskPlaceOnEventListRestricted
 .text.xTaskRemoveFromEventList
                0x0000000008008110       0xb8 Middlewares/Third_Party/FreeRTOS/Source/tasks.o
                0x0000000008008110                xTaskRemoveFromEventList
 .text.vTaskInternalSetTimeOutState
                0x00000000080081c8       0x28 Middlewares/Third_Party/FreeRTOS/Source/tasks.o
                0x00000000080081c8                vTaskInternalSetTimeOutState
 .text.xTaskCheckForTimeOut
                0x00000000080081f0       0xa0 Middlewares/Third_Party/FreeRTOS/Source/tasks.o
                0x00000000080081f0                xTaskCheckForTimeOut
 .text.vTaskMissedYield
                0x0000000008008290       0x14 Middlewares/Third_Party/FreeRTOS/Source/tasks.o
                0x0000000008008290                vTaskMissedYield
 .text.prvIdleTask
                0x00000000080082a4       0x20 Middlewares/Third_Party/FreeRTOS/Source/tasks.o
 .text.prvInitialiseTaskLists
                0x00000000080082c4       0x88 Middlewares/Third_Party/FreeRTOS/Source/tasks.o
 .text.prvCheckTasksWaitingTermination
                0x000000000800834c       0x5c Middlewares/Third_Party/FreeRTOS/Source/tasks.o
 .text.prvDeleteTCB
                0x00000000080083a8       0x50 Middlewares/Third_Party/FreeRTOS/Source/tasks.o
 .text.prvResetNextTaskUnblockTime
                0x00000000080083f8       0x48 Middlewares/Third_Party/FreeRTOS/Source/tasks.o
 .text.xTaskGetSchedulerState
                0x0000000008008440       0x38 Middlewares/Third_Party/FreeRTOS/Source/tasks.o
                0x0000000008008440                xTaskGetSchedulerState
 .text.xTaskPriorityDisinherit
                0x0000000008008478       0xb8 Middlewares/Third_Party/FreeRTOS/Source/tasks.o
                0x0000000008008478                xTaskPriorityDisinherit
 .text.xTaskNotifyWait
                0x0000000008008530       0xa8 Middlewares/Third_Party/FreeRTOS/Source/tasks.o
                0x0000000008008530                xTaskNotifyWait
 .text.xTaskGenericNotify
                0x00000000080085d8      0x118 Middlewares/Third_Party/FreeRTOS/Source/tasks.o
                0x00000000080085d8                xTaskGenericNotify
 .text.xTaskGenericNotifyFromISR
                0x00000000080086f0      0x154 Middlewares/Third_Party/FreeRTOS/Source/tasks.o
                0x00000000080086f0                xTaskGenericNotifyFromISR
 .text.prvAddCurrentTaskToDelayedList
                0x0000000008008844       0xa8 Middlewares/Third_Party/FreeRTOS/Source/tasks.o
 .text.xTimerCreateTimerTask
                0x00000000080088ec       0x7c Middlewares/Third_Party/FreeRTOS/Source/timers.o
                0x00000000080088ec                xTimerCreateTimerTask
 .text.xTimerCreate
                0x0000000008008968       0x46 Middlewares/Third_Party/FreeRTOS/Source/timers.o
                0x0000000008008968                xTimerCreate
 .text.xTimerCreateStatic
                0x00000000080089ae       0x58 Middlewares/Third_Party/FreeRTOS/Source/timers.o
                0x00000000080089ae                xTimerCreateStatic
 .text.prvInitialiseNewTimer
                0x0000000008008a06       0x52 Middlewares/Third_Party/FreeRTOS/Source/timers.o
 .text.xTimerGenericCommand
                0x0000000008008a58       0x98 Middlewares/Third_Party/FreeRTOS/Source/timers.o
                0x0000000008008a58                xTimerGenericCommand
 .text.prvProcessExpiredTimer
                0x0000000008008af0       0x70 Middlewares/Third_Party/FreeRTOS/Source/timers.o
 .text.prvTimerTask
                0x0000000008008b60       0x28 Middlewares/Third_Party/FreeRTOS/Source/timers.o
 .text.prvProcessTimerOrBlockTask
                0x0000000008008b88       0x8c Middlewares/Third_Party/FreeRTOS/Source/timers.o
 .text.prvGetNextExpireTime
                0x0000000008008c14       0x40 Middlewares/Third_Party/FreeRTOS/Source/timers.o
 .text.prvSampleTimeNow
                0x0000000008008c54       0x40 Middlewares/Third_Party/FreeRTOS/Source/timers.o
 .text.prvInsertTimerInActiveList
                0x0000000008008c94       0x84 Middlewares/Third_Party/FreeRTOS/Source/timers.o
 .text.prvProcessReceivedCommands
                0x0000000008008d18      0x108 Middlewares/Third_Party/FreeRTOS/Source/timers.o
 .text.prvSwitchTimerLists
                0x0000000008008e20       0xb4 Middlewares/Third_Party/FreeRTOS/Source/timers.o
 .text.prvCheckForValidListAndQueue
                0x0000000008008ed4       0x88 Middlewares/Third_Party/FreeRTOS/Source/timers.o
 .text.pxPortInitialiseStack
                0x0000000008008f5c       0x54 Middlewares/Third_Party/FreeRTOS/Source/portable/GCC/ARM_CM0/port.o
                0x0000000008008f5c                pxPortInitialiseStack
 .text.prvTaskExitError
                0x0000000008008fb0       0x2c Middlewares/Third_Party/FreeRTOS/Source/portable/GCC/ARM_CM0/port.o
 .text.SVC_Handler
                0x0000000008008fdc        0xa Middlewares/Third_Party/FreeRTOS/Source/portable/GCC/ARM_CM0/port.o
                0x0000000008008fdc                SVC_Handler
 *fill*         0x0000000008008fe6        0xa 
 .text.vPortStartFirstTask
                0x0000000008008ff0       0x38 Middlewares/Third_Party/FreeRTOS/Source/portable/GCC/ARM_CM0/port.o
 .text.xPortStartScheduler
                0x0000000008009028       0x48 Middlewares/Third_Party/FreeRTOS/Source/portable/GCC/ARM_CM0/port.o
                0x0000000008009028                xPortStartScheduler
 .text.vPortYield
                0x0000000008009070       0x20 Middlewares/Third_Party/FreeRTOS/Source/portable/GCC/ARM_CM0/port.o
                0x0000000008009070                vPortYield
 .text.vPortEnterCritical
                0x0000000008009090       0x24 Middlewares/Third_Party/FreeRTOS/Source/portable/GCC/ARM_CM0/port.o
                0x0000000008009090                vPortEnterCritical
 .text.vPortExitCritical
                0x00000000080090b4       0x30 Middlewares/Third_Party/FreeRTOS/Source/portable/GCC/ARM_CM0/port.o
                0x00000000080090b4                vPortExitCritical
 .text.ulSetInterruptMaskFromISR
                0x00000000080090e4        0xc Middlewares/Third_Party/FreeRTOS/Source/portable/GCC/ARM_CM0/port.o
                0x00000000080090e4                ulSetInterruptMaskFromISR
 .text.vClearInterruptMaskFromISR
                0x00000000080090f0        0x8 Middlewares/Third_Party/FreeRTOS/Source/portable/GCC/ARM_CM0/port.o
                0x00000000080090f0                vClearInterruptMaskFromISR
 *fill*         0x00000000080090f8        0x8 
 .text.PendSV_Handler
                0x0000000008009100       0x48 Middlewares/Third_Party/FreeRTOS/Source/portable/GCC/ARM_CM0/port.o
                0x0000000008009100                PendSV_Handler
 .text.SysTick_Handler
                0x0000000008009148       0x34 Middlewares/Third_Party/FreeRTOS/Source/portable/GCC/ARM_CM0/port.o
                0x0000000008009148                SysTick_Handler
 .text.prvSetupTimerInterrupt
                0x000000000800917c       0x44 Middlewares/Third_Party/FreeRTOS/Source/portable/GCC/ARM_CM0/port.o
 .text.pvPortMalloc
                0x00000000080091c0      0x14c Middlewares/Third_Party/FreeRTOS/Source/portable/MemMang/heap_4.o
                0x00000000080091c0                pvPortMalloc
 .text.vPortFree
                0x000000000800930c       0x90 Middlewares/Third_Party/FreeRTOS/Source/portable/MemMang/heap_4.o
                0x000000000800930c                vPortFree
 .text.prvHeapInit
                0x000000000800939c       0xc0 Middlewares/Third_Party/FreeRTOS/Source/portable/MemMang/heap_4.o
 .text.prvInsertBlockIntoFreeList
                0x000000000800945c       0xb0 Middlewares/Third_Party/FreeRTOS/Source/portable/MemMang/heap_4.o
 .text.__libc_init_array
                0x000000000800950c       0x48 c:/st/stm32cubeide_1.2.0/stm32cubeide/plugins/com.st.stm32cube.ide.mcu.externaltools.gnu-tools-for-stm32.7-2018-q2-update.win32_1.0.0.201904181610/tools/bin/../lib/gcc/arm-none-eabi/7.3.1/../../../../arm-none-eabi/lib/thumb/v6-m\libc_nano.a(lib_a-init.o)
                0x000000000800950c                __libc_init_array
 .text.memcpy   0x0000000008009554       0x12 c:/st/stm32cubeide_1.2.0/stm32cubeide/plugins/com.st.stm32cube.ide.mcu.externaltools.gnu-tools-for-stm32.7-2018-q2-update.win32_1.0.0.201904181610/tools/bin/../lib/gcc/arm-none-eabi/7.3.1/../../../../arm-none-eabi/lib/thumb/v6-m\libc_nano.a(lib_a-memcpy-stub.o)
                0x0000000008009554                memcpy
 .text.memset   0x0000000008009566       0x10 c:/st/stm32cubeide_1.2.0/stm32cubeide/plugins/com.st.stm32cube.ide.mcu.externaltools.gnu-tools-for-stm32.7-2018-q2-update.win32_1.0.0.201904181610/tools/bin/../lib/gcc/arm-none-eabi/7.3.1/../../../../arm-none-eabi/lib/thumb/v6-m\libc_nano.a(lib_a-memset.o)
                0x0000000008009566                memset
 *(.glue_7)
 .glue_7        0x0000000008009576        0x0 linker stubs
 *(.glue_7t)
 .glue_7t       0x0000000008009576        0x0 linker stubs
 *(.eh_frame)
 *fill*         0x0000000008009576        0x2 
 .eh_frame      0x0000000008009578        0x0 c:/st/stm32cubeide_1.2.0/stm32cubeide/plugins/com.st.stm32cube.ide.mcu.externaltools.gnu-tools-for-stm32.7-2018-q2-update.win32_1.0.0.201904181610/tools/bin/../lib/gcc/arm-none-eabi/7.3.1/thumb/v6-m/crtbegin.o
 *(.init)
 .init          0x0000000008009578        0x4 c:/st/stm32cubeide_1.2.0/stm32cubeide/plugins/com.st.stm32cube.ide.mcu.externaltools.gnu-tools-for-stm32.7-2018-q2-update.win32_1.0.0.201904181610/tools/bin/../lib/gcc/arm-none-eabi/7.3.1/thumb/v6-m/crti.o
                0x0000000008009578                _init
 .init          0x000000000800957c        0x8 c:/st/stm32cubeide_1.2.0/stm32cubeide/plugins/com.st.stm32cube.ide.mcu.externaltools.gnu-tools-for-stm32.7-2018-q2-update.win32_1.0.0.201904181610/tools/bin/../lib/gcc/arm-none-eabi/7.3.1/thumb/v6-m/crtn.o
 *(.fini)
 .fini          0x0000000008009584        0x4 c:/st/stm32cubeide_1.2.0/stm32cubeide/plugins/com.st.stm32cube.ide.mcu.externaltools.gnu-tools-for-stm32.7-2018-q2-update.win32_1.0.0.201904181610/tools/bin/../lib/gcc/arm-none-eabi/7.3.1/thumb/v6-m/crti.o
                0x0000000008009584                _fini
 .fini          0x0000000008009588        0x8 c:/st/stm32cubeide_1.2.0/stm32cubeide/plugins/com.st.stm32cube.ide.mcu.externaltools.gnu-tools-for-stm32.7-2018-q2-update.win32_1.0.0.201904181610/tools/bin/../lib/gcc/arm-none-eabi/7.3.1/thumb/v6-m/crtn.o
                0x0000000008009590                . = ALIGN (0x4)
                0x0000000008009590                _etext = .

.vfp11_veneer   0x0000000008009590        0x0
 .vfp11_veneer  0x0000000008009590        0x0 linker stubs

.v4_bx          0x0000000008009590        0x0
 .v4_bx         0x0000000008009590        0x0 linker stubs

.iplt           0x0000000008009590        0x0
 .iplt          0x0000000008009590        0x0 c:/st/stm32cubeide_1.2.0/stm32cubeide/plugins/com.st.stm32cube.ide.mcu.externaltools.gnu-tools-for-stm32.7-2018-q2-update.win32_1.0.0.201904181610/tools/bin/../lib/gcc/arm-none-eabi/7.3.1/thumb/v6-m/crtbegin.o

.rodata         0x0000000008009590      0x3b4
                0x0000000008009590                . = ALIGN (0x4)
 *(.rodata)
 .rodata        0x0000000008009590      0x14c Core/Src/main.o
 .rodata        0x00000000080096dc       0x10 Drivers/STM32G0xx_HAL_Driver/Src/stm32g0xx_hal_uart_ex.o
 .rodata        0x00000000080096ec        0x1 Middlewares/Third_Party/FreeRTOS/Source/CMSIS_RTOS/cmsis_os.o
 *fill*         0x00000000080096ed        0x3 
 .rodata        0x00000000080096f0        0x5 Middlewares/Third_Party/FreeRTOS/Source/tasks.o
 *fill*         0x00000000080096f5        0x3 
 .rodata        0x00000000080096f8        0xd Middlewares/Third_Party/FreeRTOS/Source/timers.o
 *(.rodata*)
 *fill*         0x0000000008009705        0x3 
 .rodata.TBL_STR_SETINVENTORY
                0x0000000008009708       0x12 Core/Src/main_control.o
                0x0000000008009708                TBL_STR_SETINVENTORY
 *fill*         0x000000000800971a        0x2 
 .rodata.TBL_STR_SETCOMMOD1
                0x000000000800971c        0x4 Core/Src/main_control.o
                0x000000000800971c                TBL_STR_SETCOMMOD1
 .rodata.TBL_STR_SETMODE
                0x0000000008009720       0x10 Core/Src/main_control.o
                0x0000000008009720                TBL_STR_SETMODE
 .rodata.TBL_STR_SETCOMMOD2
                0x0000000008009730        0x4 Core/Src/main_control.o
                0x0000000008009730                TBL_STR_SETCOMMOD2
 .rodata.TBL_STR_REQMODE1
                0x0000000008009734        0x6 Core/Src/main_control.o
                0x0000000008009734                TBL_STR_REQMODE1
 *fill*         0x000000000800973a        0x2 
 .rodata.TBL_STR_REQMODE2
                0x000000000800973c        0x6 Core/Src/main_control.o
                0x000000000800973c                TBL_STR_REQMODE2
 *fill*         0x0000000008009742        0x2 
 .rodata.TBL_STR_REQMODE3
                0x0000000008009744        0x6 Core/Src/main_control.o
                0x0000000008009744                TBL_STR_REQMODE3
 *fill*         0x000000000800974a        0x2 
 .rodata.TBL_STR_TERM
                0x000000000800974c        0x4 Core/Src/main_control.o
                0x000000000800974c                TBL_STR_TERM
 .rodata.CR_TX_INI_DATA_TBL
                0x0000000008009750       0x40 Core/Src/main_control.o
                0x0000000008009750                CR_TX_INI_DATA_TBL
 .rodata.TBL_STR_ANSSTATUS
                0x0000000008009790        0x8 Core/Src/main_control.o
                0x0000000008009790                TBL_STR_ANSSTATUS
 .rodata.TBL_STR_ANSRESET
                0x0000000008009798        0x4 Core/Src/main_control.o
                0x0000000008009798                TBL_STR_ANSRESET
 .rodata.TBL_STR_ANSKIND
                0x000000000800979c        0x4 Core/Src/main_control.o
                0x000000000800979c                TBL_STR_ANSKIND
 .rodata.TBL_STR_ANSDATA
                0x00000000080097a0       0x20 Core/Src/main_control.o
                0x00000000080097a0                TBL_STR_ANSDATA
 .rodata.YP_TX_NOR_DATA_TBL
                0x00000000080097c0       0x28 Core/Src/main_control.o
                0x00000000080097c0                YP_TX_NOR_DATA_TBL
 .rodata.tburtevt
                0x00000000080097e8        0x9 Core/Src/main_control.o
 *fill*         0x00000000080097f1        0x3 
 .rodata.tb_INIT
                0x00000000080097f4       0x50 Core/Src/main_control.o
                0x00000000080097f4                tb_INIT
 .rodata.tb_NOR1
                0x0000000008009844       0x18 Core/Src/main_control.o
                0x0000000008009844                tb_NOR1
 .rodata.tb_NOR2
                0x000000000800985c       0x18 Core/Src/main_control.o
                0x000000000800985c                tb_NOR2
 .rodata.tbevad
                0x0000000008009874        0xc Core/Src/main_control.o
                0x0000000008009874                tbevad
 .rodata.AHBPrescTable
                0x0000000008009880       0x40 Core/Src/system_stm32g0xx.o
                0x0000000008009880                AHBPrescTable
 .rodata.APBPrescTable
                0x00000000080098c0       0x20 Core/Src/system_stm32g0xx.o
                0x00000000080098c0                APBPrescTable
 .rodata.parse_yp_serial
                0x00000000080098e0       0x14 Core/Src/uart_ypserial.o
 .rodata.xTaskGenericNotify
                0x00000000080098f4       0x14 Middlewares/Third_Party/FreeRTOS/Source/tasks.o
 .rodata.xTaskGenericNotifyFromISR
                0x0000000008009908       0x14 Middlewares/Third_Party/FreeRTOS/Source/tasks.o
 .rodata.prvProcessReceivedCommands
                0x000000000800991c       0x28 Middlewares/Third_Party/FreeRTOS/Source/timers.o
                0x0000000008009944                . = ALIGN (0x4)

.ARM.extab      0x0000000008009944        0x0
                0x0000000008009944                . = ALIGN (0x4)
 *(.ARM.extab* .gnu.linkonce.armextab.*)
                0x0000000008009944                . = ALIGN (0x4)

.ARM            0x0000000008009944        0x8
                0x0000000008009944                . = ALIGN (0x4)
                0x0000000008009944                __exidx_start = .
 *(.ARM.exidx*)
 .ARM.exidx     0x0000000008009944        0x8 c:/st/stm32cubeide_1.2.0/stm32cubeide/plugins/com.st.stm32cube.ide.mcu.externaltools.gnu-tools-for-stm32.7-2018-q2-update.win32_1.0.0.201904181610/tools/bin/../lib/gcc/arm-none-eabi/7.3.1/thumb/v6-m\libgcc.a(_udivmoddi4.o)
                0x000000000800994c                __exidx_end = .
                0x000000000800994c                . = ALIGN (0x4)

.rel.dyn        0x000000000800994c        0x0
 .rel.iplt      0x000000000800994c        0x0 c:/st/stm32cubeide_1.2.0/stm32cubeide/plugins/com.st.stm32cube.ide.mcu.externaltools.gnu-tools-for-stm32.7-2018-q2-update.win32_1.0.0.201904181610/tools/bin/../lib/gcc/arm-none-eabi/7.3.1/thumb/v6-m/crtbegin.o

.preinit_array  0x000000000800994c        0x0
                0x000000000800994c                . = ALIGN (0x4)
                0x000000000800994c                PROVIDE (__preinit_array_start = .)
 *(.preinit_array*)
                0x000000000800994c                PROVIDE (__preinit_array_end = .)
                0x000000000800994c                . = ALIGN (0x4)

.init_array     0x000000000800994c        0x4
                0x000000000800994c                . = ALIGN (0x4)
                0x000000000800994c                PROVIDE (__init_array_start = .)
 *(SORT_BY_NAME(.init_array.*))
 *(.init_array*)
 .init_array    0x000000000800994c        0x4 c:/st/stm32cubeide_1.2.0/stm32cubeide/plugins/com.st.stm32cube.ide.mcu.externaltools.gnu-tools-for-stm32.7-2018-q2-update.win32_1.0.0.201904181610/tools/bin/../lib/gcc/arm-none-eabi/7.3.1/thumb/v6-m/crtbegin.o
                0x0000000008009950                PROVIDE (__init_array_end = .)
                0x0000000008009950                . = ALIGN (0x4)

.fini_array     0x0000000008009950        0x4
                0x0000000008009950                . = ALIGN (0x4)
                [!provide]                        PROVIDE (__fini_array_start = .)
 *(SORT_BY_NAME(.fini_array.*))
 *(.fini_array*)
 .fini_array    0x0000000008009950        0x4 c:/st/stm32cubeide_1.2.0/stm32cubeide/plugins/com.st.stm32cube.ide.mcu.externaltools.gnu-tools-for-stm32.7-2018-q2-update.win32_1.0.0.201904181610/tools/bin/../lib/gcc/arm-none-eabi/7.3.1/thumb/v6-m/crtbegin.o
                [!provide]                        PROVIDE (__fini_array_end = .)
                0x0000000008009954                . = ALIGN (0x4)
                0x0000000008009954                _sidata = LOADADDR (.data)

.data           0x0000000020000000       0x10 load address 0x0000000008009954
                0x0000000020000000                . = ALIGN (0x4)
                0x0000000020000000                _sdata = .
 *(.data)
 *(.data*)
 .data.SystemCoreClock
                0x0000000020000000        0x4 Core/Src/system_stm32g0xx.o
                0x0000000020000000                SystemCoreClock
 .data.uwTickPrio
                0x0000000020000004        0x4 Drivers/STM32G0xx_HAL_Driver/Src/stm32g0xx_hal.o
                0x0000000020000004                uwTickPrio
 .data.uwTickFreq
                0x0000000020000008        0x4 Drivers/STM32G0xx_HAL_Driver/Src/stm32g0xx_hal.o
                0x0000000020000008                uwTickFreq
 .data.uxCriticalNesting
                0x000000002000000c        0x4 Middlewares/Third_Party/FreeRTOS/Source/portable/GCC/ARM_CM0/port.o
                0x0000000020000010                . = ALIGN (0x4)
                0x0000000020000010                _edata = .

.igot.plt       0x0000000020000010        0x0 load address 0x0000000008009964
 .igot.plt      0x0000000020000010        0x0 c:/st/stm32cubeide_1.2.0/stm32cubeide/plugins/com.st.stm32cube.ide.mcu.externaltools.gnu-tools-for-stm32.7-2018-q2-update.win32_1.0.0.201904181610/tools/bin/../lib/gcc/arm-none-eabi/7.3.1/thumb/v6-m/crtbegin.o
                0x0000000020000010                . = ALIGN (0x4)

.bss            0x0000000020000010     0x3944 load address 0x0000000008009964
                0x0000000020000010                _sbss = .
                0x0000000020000010                __bss_start__ = _sbss
 *(.bss)
 .bss           0x0000000020000010       0x1c c:/st/stm32cubeide_1.2.0/stm32cubeide/plugins/com.st.stm32cube.ide.mcu.externaltools.gnu-tools-for-stm32.7-2018-q2-update.win32_1.0.0.201904181610/tools/bin/../lib/gcc/arm-none-eabi/7.3.1/thumb/v6-m/crtbegin.o
 *(.bss*)
 .bss.xIdleTaskTCBBuffer
                0x000000002000002c       0x54 Core/Src/app_freertos.o
 .bss.xIdleStack
                0x0000000020000080      0x200 Core/Src/app_freertos.o
 .bss.xTimerTaskTCBBuffer
                0x0000000020000280       0x54 Core/Src/app_freertos.o
 .bss.xTimerStack
                0x00000000200002d4      0x400 Core/Src/app_freertos.o
 .bss.mainstatus
                0x00000000200006d4        0x1 Core/Src/main_control.o
 .bss.next_mainstatus
                0x00000000200006d5        0x1 Core/Src/main_control.o
 .bss.err_status
                0x00000000200006d6        0x1 Core/Src/main_control.o
 .bss.init_seq  0x00000000200006d7        0x1 Core/Src/main_control.o
 .bss.tx_cmd    0x00000000200006d8        0x1 Core/Src/main_control.o
 *fill*         0x00000000200006d9        0x1 
 .bss.crres_tm  0x00000000200006da        0x2 Core/Src/main_control.o
 .bss.crres_cnt
                0x00000000200006dc        0x1 Core/Src/main_control.o
 *fill*         0x00000000200006dd        0x3 
 .bss.cr_rev_data
                0x00000000200006e0       0x78 Core/Src/main_control.o
 .bss.cr_serial
                0x0000000020000758        0x8 Core/Src/uart_cardreaderserial.o
 .bss.cr_rx     0x0000000020000760       0x8c Core/Src/uart_cardreaderserial.o
 .bss.cr_tx     0x00000000200007ec       0x84 Core/Src/uart_cardreaderserial.o
 .bss.buffer    0x0000000020000870        0x1 Core/Src/uart_cardreaderserial.o
 *fill*         0x0000000020000871        0x3 
 .bss.yp_serial
                0x0000000020000874        0x8 Core/Src/uart_ypserial.o
 .bss.yp_rx     0x000000002000087c       0x20 Core/Src/uart_ypserial.o
 .bss.yp_tx     0x000000002000089c       0x18 Core/Src/uart_ypserial.o
 .bss.buffer    0x00000000200008b4        0x1 Core/Src/uart_ypserial.o
 *fill*         0x00000000200008b5        0x3 
 .bss.pxCurrentTCB
                0x00000000200008b8        0x4 Middlewares/Third_Party/FreeRTOS/Source/tasks.o
                0x00000000200008b8                pxCurrentTCB
 .bss.pxReadyTasksLists
                0x00000000200008bc       0x8c Middlewares/Third_Party/FreeRTOS/Source/tasks.o
 .bss.xDelayedTaskList1
                0x0000000020000948       0x14 Middlewares/Third_Party/FreeRTOS/Source/tasks.o
 .bss.xDelayedTaskList2
                0x000000002000095c       0x14 Middlewares/Third_Party/FreeRTOS/Source/tasks.o
 .bss.pxDelayedTaskList
                0x0000000020000970        0x4 Middlewares/Third_Party/FreeRTOS/Source/tasks.o
 .bss.pxOverflowDelayedTaskList
                0x0000000020000974        0x4 Middlewares/Third_Party/FreeRTOS/Source/tasks.o
 .bss.xPendingReadyList
                0x0000000020000978       0x14 Middlewares/Third_Party/FreeRTOS/Source/tasks.o
 .bss.xTasksWaitingTermination
                0x000000002000098c       0x14 Middlewares/Third_Party/FreeRTOS/Source/tasks.o
 .bss.uxDeletedTasksWaitingCleanUp
                0x00000000200009a0        0x4 Middlewares/Third_Party/FreeRTOS/Source/tasks.o
 .bss.xSuspendedTaskList
                0x00000000200009a4       0x14 Middlewares/Third_Party/FreeRTOS/Source/tasks.o
 .bss.uxCurrentNumberOfTasks
                0x00000000200009b8        0x4 Middlewares/Third_Party/FreeRTOS/Source/tasks.o
 .bss.xTickCount
                0x00000000200009bc        0x4 Middlewares/Third_Party/FreeRTOS/Source/tasks.o
 .bss.uxTopReadyPriority
                0x00000000200009c0        0x4 Middlewares/Third_Party/FreeRTOS/Source/tasks.o
 .bss.xSchedulerRunning
                0x00000000200009c4        0x4 Middlewares/Third_Party/FreeRTOS/Source/tasks.o
 .bss.uxPendedTicks
                0x00000000200009c8        0x4 Middlewares/Third_Party/FreeRTOS/Source/tasks.o
 .bss.xYieldPending
                0x00000000200009cc        0x4 Middlewares/Third_Party/FreeRTOS/Source/tasks.o
 .bss.xNumOfOverflows
                0x00000000200009d0        0x4 Middlewares/Third_Party/FreeRTOS/Source/tasks.o
 .bss.uxTaskNumber
                0x00000000200009d4        0x4 Middlewares/Third_Party/FreeRTOS/Source/tasks.o
 .bss.xNextTaskUnblockTime
                0x00000000200009d8        0x4 Middlewares/Third_Party/FreeRTOS/Source/tasks.o
 .bss.xIdleTaskHandle
                0x00000000200009dc        0x4 Middlewares/Third_Party/FreeRTOS/Source/tasks.o
 .bss.uxSchedulerSuspended
                0x00000000200009e0        0x4 Middlewares/Third_Party/FreeRTOS/Source/tasks.o
 .bss.xActiveTimerList1
                0x00000000200009e4       0x14 Middlewares/Third_Party/FreeRTOS/Source/timers.o
 .bss.xActiveTimerList2
                0x00000000200009f8       0x14 Middlewares/Third_Party/FreeRTOS/Source/timers.o
 .bss.pxCurrentTimerList
                0x0000000020000a0c        0x4 Middlewares/Third_Party/FreeRTOS/Source/timers.o
 .bss.pxOverflowTimerList
                0x0000000020000a10        0x4 Middlewares/Third_Party/FreeRTOS/Source/timers.o
 .bss.xTimerQueue
                0x0000000020000a14        0x4 Middlewares/Third_Party/FreeRTOS/Source/timers.o
 .bss.xTimerTaskHandle
                0x0000000020000a18        0x4 Middlewares/Third_Party/FreeRTOS/Source/timers.o
 .bss.xLastTime.5426
                0x0000000020000a1c        0x4 Middlewares/Third_Party/FreeRTOS/Source/timers.o
 .bss.ucStaticTimerQueueStorage.5475
                0x0000000020000a20       0x78 Middlewares/Third_Party/FreeRTOS/Source/timers.o
 .bss.xStaticTimerQueue.5474
                0x0000000020000a98       0x48 Middlewares/Third_Party/FreeRTOS/Source/timers.o
 .bss.ucHeap    0x0000000020000ae0     0x1800 Middlewares/Third_Party/FreeRTOS/Source/portable/MemMang/heap_4.o
 .bss.xStart    0x00000000200022e0        0x8 Middlewares/Third_Party/FreeRTOS/Source/portable/MemMang/heap_4.o
 .bss.pxEnd     0x00000000200022e8        0x4 Middlewares/Third_Party/FreeRTOS/Source/portable/MemMang/heap_4.o
 .bss.xFreeBytesRemaining
                0x00000000200022ec        0x4 Middlewares/Third_Party/FreeRTOS/Source/portable/MemMang/heap_4.o
 .bss.xMinimumEverFreeBytesRemaining
                0x00000000200022f0        0x4 Middlewares/Third_Party/FreeRTOS/Source/portable/MemMang/heap_4.o
 .bss.xBlockAllocatedBit
                0x00000000200022f4        0x4 Middlewares/Third_Party/FreeRTOS/Source/portable/MemMang/heap_4.o
 *(COMMON)
 COMMON         0x00000000200022f8     0x15d4 Core/Src/main.o
                0x00000000200022f8                MainControlTaskHandle
                0x00000000200022fc                CyclicTimerControlBlock
                0x0000000020002328                myMutex01ControlBlock
                0x0000000020002370                YpSerialRxControlBlock
                0x00000000200023c4                CrSerialTxMailHandle
                0x00000000200023c8                YpSerialTxMailHandle
                0x00000000200023cc                IdleBuffer
                0x00000000200025cc                CyclicTimerHandle
                0x00000000200025d0                hiwdg
                0x00000000200025e0                MainControlMailHandle
                0x00000000200025e4                YpSerialRxHandle
                0x00000000200025e8                CrSerialTxBuffer
                0x00000000200027e8                CrSerialRxControlBlock
                0x000000002000283c                IdleHandle
                0x0000000020002840                CrSerialRxBuffer
                0x0000000020002a40                hdma_usart1_tx
                0x0000000020002a9c                hdma_usart2_tx
                0x0000000020002af8                IdleControlBlock
                0x0000000020002b4c                WarningReqQueueBuffer
                0x0000000020002b5c                huart1
                0x0000000020002be8                CyclicControlBlock
                0x0000000020002c3c                MainControlTaskControlBlock
                0x0000000020002c90                CrSerialRxQueueHandle
                0x0000000020002c94                YpSerialRxMailHandle
                0x0000000020002c98                MainControlTaskBuffer
                0x0000000020002e98                WarningReqQueueHandle
                0x0000000020002e9c                SubTaskHandle
                0x0000000020002ea0                WarningReqQueueControlBlock
                0x0000000020002ee8                CrSerialTxHandle
                0x0000000020002eec                CrSerialRxMailHandle
                0x0000000020002ef0                YpSerialTxControlBlock
                0x0000000020002f44                htim2
                0x0000000020002f84                YpSerialRxBuffer
                0x0000000020003184                huart2
                0x0000000020003210                YpSerialTxBuffer
                0x0000000020003410                YpSerialTxHandle
                0x0000000020003414                CrSerialRxHandle
                0x0000000020003418                CyclicBuffer
                0x0000000020003618                SubTaskControlBlock
                0x000000002000366c                CrSerialTxControlBlock
                0x00000000200036c0                CyclicHandle
                0x00000000200036c4                myMutex01Handle
                0x00000000200036c8                YpSerialRxQueueHandle
                0x00000000200036cc                SubTaskBuffer
 COMMON         0x00000000200038cc        0x1 Core/Src/main_control.o
                0x00000000200038cc                read_cardkind
 *fill*         0x00000000200038cd        0x3 
 COMMON         0x00000000200038d0       0x40 Core/Src/stm32g0xx_hal_timebase_tim.o
                0x00000000200038d0                htim14
 COMMON         0x0000000020003910        0x4 Drivers/STM32G0xx_HAL_Driver/Src/stm32g0xx_hal.o
                0x0000000020003910                uwTick
 COMMON         0x0000000020003914       0x40 Middlewares/Third_Party/FreeRTOS/Source/queue.o
                0x0000000020003914                xQueueRegistry
                0x0000000020003954                . = ALIGN (0x4)
                0x0000000020003954                _ebss = .
                0x0000000020003954                __bss_end__ = _ebss

._user_heap_stack
                0x0000000020003954      0x604 load address 0x0000000008009964
                0x0000000020003958                . = ALIGN (0x8)
 *fill*         0x0000000020003954        0x4 
                [!provide]                        PROVIDE (end = .)
                0x0000000020003958                PROVIDE (_end = .)
                0x0000000020003b58                . = (. + _Min_Heap_Size)
 *fill*         0x0000000020003958      0x200 
                0x0000000020003f58                . = (. + _Min_Stack_Size)
 *fill*         0x0000000020003b58      0x400 
                0x0000000020003f58                . = ALIGN (0x8)

/DISCARD/
 libc.a(*)
 libm.a(*)
 libgcc.a(*)

.ARM.attributes
                0x0000000000000000       0x28
 *(.ARM.attributes)
 .ARM.attributes
                0x0000000000000000       0x1e c:/st/stm32cubeide_1.2.0/stm32cubeide/plugins/com.st.stm32cube.ide.mcu.externaltools.gnu-tools-for-stm32.7-2018-q2-update.win32_1.0.0.201904181610/tools/bin/../lib/gcc/arm-none-eabi/7.3.1/thumb/v6-m/crti.o
 .ARM.attributes
                0x000000000000001e       0x2c c:/st/stm32cubeide_1.2.0/stm32cubeide/plugins/com.st.stm32cube.ide.mcu.externaltools.gnu-tools-for-stm32.7-2018-q2-update.win32_1.0.0.201904181610/tools/bin/../lib/gcc/arm-none-eabi/7.3.1/thumb/v6-m/crtbegin.o
 .ARM.attributes
                0x000000000000004a       0x32 Core/Src/app_freertos.o
 .ARM.attributes
                0x000000000000007c       0x32 Core/Src/common.o
 .ARM.attributes
                0x00000000000000ae       0x32 Core/Src/cyclic.o
 .ARM.attributes
                0x00000000000000e0       0x32 Core/Src/main.o
 .ARM.attributes
                0x0000000000000112       0x32 Core/Src/main_control.o
 .ARM.attributes
                0x0000000000000144       0x32 Core/Src/stm32g0xx_hal_msp.o
 .ARM.attributes
                0x0000000000000176       0x32 Core/Src/stm32g0xx_hal_timebase_tim.o
 .ARM.attributes
                0x00000000000001a8       0x32 Core/Src/stm32g0xx_it.o
 .ARM.attributes
                0x00000000000001da       0x32 Core/Src/system_stm32g0xx.o
 .ARM.attributes
                0x000000000000020c       0x32 Core/Src/uart_cardreaderserial.o
 .ARM.attributes
                0x000000000000023e       0x32 Core/Src/uart_ypserial.o
 .ARM.attributes
                0x0000000000000270       0x21 Core/Startup/startup_stm32g071gbux.o
 .ARM.attributes
                0x0000000000000291       0x32 Drivers/STM32G0xx_HAL_Driver/Src/stm32g0xx_hal.o
 .ARM.attributes
                0x00000000000002c3       0x32 Drivers/STM32G0xx_HAL_Driver/Src/stm32g0xx_hal_cortex.o
 .ARM.attributes
                0x00000000000002f5       0x32 Drivers/STM32G0xx_HAL_Driver/Src/stm32g0xx_hal_dma.o
 .ARM.attributes
                0x0000000000000327       0x32 Drivers/STM32G0xx_HAL_Driver/Src/stm32g0xx_hal_gpio.o
 .ARM.attributes
                0x0000000000000359       0x32 Drivers/STM32G0xx_HAL_Driver/Src/stm32g0xx_hal_pwr_ex.o
 .ARM.attributes
                0x000000000000038b       0x32 Drivers/STM32G0xx_HAL_Driver/Src/stm32g0xx_hal_rcc.o
 .ARM.attributes
                0x00000000000003bd       0x32 Drivers/STM32G0xx_HAL_Driver/Src/stm32g0xx_hal_rcc_ex.o
 .ARM.attributes
                0x00000000000003ef       0x32 Drivers/STM32G0xx_HAL_Driver/Src/stm32g0xx_hal_tim.o
 .ARM.attributes
                0x0000000000000421       0x32 Drivers/STM32G0xx_HAL_Driver/Src/stm32g0xx_hal_tim_ex.o
 .ARM.attributes
                0x0000000000000453       0x32 Drivers/STM32G0xx_HAL_Driver/Src/stm32g0xx_hal_uart.o
 .ARM.attributes
                0x0000000000000485       0x32 Drivers/STM32G0xx_HAL_Driver/Src/stm32g0xx_hal_uart_ex.o
 .ARM.attributes
                0x00000000000004b7       0x32 Middlewares/Third_Party/FreeRTOS/Source/CMSIS_RTOS/cmsis_os.o
 .ARM.attributes
                0x00000000000004e9       0x32 Middlewares/Third_Party/FreeRTOS/Source/list.o
 .ARM.attributes
                0x000000000000051b       0x32 Middlewares/Third_Party/FreeRTOS/Source/queue.o
 .ARM.attributes
                0x000000000000054d       0x32 Middlewares/Third_Party/FreeRTOS/Source/tasks.o
 .ARM.attributes
                0x000000000000057f       0x32 Middlewares/Third_Party/FreeRTOS/Source/timers.o
 .ARM.attributes
                0x00000000000005b1       0x32 Middlewares/Third_Party/FreeRTOS/Source/portable/GCC/ARM_CM0/port.o
 .ARM.attributes
                0x00000000000005e3       0x32 Middlewares/Third_Party/FreeRTOS/Source/portable/MemMang/heap_4.o
 .ARM.attributes
                0x0000000000000615       0x2c c:/st/stm32cubeide_1.2.0/stm32cubeide/plugins/com.st.stm32cube.ide.mcu.externaltools.gnu-tools-for-stm32.7-2018-q2-update.win32_1.0.0.201904181610/tools/bin/../lib/gcc/arm-none-eabi/7.3.1/../../../../arm-none-eabi/lib/thumb/v6-m\libc_nano.a(lib_a-init.o)
 .ARM.attributes
                0x0000000000000641       0x2c c:/st/stm32cubeide_1.2.0/stm32cubeide/plugins/com.st.stm32cube.ide.mcu.externaltools.gnu-tools-for-stm32.7-2018-q2-update.win32_1.0.0.201904181610/tools/bin/../lib/gcc/arm-none-eabi/7.3.1/../../../../arm-none-eabi/lib/thumb/v6-m\libc_nano.a(lib_a-memcpy-stub.o)
 .ARM.attributes
                0x000000000000066d       0x2c c:/st/stm32cubeide_1.2.0/stm32cubeide/plugins/com.st.stm32cube.ide.mcu.externaltools.gnu-tools-for-stm32.7-2018-q2-update.win32_1.0.0.201904181610/tools/bin/../lib/gcc/arm-none-eabi/7.3.1/../../../../arm-none-eabi/lib/thumb/v6-m\libc_nano.a(lib_a-memset.o)
 .ARM.attributes
                0x0000000000000699       0x1e c:/st/stm32cubeide_1.2.0/stm32cubeide/plugins/com.st.stm32cube.ide.mcu.externaltools.gnu-tools-for-stm32.7-2018-q2-update.win32_1.0.0.201904181610/tools/bin/../lib/gcc/arm-none-eabi/7.3.1/thumb/v6-m\libgcc.a(_udivsi3.o)
 .ARM.attributes
                0x00000000000006b7       0x1e c:/st/stm32cubeide_1.2.0/stm32cubeide/plugins/com.st.stm32cube.ide.mcu.externaltools.gnu-tools-for-stm32.7-2018-q2-update.win32_1.0.0.201904181610/tools/bin/../lib/gcc/arm-none-eabi/7.3.1/thumb/v6-m\libgcc.a(_divsi3.o)
 .ARM.attributes
                0x00000000000006d5       0x1e c:/st/stm32cubeide_1.2.0/stm32cubeide/plugins/com.st.stm32cube.ide.mcu.externaltools.gnu-tools-for-stm32.7-2018-q2-update.win32_1.0.0.201904181610/tools/bin/../lib/gcc/arm-none-eabi/7.3.1/thumb/v6-m\libgcc.a(_dvmd_tls.o)
 .ARM.attributes
                0x00000000000006f3       0x1e c:/st/stm32cubeide_1.2.0/stm32cubeide/plugins/com.st.stm32cube.ide.mcu.externaltools.gnu-tools-for-stm32.7-2018-q2-update.win32_1.0.0.201904181610/tools/bin/../lib/gcc/arm-none-eabi/7.3.1/thumb/v6-m\libgcc.a(_aeabi_uldivmod.o)
 .ARM.attributes
                0x0000000000000711       0x2c c:/st/stm32cubeide_1.2.0/stm32cubeide/plugins/com.st.stm32cube.ide.mcu.externaltools.gnu-tools-for-stm32.7-2018-q2-update.win32_1.0.0.201904181610/tools/bin/../lib/gcc/arm-none-eabi/7.3.1/thumb/v6-m\libgcc.a(_udivmoddi4.o)
 .ARM.attributes
                0x000000000000073d       0x1e c:/st/stm32cubeide_1.2.0/stm32cubeide/plugins/com.st.stm32cube.ide.mcu.externaltools.gnu-tools-for-stm32.7-2018-q2-update.win32_1.0.0.201904181610/tools/bin/../lib/gcc/arm-none-eabi/7.3.1/thumb/v6-m\libgcc.a(_clzdi2.o)
 .ARM.attributes
                0x000000000000075b       0x1e c:/st/stm32cubeide_1.2.0/stm32cubeide/plugins/com.st.stm32cube.ide.mcu.externaltools.gnu-tools-for-stm32.7-2018-q2-update.win32_1.0.0.201904181610/tools/bin/../lib/gcc/arm-none-eabi/7.3.1/thumb/v6-m\libgcc.a(_clzsi2.o)
 .ARM.attributes
                0x0000000000000779       0x1e c:/st/stm32cubeide_1.2.0/stm32cubeide/plugins/com.st.stm32cube.ide.mcu.externaltools.gnu-tools-for-stm32.7-2018-q2-update.win32_1.0.0.201904181610/tools/bin/../lib/gcc/arm-none-eabi/7.3.1/thumb/v6-m/crtn.o
OUTPUT(stm32g071gbutest1.elf elf32-littlearm)

.debug_info     0x0000000000000000    0x1b5af
 .debug_info    0x0000000000000000      0x3f1 Core/Src/app_freertos.o
 .debug_info    0x00000000000003f1      0x2de Core/Src/common.o
 .debug_info    0x00000000000006cf      0x3b1 Core/Src/cyclic.o
 .debug_info    0x0000000000000a80     0x1e7b Core/Src/main.o
 .debug_info    0x00000000000028fb     0x1699 Core/Src/main_control.o
 .debug_info    0x0000000000003f94      0xf3f Core/Src/stm32g0xx_hal_msp.o
 .debug_info    0x0000000000004ed3      0xa70 Core/Src/stm32g0xx_hal_timebase_tim.o
 .debug_info    0x0000000000005943      0xb23 Core/Src/stm32g0xx_it.o
 .debug_info    0x0000000000006466      0x434 Core/Src/system_stm32g0xx.o
 .debug_info    0x000000000000689a     0x17c2 Core/Src/uart_cardreaderserial.o
 .debug_info    0x000000000000805c     0x1976 Core/Src/uart_ypserial.o
 .debug_info    0x00000000000099d2       0x22 Core/Startup/startup_stm32g071gbux.o
 .debug_info    0x00000000000099f4      0xa11 Drivers/STM32G0xx_HAL_Driver/Src/stm32g0xx_hal.o
 .debug_info    0x000000000000a405      0x971 Drivers/STM32G0xx_HAL_Driver/Src/stm32g0xx_hal_cortex.o
 .debug_info    0x000000000000ad76      0x8e6 Drivers/STM32G0xx_HAL_Driver/Src/stm32g0xx_hal_dma.o
 .debug_info    0x000000000000b65c      0x67f Drivers/STM32G0xx_HAL_Driver/Src/stm32g0xx_hal_gpio.o
 .debug_info    0x000000000000bcdb      0x64f Drivers/STM32G0xx_HAL_Driver/Src/stm32g0xx_hal_pwr_ex.o
 .debug_info    0x000000000000c32a      0xab0 Drivers/STM32G0xx_HAL_Driver/Src/stm32g0xx_hal_rcc.o
 .debug_info    0x000000000000cdda      0x815 Drivers/STM32G0xx_HAL_Driver/Src/stm32g0xx_hal_rcc_ex.o
 .debug_info    0x000000000000d5ef     0x264d Drivers/STM32G0xx_HAL_Driver/Src/stm32g0xx_hal_tim.o
 .debug_info    0x000000000000fc3c     0x1499 Drivers/STM32G0xx_HAL_Driver/Src/stm32g0xx_hal_tim_ex.o
 .debug_info    0x00000000000110d5     0x1812 Drivers/STM32G0xx_HAL_Driver/Src/stm32g0xx_hal_uart.o
 .debug_info    0x00000000000128e7      0xb80 Drivers/STM32G0xx_HAL_Driver/Src/stm32g0xx_hal_uart_ex.o
 .debug_info    0x0000000000013467     0x1e03 Middlewares/Third_Party/FreeRTOS/Source/CMSIS_RTOS/cmsis_os.o
 .debug_info    0x000000000001526a      0xac5 Middlewares/Third_Party/FreeRTOS/Source/list.o
 .debug_info    0x0000000000015d2f     0x1860 Middlewares/Third_Party/FreeRTOS/Source/queue.o
 .debug_info    0x000000000001758f     0x1d34 Middlewares/Third_Party/FreeRTOS/Source/tasks.o
 .debug_info    0x00000000000192c3     0x1568 Middlewares/Third_Party/FreeRTOS/Source/timers.o
 .debug_info    0x000000000001a82b      0x26b Middlewares/Third_Party/FreeRTOS/Source/portable/GCC/ARM_CM0/port.o
 .debug_info    0x000000000001aa96      0xb19 Middlewares/Third_Party/FreeRTOS/Source/portable/MemMang/heap_4.o

.debug_abbrev   0x0000000000000000     0x3e94
 .debug_abbrev  0x0000000000000000      0x13d Core/Src/app_freertos.o
 .debug_abbrev  0x000000000000013d      0x152 Core/Src/common.o
 .debug_abbrev  0x000000000000028f      0x1a7 Core/Src/cyclic.o
 .debug_abbrev  0x0000000000000436      0x27b Core/Src/main.o
 .debug_abbrev  0x00000000000006b1      0x35e Core/Src/main_control.o
 .debug_abbrev  0x0000000000000a0f      0x1a6 Core/Src/stm32g0xx_hal_msp.o
 .debug_abbrev  0x0000000000000bb5      0x1ac Core/Src/stm32g0xx_hal_timebase_tim.o
 .debug_abbrev  0x0000000000000d61      0x169 Core/Src/stm32g0xx_it.o
 .debug_abbrev  0x0000000000000eca      0x147 Core/Src/system_stm32g0xx.o
 .debug_abbrev  0x0000000000001011      0x351 Core/Src/uart_cardreaderserial.o
 .debug_abbrev  0x0000000000001362      0x35c Core/Src/uart_ypserial.o
 .debug_abbrev  0x00000000000016be       0x12 Core/Startup/startup_stm32g071gbux.o
 .debug_abbrev  0x00000000000016d0      0x242 Drivers/STM32G0xx_HAL_Driver/Src/stm32g0xx_hal.o
 .debug_abbrev  0x0000000000001912      0x27c Drivers/STM32G0xx_HAL_Driver/Src/stm32g0xx_hal_cortex.o
 .debug_abbrev  0x0000000000001b8e      0x20d Drivers/STM32G0xx_HAL_Driver/Src/stm32g0xx_hal_dma.o
 .debug_abbrev  0x0000000000001d9b      0x1b7 Drivers/STM32G0xx_HAL_Driver/Src/stm32g0xx_hal_gpio.o
 .debug_abbrev  0x0000000000001f52      0x1f6 Drivers/STM32G0xx_HAL_Driver/Src/stm32g0xx_hal_pwr_ex.o
 .debug_abbrev  0x0000000000002148      0x211 Drivers/STM32G0xx_HAL_Driver/Src/stm32g0xx_hal_rcc.o
 .debug_abbrev  0x0000000000002359      0x1d4 Drivers/STM32G0xx_HAL_Driver/Src/stm32g0xx_hal_rcc_ex.o
 .debug_abbrev  0x000000000000252d      0x23f Drivers/STM32G0xx_HAL_Driver/Src/stm32g0xx_hal_tim.o
 .debug_abbrev  0x000000000000276c      0x22d Drivers/STM32G0xx_HAL_Driver/Src/stm32g0xx_hal_tim_ex.o
 .debug_abbrev  0x0000000000002999      0x214 Drivers/STM32G0xx_HAL_Driver/Src/stm32g0xx_hal_uart.o
 .debug_abbrev  0x0000000000002bad      0x209 Drivers/STM32G0xx_HAL_Driver/Src/stm32g0xx_hal_uart_ex.o
 .debug_abbrev  0x0000000000002db6      0x305 Middlewares/Third_Party/FreeRTOS/Source/CMSIS_RTOS/cmsis_os.o
 .debug_abbrev  0x00000000000030bb      0x1cf Middlewares/Third_Party/FreeRTOS/Source/list.o
 .debug_abbrev  0x000000000000328a      0x2c4 Middlewares/Third_Party/FreeRTOS/Source/queue.o
 .debug_abbrev  0x000000000000354e      0x2de Middlewares/Third_Party/FreeRTOS/Source/tasks.o
 .debug_abbrev  0x000000000000382c      0x287 Middlewares/Third_Party/FreeRTOS/Source/timers.o
 .debug_abbrev  0x0000000000003ab3      0x1a4 Middlewares/Third_Party/FreeRTOS/Source/portable/GCC/ARM_CM0/port.o
 .debug_abbrev  0x0000000000003c57      0x23d Middlewares/Third_Party/FreeRTOS/Source/portable/MemMang/heap_4.o

.debug_aranges  0x0000000000000000     0x1798
 .debug_aranges
                0x0000000000000000       0x28 Core/Src/app_freertos.o
 .debug_aranges
                0x0000000000000028       0x30 Core/Src/common.o
 .debug_aranges
                0x0000000000000058       0x38 Core/Src/cyclic.o
 .debug_aranges
                0x0000000000000090       0xf8 Core/Src/main.o
 .debug_aranges
                0x0000000000000188       0xd0 Core/Src/main_control.o
 .debug_aranges
                0x0000000000000258       0x40 Core/Src/stm32g0xx_hal_msp.o
 .debug_aranges
                0x0000000000000298       0x30 Core/Src/stm32g0xx_hal_timebase_tim.o
 .debug_aranges
                0x00000000000002c8       0x58 Core/Src/stm32g0xx_it.o
 .debug_aranges
                0x0000000000000320       0x28 Core/Src/system_stm32g0xx.o
 .debug_aranges
                0x0000000000000348       0xb8 Core/Src/uart_cardreaderserial.o
 .debug_aranges
                0x0000000000000400       0xa8 Core/Src/uart_ypserial.o
 .debug_aranges
                0x00000000000004a8       0x28 Core/Startup/startup_stm32g071gbux.o
 .debug_aranges
                0x00000000000004d0      0x120 Drivers/STM32G0xx_HAL_Driver/Src/stm32g0xx_hal.o
 .debug_aranges
                0x00000000000005f0       0xd8 Drivers/STM32G0xx_HAL_Driver/Src/stm32g0xx_hal_cortex.o
 .debug_aranges
                0x00000000000006c8       0x90 Drivers/STM32G0xx_HAL_Driver/Src/stm32g0xx_hal_dma.o
 .debug_aranges
                0x0000000000000758       0x60 Drivers/STM32G0xx_HAL_Driver/Src/stm32g0xx_hal_gpio.o
 .debug_aranges
                0x00000000000007b8       0xc0 Drivers/STM32G0xx_HAL_Driver/Src/stm32g0xx_hal_pwr_ex.o
 .debug_aranges
                0x0000000000000878       0x98 Drivers/STM32G0xx_HAL_Driver/Src/stm32g0xx_hal_rcc.o
 .debug_aranges
                0x0000000000000910       0x40 Drivers/STM32G0xx_HAL_Driver/Src/stm32g0xx_hal_rcc_ex.o
 .debug_aranges
                0x0000000000000950      0x3b8 Drivers/STM32G0xx_HAL_Driver/Src/stm32g0xx_hal_tim.o
 .debug_aranges
                0x0000000000000d08      0x180 Drivers/STM32G0xx_HAL_Driver/Src/stm32g0xx_hal_tim_ex.o
 .debug_aranges
                0x0000000000000e88      0x218 Drivers/STM32G0xx_HAL_Driver/Src/stm32g0xx_hal_uart.o
 .debug_aranges
                0x00000000000010a0       0x88 Drivers/STM32G0xx_HAL_Driver/Src/stm32g0xx_hal_uart_ex.o
 .debug_aranges
                0x0000000000001128      0x1d8 Middlewares/Third_Party/FreeRTOS/Source/CMSIS_RTOS/cmsis_os.o
 .debug_aranges
                0x0000000000001300       0x40 Middlewares/Third_Party/FreeRTOS/Source/list.o
 .debug_aranges
                0x0000000000001340      0x110 Middlewares/Third_Party/FreeRTOS/Source/queue.o
 .debug_aranges
                0x0000000000001450      0x1b0 Middlewares/Third_Party/FreeRTOS/Source/tasks.o
 .debug_aranges
                0x0000000000001600       0xc0 Middlewares/Third_Party/FreeRTOS/Source/timers.o
 .debug_aranges
                0x00000000000016c0       0x88 Middlewares/Third_Party/FreeRTOS/Source/portable/GCC/ARM_CM0/port.o
 .debug_aranges
                0x0000000000001748       0x50 Middlewares/Third_Party/FreeRTOS/Source/portable/MemMang/heap_4.o

.debug_ranges   0x0000000000000000     0x15c0
 .debug_ranges  0x0000000000000000       0x18 Core/Src/app_freertos.o
 .debug_ranges  0x0000000000000018       0x20 Core/Src/common.o
 .debug_ranges  0x0000000000000038       0x28 Core/Src/cyclic.o
 .debug_ranges  0x0000000000000060       0xe8 Core/Src/main.o
 .debug_ranges  0x0000000000000148       0xc0 Core/Src/main_control.o
 .debug_ranges  0x0000000000000208       0x30 Core/Src/stm32g0xx_hal_msp.o
 .debug_ranges  0x0000000000000238       0x20 Core/Src/stm32g0xx_hal_timebase_tim.o
 .debug_ranges  0x0000000000000258       0x48 Core/Src/stm32g0xx_it.o
 .debug_ranges  0x00000000000002a0       0x18 Core/Src/system_stm32g0xx.o
 .debug_ranges  0x00000000000002b8       0xa8 Core/Src/uart_cardreaderserial.o
 .debug_ranges  0x0000000000000360       0x98 Core/Src/uart_ypserial.o
 .debug_ranges  0x00000000000003f8       0x20 Core/Startup/startup_stm32g071gbux.o
 .debug_ranges  0x0000000000000418      0x110 Drivers/STM32G0xx_HAL_Driver/Src/stm32g0xx_hal.o
 .debug_ranges  0x0000000000000528       0xc8 Drivers/STM32G0xx_HAL_Driver/Src/stm32g0xx_hal_cortex.o
 .debug_ranges  0x00000000000005f0       0x80 Drivers/STM32G0xx_HAL_Driver/Src/stm32g0xx_hal_dma.o
 .debug_ranges  0x0000000000000670       0x50 Drivers/STM32G0xx_HAL_Driver/Src/stm32g0xx_hal_gpio.o
 .debug_ranges  0x00000000000006c0       0xb0 Drivers/STM32G0xx_HAL_Driver/Src/stm32g0xx_hal_pwr_ex.o
 .debug_ranges  0x0000000000000770       0x88 Drivers/STM32G0xx_HAL_Driver/Src/stm32g0xx_hal_rcc.o
 .debug_ranges  0x00000000000007f8       0x30 Drivers/STM32G0xx_HAL_Driver/Src/stm32g0xx_hal_rcc_ex.o
 .debug_ranges  0x0000000000000828      0x3a8 Drivers/STM32G0xx_HAL_Driver/Src/stm32g0xx_hal_tim.o
 .debug_ranges  0x0000000000000bd0      0x170 Drivers/STM32G0xx_HAL_Driver/Src/stm32g0xx_hal_tim_ex.o
 .debug_ranges  0x0000000000000d40      0x208 Drivers/STM32G0xx_HAL_Driver/Src/stm32g0xx_hal_uart.o
 .debug_ranges  0x0000000000000f48       0x78 Drivers/STM32G0xx_HAL_Driver/Src/stm32g0xx_hal_uart_ex.o
 .debug_ranges  0x0000000000000fc0      0x1c8 Middlewares/Third_Party/FreeRTOS/Source/CMSIS_RTOS/cmsis_os.o
 .debug_ranges  0x0000000000001188       0x30 Middlewares/Third_Party/FreeRTOS/Source/list.o
 .debug_ranges  0x00000000000011b8      0x100 Middlewares/Third_Party/FreeRTOS/Source/queue.o
 .debug_ranges  0x00000000000012b8      0x1a0 Middlewares/Third_Party/FreeRTOS/Source/tasks.o
 .debug_ranges  0x0000000000001458       0xb0 Middlewares/Third_Party/FreeRTOS/Source/timers.o
 .debug_ranges  0x0000000000001508       0x78 Middlewares/Third_Party/FreeRTOS/Source/portable/GCC/ARM_CM0/port.o
 .debug_ranges  0x0000000000001580       0x40 Middlewares/Third_Party/FreeRTOS/Source/portable/MemMang/heap_4.o

.debug_macro    0x0000000000000000    0x1b8ea
 .debug_macro   0x0000000000000000      0x2b2 Core/Src/app_freertos.o
 .debug_macro   0x00000000000002b2      0xa48 Core/Src/app_freertos.o
 .debug_macro   0x0000000000000cfa      0x174 Core/Src/app_freertos.o
 .debug_macro   0x0000000000000e6e       0x22 Core/Src/app_freertos.o
 .debug_macro   0x0000000000000e90       0x8e Core/Src/app_freertos.o
 .debug_macro   0x0000000000000f1e       0x51 Core/Src/app_freertos.o
 .debug_macro   0x0000000000000f6f       0xef Core/Src/app_freertos.o
 .debug_macro   0x000000000000105e       0x6a Core/Src/app_freertos.o
 .debug_macro   0x00000000000010c8      0x1df Core/Src/app_freertos.o