Archive member included to satisfy reference by file (symbol)

c:/st/stm32cubeide_1.2.0/stm32cubeide/plugins/com.st.stm32cube.ide.mcu.externaltools.gnu-tools-for-stm32.7-2018-q2-update.win32_1.0.0.201904181610/tools/bin/../lib/gcc/arm-none-eabi/7.3.1/../../../../arm-none-eabi/lib/thumb/v6-m\libc_nano.a(lib_a-errno.o)
                              Core/Src/syscalls.o (__errno)
c:/st/stm32cubeide_1.2.0/stm32cubeide/plugins/com.st.stm32cube.ide.mcu.externaltools.gnu-tools-for-stm32.7-2018-q2-update.win32_1.0.0.201904181610/tools/bin/../lib/gcc/arm-none-eabi/7.3.1/../../../../arm-none-eabi/lib/thumb/v6-m\libc_nano.a(lib_a-exit.o)
                              c:/st/stm32cubeide_1.2.0/stm32cubeide/plugins/com.st.stm32cube.ide.mcu.externaltools.gnu-tools-for-stm32.7-2018-q2-update.win32_1.0.0.201904181610/tools/bin/../lib/gcc/arm-none-eabi/7.3.1/../../../../arm-none-eabi/lib/thumb/v6-m/crt0.o (exit)
c:/st/stm32cubeide_1.2.0/stm32cubeide/plugins/com.st.stm32cube.ide.mcu.externaltools.gnu-tools-for-stm32.7-2018-q2-update.win32_1.0.0.201904181610/tools/bin/../lib/gcc/arm-none-eabi/7.3.1/../../../../arm-none-eabi/lib/thumb/v6-m\libc_nano.a(lib_a-impure.o)
                              c:/st/stm32cubeide_1.2.0/stm32cubeide/plugins/com.st.stm32cube.ide.mcu.externaltools.gnu-tools-for-stm32.7-2018-q2-update.win32_1.0.0.201904181610/tools/bin/../lib/gcc/arm-none-eabi/7.3.1/../../../../arm-none-eabi/lib/thumb/v6-m\libc_nano.a(lib_a-exit.o) (_global_impure_ptr)
c:/st/stm32cubeide_1.2.0/stm32cubeide/plugins/com.st.stm32cube.ide.mcu.externaltools.gnu-tools-for-stm32.7-2018-q2-update.win32_1.0.0.201904181610/tools/bin/../lib/gcc/arm-none-eabi/7.3.1/../../../../arm-none-eabi/lib/thumb/v6-m\libc_nano.a(lib_a-init.o)
                              c:/st/stm32cubeide_1.2.0/stm32cubeide/plugins/com.st.stm32cube.ide.mcu.externaltools.gnu-tools-for-stm32.7-2018-q2-update.win32_1.0.0.201904181610/tools/bin/../lib/gcc/arm-none-eabi/7.3.1/../../../../arm-none-eabi/lib/thumb/v6-m/crt0.o (__libc_init_array)
c:/st/stm32cubeide_1.2.0/stm32cubeide/plugins/com.st.stm32cube.ide.mcu.externaltools.gnu-tools-for-stm32.7-2018-q2-update.win32_1.0.0.201904181610/tools/bin/../lib/gcc/arm-none-eabi/7.3.1/../../../../arm-none-eabi/lib/thumb/v6-m\libc_nano.a(lib_a-memcpy-stub.o)
                              Core/Src/uart_cardreaderserial.o (memcpy)
c:/st/stm32cubeide_1.2.0/stm32cubeide/plugins/com.st.stm32cube.ide.mcu.externaltools.gnu-tools-for-stm32.7-2018-q2-update.win32_1.0.0.201904181610/tools/bin/../lib/gcc/arm-none-eabi/7.3.1/../../../../arm-none-eabi/lib/thumb/v6-m\libc_nano.a(lib_a-memset.o)
                              c:/st/stm32cubeide_1.2.0/stm32cubeide/plugins/com.st.stm32cube.ide.mcu.externaltools.gnu-tools-for-stm32.7-2018-q2-update.win32_1.0.0.201904181610/tools/bin/../lib/gcc/arm-none-eabi/7.3.1/../../../../arm-none-eabi/lib/thumb/v6-m/crt0.o (memset)
c:/st/stm32cubeide_1.2.0/stm32cubeide/plugins/com.st.stm32cube.ide.mcu.externaltools.gnu-tools-for-stm32.7-2018-q2-update.win32_1.0.0.201904181610/tools/bin/../lib/gcc/arm-none-eabi/7.3.1/thumb/v6-m\libgcc.a(_udivsi3.o)
                              Core/Src/stm32g0xx_hal_timebase_tim.o (__aeabi_uidiv)
c:/st/stm32cubeide_1.2.0/stm32cubeide/plugins/com.st.stm32cube.ide.mcu.externaltools.gnu-tools-for-stm32.7-2018-q2-update.win32_1.0.0.201904181610/tools/bin/../lib/gcc/arm-none-eabi/7.3.1/thumb/v6-m\libgcc.a(_divsi3.o)
                              Drivers/STM32G0xx_HAL_Driver/Src/stm32g0xx_hal_uart_ex.o (__aeabi_idiv)
c:/st/stm32cubeide_1.2.0/stm32cubeide/plugins/com.st.stm32cube.ide.mcu.externaltools.gnu-tools-for-stm32.7-2018-q2-update.win32_1.0.0.201904181610/tools/bin/../lib/gcc/arm-none-eabi/7.3.1/thumb/v6-m\libgcc.a(_dvmd_tls.o)
                              c:/st/stm32cubeide_1.2.0/stm32cubeide/plugins/com.st.stm32cube.ide.mcu.externaltools.gnu-tools-for-stm32.7-2018-q2-update.win32_1.0.0.201904181610/tools/bin/../lib/gcc/arm-none-eabi/7.3.1/thumb/v6-m\libgcc.a(_udivsi3.o) (__aeabi_idiv0)
c:/st/stm32cubeide_1.2.0/stm32cubeide/plugins/com.st.stm32cube.ide.mcu.externaltools.gnu-tools-for-stm32.7-2018-q2-update.win32_1.0.0.201904181610/tools/bin/../lib/gcc/arm-none-eabi/7.3.1/thumb/v6-m\libgcc.a(_aeabi_uldivmod.o)
                              Drivers/STM32G0xx_HAL_Driver/Src/stm32g0xx_hal_uart.o (__aeabi_uldivmod)
c:/st/stm32cubeide_1.2.0/stm32cubeide/plugins/com.st.stm32cube.ide.mcu.externaltools.gnu-tools-for-stm32.7-2018-q2-update.win32_1.0.0.201904181610/tools/bin/../lib/gcc/arm-none-eabi/7.3.1/thumb/v6-m\libgcc.a(_udivmoddi4.o)
                              c:/st/stm32cubeide_1.2.0/stm32cubeide/plugins/com.st.stm32cube.ide.mcu.externaltools.gnu-tools-for-stm32.7-2018-q2-update.win32_1.0.0.201904181610/tools/bin/../lib/gcc/arm-none-eabi/7.3.1/thumb/v6-m\libgcc.a(_aeabi_uldivmod.o) (__udivmoddi4)
[...]
Memory Configuration

Name             Origin             Length             Attributes
RAM              0x0000000020000000 0x0000000000009000 xrw
FLASH            0x0000000008000000 0x0000000000020000 xr
*default*        0x0000000000000000 0xffffffffffffffff

Linker script and memory map

LOAD c:/st/stm32cubeide_1.2.0/stm32cubeide/plugins/com.st.stm32cube.ide.mcu.externaltools.gnu-tools-for-stm32.7-2018-q2-update.win32_1.0.0.201904181610/tools/bin/../lib/gcc/arm-none-eabi/7.3.1/thumb/v6-m/crti.o
LOAD c:/st/stm32cubeide_1.2.0/stm32cubeide/plugins/com.st.stm32cube.ide.mcu.externaltools.gnu-tools-for-stm32.7-2018-q2-update.win32_1.0.0.201904181610/tools/bin/../lib/gcc/arm-none-eabi/7.3.1/thumb/v6-m/crtbegin.o
LOAD c:/st/stm32cubeide_1.2.0/stm32cubeide/plugins/com.st.stm32cube.ide.mcu.externaltools.gnu-tools-for-stm32.7-2018-q2-update.win32_1.0.0.201904181610/tools/bin/../lib/gcc/arm-none-eabi/7.3.1/../../../../arm-none-eabi/lib/thumb/v6-m/crt0.o
LOAD Core/Src/app_freertos.o
LOAD Core/Src/common.o
LOAD Core/Src/cyclic.o
LOAD Core/Src/main.o
LOAD Core/Src/main_control.o
LOAD Core/Src/ram.o
LOAD Core/Src/stm32g0xx_hal_msp.o
LOAD Core/Src/stm32g0xx_hal_timebase_tim.o
LOAD Core/Src/stm32g0xx_it.o
LOAD Core/Src/syscalls.o
LOAD Core/Src/sysmem.o
LOAD Core/Src/system_stm32g0xx.o
LOAD Core/Src/uart_cardreaderserial.o
LOAD Core/Src/uart_ypserial.o
LOAD Core/Startup/startup_stm32g071gbux.o
LOAD Drivers/STM32G0xx_HAL_Driver/Src/stm32g0xx_hal.o
LOAD Drivers/STM32G0xx_HAL_Driver/Src/stm32g0xx_hal_cortex.o
LOAD Drivers/STM32G0xx_HAL_Driver/Src/stm32g0xx_hal_dma.o
LOAD Drivers/STM32G0xx_HAL_Driver/Src/stm32g0xx_hal_dma_ex.o
LOAD Drivers/STM32G0xx_HAL_Driver/Src/stm32g0xx_hal_exti.o
LOAD Drivers/STM32G0xx_HAL_Driver/Src/stm32g0xx_hal_flash.o
LOAD Drivers/STM32G0xx_HAL_Driver/Src/stm32g0xx_hal_flash_ex.o
LOAD Drivers/STM32G0xx_HAL_Driver/Src/stm32g0xx_hal_gpio.o
LOAD Drivers/STM32G0xx_HAL_Driver/Src/stm32g0xx_hal_iwdg.o
LOAD Drivers/STM32G0xx_HAL_Driver/Src/stm32g0xx_hal_pwr.o
LOAD Drivers/STM32G0xx_HAL_Driver/Src/stm32g0xx_hal_pwr_ex.o
LOAD Drivers/STM32G0xx_HAL_Driver/Src/stm32g0xx_hal_rcc.o
LOAD Drivers/STM32G0xx_HAL_Driver/Src/stm32g0xx_hal_rcc_ex.o
LOAD Drivers/STM32G0xx_HAL_Driver/Src/stm32g0xx_hal_tim.o
LOAD Drivers/STM32G0xx_HAL_Driver/Src/stm32g0xx_hal_tim_ex.o
LOAD Drivers/STM32G0xx_HAL_Driver/Src/stm32g0xx_hal_uart.o
LOAD Drivers/STM32G0xx_HAL_Driver/Src/stm32g0xx_hal_uart_ex.o
LOAD Drivers/STM32G0xx_HAL_Driver/Src/stm32g0xx_ll_rcc.o
LOAD Middlewares/Third_Party/FreeRTOS/Source/CMSIS_RTOS/cmsis_os.o
LOAD Middlewares/Third_Party/FreeRTOS/Source/croutine.o
LOAD Middlewares/Third_Party/FreeRTOS/Source/event_groups.o
LOAD Middlewares/Third_Party/FreeRTOS/Source/list.o
LOAD Middlewares/Third_Party/FreeRTOS/Source/queue.o
LOAD Middlewares/Third_Party/FreeRTOS/Source/stream_buffer.o
LOAD Middlewares/Third_Party/FreeRTOS/Source/tasks.o
LOAD Middlewares/Third_Party/FreeRTOS/Source/timers.o
LOAD Middlewares/Third_Party/FreeRTOS/Source/portable/GCC/ARM_CM0/port.o
LOAD Middlewares/Third_Party/FreeRTOS/Source/portable/MemMang/heap_4.o
START GROUP
LOAD c:/st/stm32cubeide_1.2.0/stm32cubeide/plugins/com.st.stm32cube.ide.mcu.externaltools.gnu-tools-for-stm32.7-2018-q2-update.win32_1.0.0.201904181610/tools/bin/../lib/gcc/arm-none-eabi/7.3.1/../../../../arm-none-eabi/lib/thumb/v6-m\libc_nano.a
LOAD c:/st/stm32cubeide_1.2.0/stm32cubeide/plugins/com.st.stm32cube.ide.mcu.externaltools.gnu-tools-for-stm32.7-2018-q2-update.win32_1.0.0.201904181610/tools/bin/../lib/gcc/arm-none-eabi/7.3.1/../../../../arm-none-eabi/lib/thumb/v6-m\libm.a
END GROUP
START GROUP
LOAD c:/st/stm32cubeide_1.2.0/stm32cubeide/plugins/com.st.stm32cube.ide.mcu.externaltools.gnu-tools-for-stm32.7-2018-q2-update.win32_1.0.0.201904181610/tools/bin/../lib/gcc/arm-none-eabi/7.3.1/thumb/v6-m\libgcc.a
LOAD c:/st/stm32cubeide_1.2.0/stm32cubeide/plugins/com.st.stm32cube.ide.mcu.externaltools.gnu-tools-for-stm32.7-2018-q2-update.win32_1.0.0.201904181610/tools/bin/../lib/gcc/arm-none-eabi/7.3.1/../../../../arm-none-eabi/lib/thumb/v6-m\libc_nano.a
END GROUP
START GROUP
LOAD c:/st/stm32cubeide_1.2.0/stm32cubeide/plugins/com.st.stm32cube.ide.mcu.externaltools.gnu-tools-for-stm32.7-2018-q2-update.win32_1.0.0.201904181610/tools/bin/../lib/gcc/arm-none-eabi/7.3.1/thumb/v6-m\libgcc.a
LOAD c:/st/stm32cubeide_1.2.0/stm32cubeide/plugins/com.st.stm32cube.ide.mcu.externaltools.gnu-tools-for-stm32.7-2018-q2-update.win32_1.0.0.201904181610/tools/bin/../lib/gcc/arm-none-eabi/7.3.1/../../../../arm-none-eabi/lib/thumb/v6-m\libc_nano.a
LOAD c:/st/stm32cubeide_1.2.0/stm32cubeide/plugins/com.st.stm32cube.ide.mcu.externaltools.gnu-tools-for-stm32.7-2018-q2-update.win32_1.0.0.201904181610/tools/bin/../lib/gcc/arm-none-eabi/7.3.1/../../../../arm-none-eabi/lib/thumb/v6-m\libnosys.a
END GROUP
START GROUP
LOAD c:/st/stm32cubeide_1.2.0/stm32cubeide/plugins/com.st.stm32cube.ide.mcu.externaltools.gnu-tools-for-stm32.7-2018-q2-update.win32_1.0.0.201904181610/tools/bin/../lib/gcc/arm-none-eabi/7.3.1/thumb/v6-m\libgcc.a
LOAD c:/st/stm32cubeide_1.2.0/stm32cubeide/plugins/com.st.stm32cube.ide.mcu.externaltools.gnu-tools-for-stm32.7-2018-q2-update.win32_1.0.0.201904181610/tools/bin/../lib/gcc/arm-none-eabi/7.3.1/../../../../arm-none-eabi/lib/thumb/v6-m\libc_nano.a
LOAD c:/st/stm32cubeide_1.2.0/stm32cubeide/plugins/com.st.stm32cube.ide.mcu.externaltools.gnu-tools-for-stm32.7-2018-q2-update.win32_1.0.0.201904181610/tools/bin/../lib/gcc/arm-none-eabi/7.3.1/../../../../arm-none-eabi/lib/thumb/v6-m\libnosys.a
END GROUP
LOAD c:/st/stm32cubeide_1.2.0/stm32cubeide/plugins/com.st.stm32cube.ide.mcu.externaltools.gnu-tools-for-stm32.7-2018-q2-update.win32_1.0.0.201904181610/tools/bin/../lib/gcc/arm-none-eabi/7.3.1/thumb/v6-m/crtend.o
LOAD c:/st/stm32cubeide_1.2.0/stm32cubeide/plugins/com.st.stm32cube.ide.mcu.externaltools.gnu-tools-for-stm32.7-2018-q2-update.win32_1.0.0.201904181610/tools/bin/../lib/gcc/arm-none-eabi/7.3.1/thumb/v6-m/crtn.o
                0x0000000020009000                _estack = (ORIGIN (RAM) + LENGTH (RAM))
                0x0000000000000200                _Min_Heap_Size = 0x200
                0x0000000000000400                _Min_Stack_Size = 0x400

.isr_vector     0x0000000008000000       0xbc
                0x0000000008000000                . = ALIGN (0x4)
 *(.isr_vector)
 .isr_vector    0x0000000008000000       0xbc Core/Startup/startup_stm32g071gbux.o
                0x0000000008000000                g_pfnVectors
                0x00000000080000bc                . = ALIGN (0x4)

.text           0x00000000080000c0     0x9440
                0x00000000080000c0                . = ALIGN (0x4)
 *(.text)
 .text          0x00000000080000c0       0x48 c:/st/stm32cubeide_1.2.0/stm32cubeide/plugins/com.st.stm32cube.ide.mcu.externaltools.gnu-tools-for-stm32.7-2018-q2-update.win32_1.0.0.201904181610/tools/bin/../lib/gcc/arm-none-eabi/7.3.1/thumb/v6-m/crtbegin.o
 .text          0x0000000008000108      0x114 c:/st/stm32cubeide_1.2.0/stm32cubeide/plugins/com.st.stm32cube.ide.mcu.externaltools.gnu-tools-for-stm32.7-2018-q2-update.win32_1.0.0.201904181610/tools/bin/../lib/gcc/arm-none-eabi/7.3.1/thumb/v6-m\libgcc.a(_udivsi3.o)
                0x0000000008000108                __aeabi_uidiv
                0x0000000008000108                __udivsi3
                0x0000000008000214                __aeabi_uidivmod
 .text          0x000000000800021c      0x1d4 c:/st/stm32cubeide_1.2.0/stm32cubeide/plugins/com.st.stm32cube.ide.mcu.externaltools.gnu-tools-for-stm32.7-2018-q2-update.win32_1.0.0.201904181610/tools/bin/../lib/gcc/arm-none-eabi/7.3.1/thumb/v6-m\libgcc.a(_divsi3.o)
                0x000000000800021c                __divsi3
                0x000000000800021c                __aeabi_idiv
                0x00000000080003e8                __aeabi_idivmod
 .text          0x00000000080003f0        0x4 c:/st/stm32cubeide_1.2.0/stm32cubeide/plugins/com.st.stm32cube.ide.mcu.externaltools.gnu-tools-for-stm32.7-2018-q2-update.win32_1.0.0.201904181610/tools/bin/../lib/gcc/arm-none-eabi/7.3.1/thumb/v6-m\libgcc.a(_dvmd_tls.o)
                0x00000000080003f0                __aeabi_idiv0
                0x00000000080003f0                __aeabi_ldiv0
 .text          0x00000000080003f4       0x40 c:/st/stm32cubeide_1.2.0/stm32cubeide/plugins/com.st.stm32cube.ide.mcu.externaltools.gnu-tools-for-stm32.7-2018-q2-update.win32_1.0.0.201904181610/tools/bin/../lib/gcc/arm-none-eabi/7.3.1/thumb/v6-m\libgcc.a(_aeabi_uldivmod.o)
                0x00000000080003f4                __aeabi_uldivmod
 .text          0x0000000008000434      0x184 c:/st/stm32cubeide_1.2.0/stm32cubeide/plugins/com.st.stm32cube.ide.mcu.externaltools.gnu-tools-for-stm32.7-2018-q2-update.win32_1.0.0.201904181610/tools/bin/../lib/gcc/arm-none-eabi/7.3.1/thumb/v6-m\libgcc.a(_udivmoddi4.o)
                0x0000000008000434                __udivmoddi4
 .text          0x00000000080005b8       0x18 c:/st/stm32cubeide_1.2.0/stm32cubeide/plugins/com.st.stm32cube.ide.mcu.externaltools.gnu-tools-for-stm32.7-2018-q2-update.win32_1.0.0.201904181610/tools/bin/../lib/gcc/arm-none-eabi/7.3.1/thumb/v6-m\libgcc.a(_clzdi2.o)
                0x00000000080005b8                __clzdi2
 .text          0x00000000080005d0       0x3c c:/st/stm32cubeide_1.2.0/stm32cubeide/plugins/com.st.stm32cube.ide.mcu.externaltools.gnu-tools-for-stm32.7-2018-q2-update.win32_1.0.0.201904181610/tools/bin/../lib/gcc/arm-none-eabi/7.3.1/thumb/v6-m\libgcc.a(_clzsi2.o)
                0x00000000080005d0                __clzsi2
 *(.text*)
 .text.vApplicationGetIdleTaskMemory
                0x000000000800060c       0x30 Core/Src/app_freertos.o
                0x000000000800060c                vApplicationGetIdleTaskMemory
 .text.vApplicationGetTimerTaskMemory
                0x000000000800063c       0x30 Core/Src/app_freertos.o
                0x000000000800063c                vApplicationGetTimerTaskMemory
 .text.c_memset
                0x000000000800066c       0x54 Core/Src/common.o
                0x000000000800066c                c_memset
 .text.Cyclic_Init
                0x00000000080006c0       0x16 Core/Src/cyclic.o
                0x00000000080006c0                Cyclic_Init
 .text.cyclic_routine
                0x00000000080006d6       0x12 Core/Src/cyclic.o
 .text.CyclicTaskEntry
                0x00000000080006e8       0x48 Core/Src/cyclic.o
                0x00000000080006e8                CyclicTaskEntry
 .text.CallbackCyclicTimer
                0x0000000008000730       0x20 Core/Src/cyclic.o
                0x0000000008000730                CallbackCyclicTimer
 .text.main     0x0000000008000750      0x318 Core/Src/main.o
                0x0000000008000750                main
 .text.SystemClock_Config
                0x0000000008000a68       0xcc Core/Src/main.o
                0x0000000008000a68                SystemClock_Config
 .text.MX_USART1_UART_Init
                0x0000000008000b34       0x9c Core/Src/main.o
 .text.MX_USART2_UART_Init
                0x0000000008000bd0       0x9c Core/Src/main.o
 .text.MX_DMA_Init
                0x0000000008000c6c       0x4c Core/Src/main.o
 .text.MX_GPIO_Init
                0x0000000008000cb8       0xc0 Core/Src/main.o
 .text.HAL_UART_TxCpltCallback
                0x0000000008000d78       0x3c Core/Src/main.o
                0x0000000008000d78                HAL_UART_TxCpltCallback
 .text.HAL_UART_RxCpltCallback
                0x0000000008000db4       0x3c Core/Src/main.o
                0x0000000008000db4                HAL_UART_RxCpltCallback
 .text.HAL_UART_ErrorCallback
                0x0000000008000df0       0x3c Core/Src/main.o
                0x0000000008000df0                HAL_UART_ErrorCallback
 .text.IdleTaskEntry
                0x0000000008000e2c       0x10 Core/Src/main.o
                0x0000000008000e2c                IdleTaskEntry
 .text.HAL_TIM_PeriodElapsedCallback
                0x0000000008000e3c       0x24 Core/Src/main.o
                0x0000000008000e3c                HAL_TIM_PeriodElapsedCallback
 .text.Error_Handler
                0x0000000008000e60        0xa Core/Src/main.o
                0x0000000008000e60                Error_Handler
 *fill*         0x0000000008000e6a        0x2 
 .text.MAIN_Init
                0x0000000008000e6c       0x40 Core/Src/main_control.o
                0x0000000008000e6c                MAIN_Init
 .text.init_cr_tx_dataset
                0x0000000008000eac       0xd0 Core/Src/main_control.o
 .text.nor_yp_tx_dataset
                0x0000000008000f7c       0xec Core/Src/main_control.o
 .text.MainControlTaskEntry
                0x0000000008001068       0xf0 Core/Src/main_control.o
                0x0000000008001068                MainControlTaskEntry
 .text.parse_yprx_serial
                0x0000000008001158       0x48 Core/Src/main_control.o
 .text.req_status
                0x00000000080011a0       0x4c Core/Src/main_control.o
                0x00000000080011a0                req_status
 .text.req_chgkind
                0x00000000080011ec       0x1c Core/Src/main_control.o
                0x00000000080011ec                req_chgkind
 .text.tsk000   0x0000000008001208       0x18 Core/Src/main_control.o
                0x0000000008001208                tsk000
 .text.tsk001   0x0000000008001220       0x18 Core/Src/main_control.o
                0x0000000008001220                tsk001
 .text.tsk002   0x0000000008001238       0x18 Core/Src/main_control.o
                0x0000000008001238                tsk002
 .text.tsk003   0x0000000008001250       0x18 Core/Src/main_control.o
                0x0000000008001250                tsk003
 .text.tsk004   0x0000000008001268       0x18 Core/Src/main_control.o
                0x0000000008001268                tsk004
 .text.tsk005   0x0000000008001280       0x18 Core/Src/main_control.o
                0x0000000008001280                tsk005
 .text.tsk006   0x0000000008001298       0x30 Core/Src/main_control.o
                0x0000000008001298                tsk006
 .text.tsk007   0x00000000080012c8       0x84 Core/Src/main_control.o
                0x00000000080012c8                tsk007
 .text.tsk008   0x000000000800134c       0x28 Core/Src/main_control.o
                0x000000000800134c                tsk008
 .text.tsk010   0x0000000008001374       0x24 Core/Src/main_control.o
                0x0000000008001374                tsk010
 .text.tsk011   0x0000000008001398        0xa Core/Src/main_control.o
                0x0000000008001398                tsk011
 *fill*         0x00000000080013a2        0x2 
 .text.tsk012   0x00000000080013a4       0x24 Core/Src/main_control.o
                0x00000000080013a4                tsk012
 .text.parse_crrx_serial
                0x00000000080013c8       0x7c Core/Src/main_control.o
 .text.HAL_MspInit
                0x0000000008001444       0x48 Core/Src/stm32g0xx_hal_msp.o
                0x0000000008001444                HAL_MspInit
 .text.HAL_TIM_Base_MspInit
                0x000000000800148c       0x48 Core/Src/stm32g0xx_hal_msp.o
                0x000000000800148c                HAL_TIM_Base_MspInit
 .text.HAL_UART_MspInit
                0x00000000080014d4      0x1dc Core/Src/stm32g0xx_hal_msp.o
                0x00000000080014d4                HAL_UART_MspInit
 .text.HAL_InitTick
                0x00000000080016b0       0xbc Core/Src/stm32g0xx_hal_timebase_tim.o
                0x00000000080016b0                HAL_InitTick
 .text.NMI_Handler
                0x000000000800176c        0xa Core/Src/stm32g0xx_it.o
                0x000000000800176c                NMI_Handler
 .text.HardFault_Handler
                0x0000000008001776        0x6 Core/Src/stm32g0xx_it.o
                0x0000000008001776                HardFault_Handler
 .text.DMA1_Channel1_IRQHandler
                0x000000000800177c       0x18 Core/Src/stm32g0xx_it.o
                0x000000000800177c                DMA1_Channel1_IRQHandler
 .text.DMA1_Channel2_3_IRQHandler
                0x0000000008001794       0x18 Core/Src/stm32g0xx_it.o
                0x0000000008001794                DMA1_Channel2_3_IRQHandler
 .text.TIM2_IRQHandler
                0x00000000080017ac       0x18 Core/Src/stm32g0xx_it.o
                0x00000000080017ac                TIM2_IRQHandler
 .text.TIM14_IRQHandler
                0x00000000080017c4       0x18 Core/Src/stm32g0xx_it.o
                0x00000000080017c4                TIM14_IRQHandler
 .text.USART1_IRQHandler
                0x00000000080017dc       0x18 Core/Src/stm32g0xx_it.o
                0x00000000080017dc                USART1_IRQHandler
 .text.USART2_IRQHandler
                0x00000000080017f4       0x18 Core/Src/stm32g0xx_it.o
                0x00000000080017f4                USART2_IRQHandler
 .text.SystemInit
                0x000000000800180c       0x18 Core/Src/system_stm32g0xx.o
                0x000000000800180c                SystemInit
 .text.CR_Init  0x0000000008001824       0x40 Core/Src/uart_cardreaderserial.o
                0x0000000008001824                CR_Init
 .text.CR_SerialOpen
                0x0000000008001864       0x4c Core/Src/uart_cardreaderserial.o
                0x0000000008001864                CR_SerialOpen
 .text.cr_SerialInit
                0x00000000080018b0       0x28 Core/Src/uart_cardreaderserial.o
                0x00000000080018b0                cr_SerialInit
 .text.UART1_RxCpltCallback
                0x00000000080018d8      0x198 Core/Src/uart_cardreaderserial.o
                0x00000000080018d8                UART1_RxCpltCallback
 .text.UART1_ErrorCallback
                0x0000000008001a70        0xe Core/Src/uart_cardreaderserial.o
                0x0000000008001a70                UART1_ErrorCallback
 .text.cr_serial_checksum
                0x0000000008001a7e       0x58 Core/Src/uart_cardreaderserial.o
 .text.idx_sum  0x0000000008001ad6       0x18 Core/Src/uart_cardreaderserial.o
 *fill*         0x0000000008001aee        0x2 
 .text.cr_ResetRxError
                0x0000000008001af0       0x34 Core/Src/uart_cardreaderserial.o
 .text.cr_ClearRxError
                0x0000000008001b24       0x38 Core/Src/uart_cardreaderserial.o
 .text.CR_SerialRxCheak
                0x0000000008001b5c       0x44 Core/Src/uart_cardreaderserial.o
                0x0000000008001b5c                CR_SerialRxCheak
 .text.CrSerialRxTaskEntry
                0x0000000008001ba0       0x64 Core/Src/uart_cardreaderserial.o
                0x0000000008001ba0                CrSerialRxTaskEntry
 .text.CrSerialTxTaskEntry
                0x0000000008001c04       0x9c Core/Src/uart_cardreaderserial.o
                0x0000000008001c04                CrSerialTxTaskEntry
 .text.UART1_TxCpltCallback
                0x0000000008001ca0       0x1c Core/Src/uart_cardreaderserial.o
                0x0000000008001ca0                UART1_TxCpltCallback
 .text.tx_cr_serial
                0x0000000008001cbc       0xd0 Core/Src/uart_cardreaderserial.o
 .text.parse_cr_serial
                0x0000000008001d8c       0x90 Core/Src/uart_cardreaderserial.o
 .text.req_tx_cr_serial
                0x0000000008001e1c       0x3a Core/Src/uart_cardreaderserial.o
                0x0000000008001e1c                req_tx_cr_serial
 *fill*         0x0000000008001e56        0x2 
 .text.YP_Init  0x0000000008001e58       0x40 Core/Src/uart_ypserial.o
                0x0000000008001e58                YP_Init
 .text.YP_SerialOpen
                0x0000000008001e98       0x4c Core/Src/uart_ypserial.o
                0x0000000008001e98                YP_SerialOpen
 .text.yp_SerialInit
                0x0000000008001ee4       0x28 Core/Src/uart_ypserial.o
                0x0000000008001ee4                yp_SerialInit
 .text.UART2_RxCpltCallback
                0x0000000008001f0c      0x1a0 Core/Src/uart_ypserial.o
                0x0000000008001f0c                UART2_RxCpltCallback
 .text.UART2_ErrorCallback
                0x00000000080020ac        0xe Core/Src/uart_ypserial.o
                0x00000000080020ac                UART2_ErrorCallback
 .text.yp_serial_checksum
                0x00000000080020ba       0x58 Core/Src/uart_ypserial.o
 .text.idx_sum  0x0000000008002112       0x18 Core/Src/uart_ypserial.o
 *fill*         0x000000000800212a        0x2 
 .text.yp_ResetRxError
                0x000000000800212c       0x34 Core/Src/uart_ypserial.o
 .text.yp_ClearRxError
                0x0000000008002160       0x38 Core/Src/uart_ypserial.o
 .text.YP_SerialRxCheak
                0x0000000008002198       0x44 Core/Src/uart_ypserial.o
                0x0000000008002198                YP_SerialRxCheak
 .text.YpSerialRxTaskEntry
                0x00000000080021dc       0x64 Core/Src/uart_ypserial.o
                0x00000000080021dc                YpSerialRxTaskEntry
 .text.YpSerialTxTaskEntry
                0x0000000008002240       0x9c Core/Src/uart_ypserial.o
                0x0000000008002240                YpSerialTxTaskEntry
 .text.UART2_TxCpltCallback
                0x00000000080022dc       0x1c Core/Src/uart_ypserial.o
                0x00000000080022dc                UART2_TxCpltCallback
 .text.tx_yp_serial
                0x00000000080022f8       0xcc Core/Src/uart_ypserial.o
 .text.parse_yp_serial
                0x00000000080023c4      0x1a0 Core/Src/uart_ypserial.o
 .text.req_tx_yp_serial
                0x0000000008002564       0x3c Core/Src/uart_ypserial.o
                0x0000000008002564                req_tx_yp_serial
 .text.Reset_Handler
                0x00000000080025a0       0x50 Core/Startup/startup_stm32g071gbux.o
                0x00000000080025a0                Reset_Handler
 .text.Default_Handler
                0x00000000080025f0        0x2 Core/Startup/startup_stm32g071gbux.o
                0x00000000080025f0                USART3_4_LPUART1_IRQHandler
                0x00000000080025f0                TIM1_CC_IRQHandler
                0x00000000080025f0                ADC1_COMP_IRQHandler
                0x00000000080025f0                PVD_IRQHandler
                0x00000000080025f0                I2C1_IRQHandler
                0x00000000080025f0                TIM7_LPTIM2_IRQHandler
                0x00000000080025f0                RTC_TAMP_IRQHandler
                0x00000000080025f0                SPI1_IRQHandler
                0x00000000080025f0                EXTI2_3_IRQHandler
                0x00000000080025f0                I2C2_IRQHandler
                0x00000000080025f0                TIM17_IRQHandler
                0x00000000080025f0                TIM16_IRQHandler
                0x00000000080025f0                TIM3_IRQHandler
                0x00000000080025f0                EXTI4_15_IRQHandler
                0x00000000080025f0                RCC_IRQHandler
                0x00000000080025f0                Default_Handler
                0x00000000080025f0                CEC_IRQHandler
                0x00000000080025f0                TIM15_IRQHandler
                0x00000000080025f0                EXTI0_1_IRQHandler
                0x00000000080025f0                SPI2_IRQHandler
                0x00000000080025f0                TIM6_DAC_LPTIM1_IRQHandler
                0x00000000080025f0                WWDG_IRQHandler
                0x00000000080025f0                DMA1_Ch4_7_DMAMUX1_OVR_IRQHandler
                0x00000000080025f0                UCPD1_2_IRQHandler
                0x00000000080025f0                FLASH_IRQHandler
                0x00000000080025f0                TIM1_BRK_UP_TRG_COM_IRQHandler
 *fill*         0x00000000080025f2        0x2 
 .text.HAL_Init
                0x00000000080025f4       0x40 Drivers/STM32G0xx_HAL_Driver/Src/stm32g0xx_hal.o
                0x00000000080025f4                HAL_Init
 .text.HAL_IncTick
                0x0000000008002634       0x20 Drivers/STM32G0xx_HAL_Driver/Src/stm32g0xx_hal.o
                0x0000000008002634                HAL_IncTick
 .text.HAL_GetTick
                0x0000000008002654       0x14 Drivers/STM32G0xx_HAL_Driver/Src/stm32g0xx_hal.o
                0x0000000008002654                HAL_GetTick
 .text.__NVIC_EnableIRQ
                0x0000000008002668       0x34 Drivers/STM32G0xx_HAL_Driver/Src/stm32g0xx_hal_cortex.o
 .text.__NVIC_SetPriority
                0x000000000800269c       0xdc Drivers/STM32G0xx_HAL_Driver/Src/stm32g0xx_hal_cortex.o
 .text.HAL_NVIC_SetPriority
                0x0000000008002778       0x2a Drivers/STM32G0xx_HAL_Driver/Src/stm32g0xx_hal_cortex.o
                0x0000000008002778                HAL_NVIC_SetPriority
 .text.HAL_NVIC_EnableIRQ
                0x00000000080027a2       0x20 Drivers/STM32G0xx_HAL_Driver/Src/stm32g0xx_hal_cortex.o
                0x00000000080027a2                HAL_NVIC_EnableIRQ
 *fill*         0x00000000080027c2        0x2 
 .text.HAL_DMA_Init
                0x00000000080027c4      0x114 Drivers/STM32G0xx_HAL_Driver/Src/stm32g0xx_hal_dma.o
                0x00000000080027c4                HAL_DMA_Init
 .text.HAL_DMA_Start_IT
                0x00000000080028d8      0x10e Drivers/STM32G0xx_HAL_Driver/Src/stm32g0xx_hal_dma.o
                0x00000000080028d8                HAL_DMA_Start_IT
 *fill*         0x00000000080029e6        0x2 
 .text.HAL_DMA_Abort_IT
                0x00000000080029e8       0xf4 Drivers/STM32G0xx_HAL_Driver/Src/stm32g0xx_hal_dma.o
                0x00000000080029e8                HAL_DMA_Abort_IT
 .text.HAL_DMA_IRQHandler
                0x0000000008002adc      0x164 Drivers/STM32G0xx_HAL_Driver/Src/stm32g0xx_hal_dma.o
                0x0000000008002adc                HAL_DMA_IRQHandler
 .text.DMA_SetConfig
                0x0000000008002c40       0x80 Drivers/STM32G0xx_HAL_Driver/Src/stm32g0xx_hal_dma.o
 .text.DMA_CalcDMAMUXChannelBaseAndMask
                0x0000000008002cc0       0x58 Drivers/STM32G0xx_HAL_Driver/Src/stm32g0xx_hal_dma.o
 .text.DMA_CalcDMAMUXRequestGenBaseAndMask
                0x0000000008002d18       0x48 Drivers/STM32G0xx_HAL_Driver/Src/stm32g0xx_hal_dma.o
 .text.HAL_GPIO_Init
                0x0000000008002d60      0x2c8 Drivers/STM32G0xx_HAL_Driver/Src/stm32g0xx_hal_gpio.o
                0x0000000008002d60                HAL_GPIO_Init
 .text.HAL_GPIO_WritePin
                0x0000000008003028       0x3a Drivers/STM32G0xx_HAL_Driver/Src/stm32g0xx_hal_gpio.o
                0x0000000008003028                HAL_GPIO_WritePin
 *fill*         0x0000000008003062        0x2 
 .text.HAL_PWREx_ControlVoltageScaling
                0x0000000008003064       0x80 Drivers/STM32G0xx_HAL_Driver/Src/stm32g0xx_hal_pwr_ex.o
                0x0000000008003064                HAL_PWREx_ControlVoltageScaling
 .text.LL_RCC_GetAPB1Prescaler
                0x00000000080030e4       0x18 Drivers/STM32G0xx_HAL_Driver/Src/stm32g0xx_hal_rcc.o
 .text.HAL_RCC_OscConfig
                0x00000000080030fc      0x640 Drivers/STM32G0xx_HAL_Driver/Src/stm32g0xx_hal_rcc.o
                0x00000000080030fc                HAL_RCC_OscConfig
 .text.HAL_RCC_ClockConfig
                0x000000000800373c      0x210 Drivers/STM32G0xx_HAL_Driver/Src/stm32g0xx_hal_rcc.o
                0x000000000800373c                HAL_RCC_ClockConfig
 .text.HAL_RCC_GetSysClockFreq
                0x000000000800394c      0x104 Drivers/STM32G0xx_HAL_Driver/Src/stm32g0xx_hal_rcc.o
                0x000000000800394c                HAL_RCC_GetSysClockFreq
 .text.HAL_RCC_GetHCLKFreq
                0x0000000008003a50       0x14 Drivers/STM32G0xx_HAL_Driver/Src/stm32g0xx_hal_rcc.o
                0x0000000008003a50                HAL_RCC_GetHCLKFreq
 .text.HAL_RCC_GetPCLK1Freq
                0x0000000008003a64       0x2c Drivers/STM32G0xx_HAL_Driver/Src/stm32g0xx_hal_rcc.o
                0x0000000008003a64                HAL_RCC_GetPCLK1Freq
 .text.HAL_RCC_GetClockConfig
                0x0000000008003a90       0x54 Drivers/STM32G0xx_HAL_Driver/Src/stm32g0xx_hal_rcc.o
                0x0000000008003a90                HAL_RCC_GetClockConfig
 .text.HAL_RCCEx_PeriphCLKConfig
                0x0000000008003ae4      0x370 Drivers/STM32G0xx_HAL_Driver/Src/stm32g0xx_hal_rcc_ex.o
                0x0000000008003ae4                HAL_RCCEx_PeriphCLKConfig
 .text.HAL_TIM_Base_Init
                0x0000000008003e54       0x58 Drivers/STM32G0xx_HAL_Driver/Src/stm32g0xx_hal_tim.o
                0x0000000008003e54                HAL_TIM_Base_Init
 .text.HAL_TIM_Base_Start_IT
                0x0000000008003eac       0x54 Drivers/STM32G0xx_HAL_Driver/Src/stm32g0xx_hal_tim.o
                0x0000000008003eac                HAL_TIM_Base_Start_IT
 .text.HAL_TIM_IRQHandler
                0x0000000008003f00      0x264 Drivers/STM32G0xx_HAL_Driver/Src/stm32g0xx_hal_tim.o
                0x0000000008003f00                HAL_TIM_IRQHandler
 .text.HAL_TIM_OC_DelayElapsedCallback
                0x0000000008004164       0x10 Drivers/STM32G0xx_HAL_Driver/Src/stm32g0xx_hal_tim.o
                0x0000000008004164                HAL_TIM_OC_DelayElapsedCallback
 .text.HAL_TIM_IC_CaptureCallback
                0x0000000008004174       0x10 Drivers/STM32G0xx_HAL_Driver/Src/stm32g0xx_hal_tim.o
                0x0000000008004174                HAL_TIM_IC_CaptureCallback
 .text.HAL_TIM_PWM_PulseFinishedCallback
                0x0000000008004184       0x10 Drivers/STM32G0xx_HAL_Driver/Src/stm32g0xx_hal_tim.o
                0x0000000008004184                HAL_TIM_PWM_PulseFinishedCallback
 .text.HAL_TIM_TriggerCallback
                0x0000000008004194       0x10 Drivers/STM32G0xx_HAL_Driver/Src/stm32g0xx_hal_tim.o
                0x0000000008004194                HAL_TIM_TriggerCallback
 .text.TIM_Base_SetConfig
                0x00000000080041a4      0x100 Drivers/STM32G0xx_HAL_Driver/Src/stm32g0xx_hal_tim.o
                0x00000000080041a4                TIM_Base_SetConfig
 .text.HAL_TIMEx_CommutCallback
                0x00000000080042a4       0x10 Drivers/STM32G0xx_HAL_Driver/Src/stm32g0xx_hal_tim_ex.o
                0x00000000080042a4                HAL_TIMEx_CommutCallback
 .text.HAL_TIMEx_BreakCallback
                0x00000000080042b4       0x10 Drivers/STM32G0xx_HAL_Driver/Src/stm32g0xx_hal_tim_ex.o
                0x00000000080042b4                HAL_TIMEx_BreakCallback
 .text.HAL_TIMEx_Break2Callback
                0x00000000080042c4       0x10 Drivers/STM32G0xx_HAL_Driver/Src/stm32g0xx_hal_tim_ex.o
                0x00000000080042c4                HAL_TIMEx_Break2Callback
 .text.HAL_UART_Init
                0x00000000080042d4       0xac Drivers/STM32G0xx_HAL_Driver/Src/stm32g0xx_hal_uart.o
                0x00000000080042d4                HAL_UART_Init
 .text.HAL_UART_Receive_IT
                0x0000000008004380      0x1e8 Drivers/STM32G0xx_HAL_Driver/Src/stm32g0xx_hal_uart.o
                0x0000000008004380                HAL_UART_Receive_IT
 .text.HAL_UART_Transmit_DMA
                0x0000000008004568      0x128 Drivers/STM32G0xx_HAL_Driver/Src/stm32g0xx_hal_uart.o
                0x0000000008004568                HAL_UART_Transmit_DMA
 .text.HAL_UART_IRQHandler
                0x0000000008004690      0x2bc Drivers/STM32G0xx_HAL_Driver/Src/stm32g0xx_hal_uart.o
                0x0000000008004690                HAL_UART_IRQHandler
 .text.HAL_UART_TxHalfCpltCallback
                0x000000000800494c       0x10 Drivers/STM32G0xx_HAL_Driver/Src/stm32g0xx_hal_uart.o
                0x000000000800494c                HAL_UART_TxHalfCpltCallback
 .text.UART_SetConfig
                0x000000000800495c     0x11e8 Drivers/STM32G0xx_HAL_Driver/Src/stm32g0xx_hal_uart.o
                0x000000000800495c                UART_SetConfig
 .text.UART_AdvFeatureConfig
                0x0000000008005b44      0x168 Drivers/STM32G0xx_HAL_Driver/Src/stm32g0xx_hal_uart.o
                0x0000000008005b44                UART_AdvFeatureConfig
 .text.UART_CheckIdleState
                0x0000000008005cac       0x94 Drivers/STM32G0xx_HAL_Driver/Src/stm32g0xx_hal_uart.o
                0x0000000008005cac                UART_CheckIdleState
 .text.UART_WaitOnFlagUntilTimeout
                0x0000000008005d40       0x98 Drivers/STM32G0xx_HAL_Driver/Src/stm32g0xx_hal_uart.o
                0x0000000008005d40                UART_WaitOnFlagUntilTimeout
 .text.UART_EndTxTransfer
                0x0000000008005dd8       0x3c Drivers/STM32G0xx_HAL_Driver/Src/stm32g0xx_hal_uart.o
 .text.UART_EndRxTransfer
                0x0000000008005e14       0x48 Drivers/STM32G0xx_HAL_Driver/Src/stm32g0xx_hal_uart.o
 .text.UART_DMATransmitCplt
                0x0000000008005e5c       0x54 Drivers/STM32G0xx_HAL_Driver/Src/stm32g0xx_hal_uart.o
 .text.UART_DMATxHalfCplt
                0x0000000008005eb0       0x1e Drivers/STM32G0xx_HAL_Driver/Src/stm32g0xx_hal_uart.o
 .text.UART_DMAError
                0x0000000008005ece       0x86 Drivers/STM32G0xx_HAL_Driver/Src/stm32g0xx_hal_uart.o
 .text.UART_DMAAbortOnError
                0x0000000008005f54       0x2e Drivers/STM32G0xx_HAL_Driver/Src/stm32g0xx_hal_uart.o
 .text.UART_EndTransmit_IT
                0x0000000008005f82       0x36 Drivers/STM32G0xx_HAL_Driver/Src/stm32g0xx_hal_uart.o
 .text.UART_RxISR_8BIT
                0x0000000008005fb8       0xc0 Drivers/STM32G0xx_HAL_Driver/Src/stm32g0xx_hal_uart.o
 .text.UART_RxISR_16BIT
                0x0000000008006078       0xc0 Drivers/STM32G0xx_HAL_Driver/Src/stm32g0xx_hal_uart.o
 .text.UART_RxISR_8BIT_FIFOEN
                0x0000000008006138      0x13c Drivers/STM32G0xx_HAL_Driver/Src/stm32g0xx_hal_uart.o
 .text.UART_RxISR_16BIT_FIFOEN
                0x0000000008006274      0x13c Drivers/STM32G0xx_HAL_Driver/Src/stm32g0xx_hal_uart.o
 .text.HAL_UARTEx_WakeupCallback
                0x00000000080063b0       0x10 Drivers/STM32G0xx_HAL_Driver/Src/stm32g0xx_hal_uart_ex.o
                0x00000000080063b0                HAL_UARTEx_WakeupCallback
 .text.HAL_UARTEx_RxFifoFullCallback
                0x00000000080063c0       0x10 Drivers/STM32G0xx_HAL_Driver/Src/stm32g0xx_hal_uart_ex.o
                0x00000000080063c0                HAL_UARTEx_RxFifoFullCallback
 .text.HAL_UARTEx_TxFifoEmptyCallback
                0x00000000080063d0       0x10 Drivers/STM32G0xx_HAL_Driver/Src/stm32g0xx_hal_uart_ex.o
                0x00000000080063d0                HAL_UARTEx_TxFifoEmptyCallback
 .text.HAL_UARTEx_DisableFifoMode
                0x00000000080063e0       0x74 Drivers/STM32G0xx_HAL_Driver/Src/stm32g0xx_hal_uart_ex.o
                0x00000000080063e0                HAL_UARTEx_DisableFifoMode
 .text.HAL_UARTEx_SetTxFifoThreshold
                0x0000000008006454       0x7e Drivers/STM32G0xx_HAL_Driver/Src/stm32g0xx_hal_uart_ex.o
                0x0000000008006454                HAL_UARTEx_SetTxFifoThreshold
 *fill*         0x00000000080064d2        0x2 
 .text.HAL_UARTEx_SetRxFifoThreshold
                0x00000000080064d4       0x84 Drivers/STM32G0xx_HAL_Driver/Src/stm32g0xx_hal_uart_ex.o
                0x00000000080064d4                HAL_UARTEx_SetRxFifoThreshold
 .text.UARTEx_SetNbDataToProcess
                0x0000000008006558       0xd4 Drivers/STM32G0xx_HAL_Driver/Src/stm32g0xx_hal_uart_ex.o
 .text.makeFreeRtosPriority
                0x000000000800662c       0x32 Middlewares/Third_Party/FreeRTOS/Source/CMSIS_RTOS/cmsis_os.o
 .text.inHandlerMode
                0x000000000800665e       0x1c Middlewares/Third_Party/FreeRTOS/Source/CMSIS_RTOS/cmsis_os.o
 .text.osKernelStart
                0x000000000800667a       0x10 Middlewares/Third_Party/FreeRTOS/Source/CMSIS_RTOS/cmsis_os.o
                0x000000000800667a                osKernelStart
 .text.osThreadCreate
                0x000000000800668a       0x9a Middlewares/Third_Party/FreeRTOS/Source/CMSIS_RTOS/cmsis_os.o
                0x000000000800668a                osThreadCreate
 .text.osDelay  0x0000000008006724       0x28 Middlewares/Third_Party/FreeRTOS/Source/CMSIS_RTOS/cmsis_os.o
                0x0000000008006724                osDelay
 .text.osTimerCreate
                0x000000000800674c       0x78 Middlewares/Third_Party/FreeRTOS/Source/CMSIS_RTOS/cmsis_os.o
                0x000000000800674c                osTimerCreate
 .text.osTimerStart
                0x00000000080067c4       0x80 Middlewares/Third_Party/FreeRTOS/Source/CMSIS_RTOS/cmsis_os.o
                0x00000000080067c4                osTimerStart
 .text.osSignalSet
                0x0000000008006844       0x74 Middlewares/Third_Party/FreeRTOS/Source/CMSIS_RTOS/cmsis_os.o
                0x0000000008006844                osSignalSet
 .text.osSignalWait
                0x00000000080068b8       0xac Middlewares/Third_Party/FreeRTOS/Source/CMSIS_RTOS/cmsis_os.o
                0x00000000080068b8                osSignalWait
 .text.osPoolCreate
                0x0000000008006964       0xc2 Middlewares/Third_Party/FreeRTOS/Source/CMSIS_RTOS/cmsis_os.o
                0x0000000008006964                osPoolCreate
 .text.osPoolAlloc
                0x0000000008006a26       0xa8 Middlewares/Third_Party/FreeRTOS/Source/CMSIS_RTOS/cmsis_os.o
                0x0000000008006a26                osPoolAlloc
 .text.osPoolFree
                0x0000000008006ace       0x80 Middlewares/Third_Party/FreeRTOS/Source/CMSIS_RTOS/cmsis_os.o
                0x0000000008006ace                osPoolFree
 .text.osMessageCreate
                0x0000000008006b4e       0x52 Middlewares/Third_Party/FreeRTOS/Source/CMSIS_RTOS/cmsis_os.o
                0x0000000008006b4e                osMessageCreate
 .text.osMailCreate
                0x0000000008006ba0       0xb8 Middlewares/Third_Party/FreeRTOS/Source/CMSIS_RTOS/cmsis_os.o
                0x0000000008006ba0                osMailCreate
 .text.osMailAlloc
                0x0000000008006c58       0x2c Middlewares/Third_Party/FreeRTOS/Source/CMSIS_RTOS/cmsis_os.o
                0x0000000008006c58                osMailAlloc
 .text.osMailPut
                0x0000000008006c84       0x70 Middlewares/Third_Party/FreeRTOS/Source/CMSIS_RTOS/cmsis_os.o
                0x0000000008006c84                osMailPut
 .text.osMailGet
                0x0000000008006cf4       0xe4 Middlewares/Third_Party/FreeRTOS/Source/CMSIS_RTOS/cmsis_os.o
                0x0000000008006cf4                osMailGet
 .text.osMailFree
                0x0000000008006dd8       0x2c Middlewares/Third_Party/FreeRTOS/Source/CMSIS_RTOS/cmsis_os.o
                0x0000000008006dd8                osMailFree
 .text.vListInitialise
                0x0000000008006e04       0x3c Middlewares/Third_Party/FreeRTOS/Source/list.o
                0x0000000008006e04                vListInitialise
 .text.vListInitialiseItem
                0x0000000008006e40       0x16 Middlewares/Third_Party/FreeRTOS/Source/list.o
                0x0000000008006e40                vListInitialiseItem
 .text.vListInsertEnd
                0x0000000008006e56       0x44 Middlewares/Third_Party/FreeRTOS/Source/list.o
                0x0000000008006e56                vListInsertEnd
 .text.vListInsert
                0x0000000008006e9a       0x6c Middlewares/Third_Party/FreeRTOS/Source/list.o
                0x0000000008006e9a                vListInsert
 .text.uxListRemove
                0x0000000008006f06       0x50 Middlewares/Third_Party/FreeRTOS/Source/list.o
                0x0000000008006f06                uxListRemove
 .text.xQueueGenericReset
                0x0000000008006f56       0xa8 Middlewares/Third_Party/FreeRTOS/Source/queue.o
                0x0000000008006f56                xQueueGenericReset
 .text.xQueueGenericCreateStatic
                0x0000000008006ffe       0x96 Middlewares/Third_Party/FreeRTOS/Source/queue.o
                0x0000000008006ffe                xQueueGenericCreateStatic
 .text.xQueueGenericCreate
                0x0000000008007094       0x6c Middlewares/Third_Party/FreeRTOS/Source/queue.o
                0x0000000008007094                xQueueGenericCreate
 .text.prvInitialiseNewQueue
                0x0000000008007100       0x44 Middlewares/Third_Party/FreeRTOS/Source/queue.o
 .text.xQueueGenericSend
                0x0000000008007144      0x188 Middlewares/Third_Party/FreeRTOS/Source/queue.o
                0x0000000008007144                xQueueGenericSend
 .text.xQueueGenericSendFromISR
                0x00000000080072cc       0xe2 Middlewares/Third_Party/FreeRTOS/Source/queue.o
                0x00000000080072cc                xQueueGenericSendFromISR
 .text.xQueueReceive
                0x00000000080073ae      0x16a Middlewares/Third_Party/FreeRTOS/Source/queue.o
                0x00000000080073ae                xQueueReceive
 .text.xQueueReceiveFromISR
                0x0000000008007518       0xc6 Middlewares/Third_Party/FreeRTOS/Source/queue.o
                0x0000000008007518                xQueueReceiveFromISR
 .text.prvCopyDataToQueue
                0x00000000080075de       0xd6 Middlewares/Third_Party/FreeRTOS/Source/queue.o
 .text.prvCopyDataFromQueue
                0x00000000080076b4       0x4c Middlewares/Third_Party/FreeRTOS/Source/queue.o
 .text.prvUnlockQueue
                0x0000000008007700       0xbc Middlewares/Third_Party/FreeRTOS/Source/queue.o
 .text.prvIsQueueEmpty
                0x00000000080077bc       0x2c Middlewares/Third_Party/FreeRTOS/Source/queue.o
 .text.prvIsQueueFull
                0x00000000080077e8       0x30 Middlewares/Third_Party/FreeRTOS/Source/queue.o
 .text.vQueueAddToRegistry
                0x0000000008007818       0x50 Middlewares/Third_Party/FreeRTOS/Source/queue.o
                0x0000000008007818                vQueueAddToRegistry
 .text.vQueueWaitForMessageRestricted
                0x0000000008007868       0x66 Middlewares/Third_Party/FreeRTOS/Source/queue.o
                0x0000000008007868                vQueueWaitForMessageRestricted
 .text.xTaskCreateStatic
                0x00000000080078ce       0x86 Middlewares/Third_Party/FreeRTOS/Source/tasks.o
                0x00000000080078ce                xTaskCreateStatic
 .text.xTaskCreate
                0x0000000008007954       0x98 Middlewares/Third_Party/FreeRTOS/Source/tasks.o
                0x0000000008007954                xTaskCreate
 .text.prvInitialiseNewTask
                0x00000000080079ec       0xf4 Middlewares/Third_Party/FreeRTOS/Source/tasks.o
 .text.prvAddNewTaskToReadyList
                0x0000000008007ae0       0xc8 Middlewares/Third_Party/FreeRTOS/Source/tasks.o
 .text.vTaskDelay
                0x0000000008007ba8       0x4c Middlewares/Third_Party/FreeRTOS/Source/tasks.o
                0x0000000008007ba8                vTaskDelay
 .text.vTaskStartScheduler
                0x0000000008007bf4       0xa8 Middlewares/Third_Party/FreeRTOS/Source/tasks.o
                0x0000000008007bf4                vTaskStartScheduler
 .text.vTaskSuspendAll
                0x0000000008007c9c       0x18 Middlewares/Third_Party/FreeRTOS/Source/tasks.o
                0x0000000008007c9c                vTaskSuspendAll
 .text.xTaskResumeAll
                0x0000000008007cb4      0x118 Middlewares/Third_Party/FreeRTOS/Source/tasks.o
                0x0000000008007cb4                xTaskResumeAll
 .text.xTaskGetTickCount
                0x0000000008007dcc       0x1c Middlewares/Third_Party/FreeRTOS/Source/tasks.o
                0x0000000008007dcc                xTaskGetTickCount
 .text.xTaskIncrementTick
                0x0000000008007de8      0x168 Middlewares/Third_Party/FreeRTOS/Source/tasks.o
                0x0000000008007de8                xTaskIncrementTick
 .text.vTaskSwitchContext
                0x0000000008007f50       0xa4 Middlewares/Third_Party/FreeRTOS/Source/tasks.o
                0x0000000008007f50                vTaskSwitchContext
 .text.vTaskPlaceOnEventList
                0x0000000008007ff4       0x3c Middlewares/Third_Party/FreeRTOS/Source/tasks.o
                0x0000000008007ff4                vTaskPlaceOnEventList
 .text.vTaskPlaceOnEventListRestricted
                0x0000000008008030       0x4c Middlewares/Third_Party/FreeRTOS/Source/tasks.o
                0x0000000008008030                vTaskPlaceOnEventListRestricted
 .text.xTaskRemoveFromEventList
                0x000000000800807c       0xb8 Middlewares/Third_Party/FreeRTOS/Source/tasks.o
                0x000000000800807c                xTaskRemoveFromEventList
 .text.vTaskInternalSetTimeOutState
                0x0000000008008134       0x28 Middlewares/Third_Party/FreeRTOS/Source/tasks.o
                0x0000000008008134                vTaskInternalSetTimeOutState
 .text.xTaskCheckForTimeOut
                0x000000000800815c       0xa0 Middlewares/Third_Party/FreeRTOS/Source/tasks.o
                0x000000000800815c                xTaskCheckForTimeOut
 .text.vTaskMissedYield
                0x00000000080081fc       0x14 Middlewares/Third_Party/FreeRTOS/Source/tasks.o
                0x00000000080081fc                vTaskMissedYield
 .text.prvIdleTask
                0x0000000008008210       0x20 Middlewares/Third_Party/FreeRTOS/Source/tasks.o
 .text.prvInitialiseTaskLists
                0x0000000008008230       0x88 Middlewares/Third_Party/FreeRTOS/Source/tasks.o
 .text.prvCheckTasksWaitingTermination
                0x00000000080082b8       0x5c Middlewares/Third_Party/FreeRTOS/Source/tasks.o
 .text.prvDeleteTCB
                0x0000000008008314       0x50 Middlewares/Third_Party/FreeRTOS/Source/tasks.o
 .text.prvResetNextTaskUnblockTime
                0x0000000008008364       0x48 Middlewares/Third_Party/FreeRTOS/Source/tasks.o
 .text.xTaskGetSchedulerState
                0x00000000080083ac       0x38 Middlewares/Third_Party/FreeRTOS/Source/tasks.o
                0x00000000080083ac                xTaskGetSchedulerState
 .text.xTaskPriorityDisinherit
                0x00000000080083e4       0xb8 Middlewares/Third_Party/FreeRTOS/Source/tasks.o
                0x00000000080083e4                xTaskPriorityDisinherit
 .text.xTaskNotifyWait
                0x000000000800849c       0xa8 Middlewares/Third_Party/FreeRTOS/Source/tasks.o
                0x000000000800849c                xTaskNotifyWait
 .text.xTaskGenericNotify
                0x0000000008008544      0x118 Middlewares/Third_Party/FreeRTOS/Source/tasks.o
                0x0000000008008544                xTaskGenericNotify
 .text.xTaskGenericNotifyFromISR
                0x000000000800865c      0x154 Middlewares/Third_Party/FreeRTOS/Source/tasks.o
                0x000000000800865c                xTaskGenericNotifyFromISR
 .text.prvAddCurrentTaskToDelayedList
                0x00000000080087b0       0xa8 Middlewares/Third_Party/FreeRTOS/Source/tasks.o
 .text.xTimerCreateTimerTask
                0x0000000008008858       0x7c Middlewares/Third_Party/FreeRTOS/Source/timers.o
                0x0000000008008858                xTimerCreateTimerTask
 .text.xTimerCreate
                0x00000000080088d4       0x46 Middlewares/Third_Party/FreeRTOS/Source/timers.o
                0x00000000080088d4                xTimerCreate
 .text.xTimerCreateStatic
                0x000000000800891a       0x58 Middlewares/Third_Party/FreeRTOS/Source/timers.o
                0x000000000800891a                xTimerCreateStatic
 .text.prvInitialiseNewTimer
                0x0000000008008972       0x52 Middlewares/Third_Party/FreeRTOS/Source/timers.o
 .text.xTimerGenericCommand
                0x00000000080089c4       0x98 Middlewares/Third_Party/FreeRTOS/Source/timers.o
                0x00000000080089c4                xTimerGenericCommand
 .text.prvProcessExpiredTimer
                0x0000000008008a5c       0x70 Middlewares/Third_Party/FreeRTOS/Source/timers.o
 .text.prvTimerTask
                0x0000000008008acc       0x28 Middlewares/Third_Party/FreeRTOS/Source/timers.o
 .text.prvProcessTimerOrBlockTask
                0x0000000008008af4       0x8c Middlewares/Third_Party/FreeRTOS/Source/timers.o
 .text.prvGetNextExpireTime
                0x0000000008008b80       0x40 Middlewares/Third_Party/FreeRTOS/Source/timers.o
 .text.prvSampleTimeNow
                0x0000000008008bc0       0x40 Middlewares/Third_Party/FreeRTOS/Source/timers.o
 .text.prvInsertTimerInActiveList
                0x0000000008008c00       0x84 Middlewares/Third_Party/FreeRTOS/Source/timers.o
 .text.prvProcessReceivedCommands
                0x0000000008008c84      0x108 Middlewares/Third_Party/FreeRTOS/Source/timers.o
 .text.prvSwitchTimerLists
                0x0000000008008d8c       0xb4 Middlewares/Third_Party/FreeRTOS/Source/timers.o
 .text.prvCheckForValidListAndQueue
                0x0000000008008e40       0x88 Middlewares/Third_Party/FreeRTOS/Source/timers.o
 .text.pxPortInitialiseStack
                0x0000000008008ec8       0x54 Middlewares/Third_Party/FreeRTOS/Source/portable/GCC/ARM_CM0/port.o
                0x0000000008008ec8                pxPortInitialiseStack
 .text.prvTaskExitError
                0x0000000008008f1c       0x2c Middlewares/Third_Party/FreeRTOS/Source/portable/GCC/ARM_CM0/port.o
 .text.SVC_Handler
                0x0000000008008f48        0xa Middlewares/Third_Party/FreeRTOS/Source/portable/GCC/ARM_CM0/port.o
                0x0000000008008f48                SVC_Handler
 *fill*         0x0000000008008f52        0xe 
 .text.vPortStartFirstTask
                0x0000000008008f60       0x38 Middlewares/Third_Party/FreeRTOS/Source/portable/GCC/ARM_CM0/port.o
 .text.xPortStartScheduler
                0x0000000008008f98       0x48 Middlewares/Third_Party/FreeRTOS/Source/portable/GCC/ARM_CM0/port.o
                0x0000000008008f98                xPortStartScheduler
 .text.vPortYield
                0x0000000008008fe0       0x20 Middlewares/Third_Party/FreeRTOS/Source/portable/GCC/ARM_CM0/port.o
                0x0000000008008fe0                vPortYield
 .text.vPortEnterCritical
                0x0000000008009000       0x24 Middlewares/Third_Party/FreeRTOS/Source/portable/GCC/ARM_CM0/port.o
                0x0000000008009000                vPortEnterCritical
 .text.vPortExitCritical
                0x0000000008009024       0x30 Middlewares/Third_Party/FreeRTOS/Source/portable/GCC/ARM_CM0/port.o
                0x0000000008009024                vPortExitCritical
 .text.ulSetInterruptMaskFromISR
                0x0000000008009054        0xc Middlewares/Third_Party/FreeRTOS/Source/portable/GCC/ARM_CM0/port.o
                0x0000000008009054                ulSetInterruptMaskFromISR
 .text.vClearInterruptMaskFromISR
                0x0000000008009060        0x8 Middlewares/Third_Party/FreeRTOS/Source/portable/GCC/ARM_CM0/port.o
                0x0000000008009060                vClearInterruptMaskFromISR
 *fill*         0x0000000008009068        0x8 
 .text.PendSV_Handler
                0x0000000008009070       0x48 Middlewares/Third_Party/FreeRTOS/Source/portable/GCC/ARM_CM0/port.o
                0x0000000008009070                PendSV_Handler
 .text.SysTick_Handler
                0x00000000080090b8       0x34 Middlewares/Third_Party/FreeRTOS/Source/portable/GCC/ARM_CM0/port.o
                0x00000000080090b8                SysTick_Handler
 .text.prvSetupTimerInterrupt
                0x00000000080090ec       0x44 Middlewares/Third_Party/FreeRTOS/Source/portable/GCC/ARM_CM0/port.o
 .text.pvPortMalloc
                0x0000000008009130      0x14c Middlewares/Third_Party/FreeRTOS/Source/portable/MemMang/heap_4.o
                0x0000000008009130                pvPortMalloc
 .text.vPortFree
                0x000000000800927c       0x90 Middlewares/Third_Party/FreeRTOS/Source/portable/MemMang/heap_4.o
                0x000000000800927c                vPortFree
 .text.prvHeapInit
                0x000000000800930c       0xc0 Middlewares/Third_Party/FreeRTOS/Source/portable/MemMang/heap_4.o
 .text.prvInsertBlockIntoFreeList
                0x00000000080093cc       0xb0 Middlewares/Third_Party/FreeRTOS/Source/portable/MemMang/heap_4.o
 .text.__libc_init_array
                0x000000000800947c       0x48 c:/st/stm32cubeide_1.2.0/stm32cubeide/plugins/com.st.stm32cube.ide.mcu.externaltools.gnu-tools-for-stm32.7-2018-q2-update.win32_1.0.0.201904181610/tools/bin/../lib/gcc/arm-none-eabi/7.3.1/../../../../arm-none-eabi/lib/thumb/v6-m\libc_nano.a(lib_a-init.o)
                0x000000000800947c                __libc_init_array
 .text.memcpy   0x00000000080094c4       0x12 c:/st/stm32cubeide_1.2.0/stm32cubeide/plugins/com.st.stm32cube.ide.mcu.externaltools.gnu-tools-for-stm32.7-2018-q2-update.win32_1.0.0.201904181610/tools/bin/../lib/gcc/arm-none-eabi/7.3.1/../../../../arm-none-eabi/lib/thumb/v6-m\libc_nano.a(lib_a-memcpy-stub.o)
                0x00000000080094c4                memcpy
 .text.memset   0x00000000080094d6       0x10 c:/st/stm32cubeide_1.2.0/stm32cubeide/plugins/com.st.stm32cube.ide.mcu.externaltools.gnu-tools-for-stm32.7-2018-q2-update.win32_1.0.0.201904181610/tools/bin/../lib/gcc/arm-none-eabi/7.3.1/../../../../arm-none-eabi/lib/thumb/v6-m\libc_nano.a(lib_a-memset.o)
                0x00000000080094d6                memset
 *(.glue_7)
 .glue_7        0x00000000080094e6        0x0 linker stubs
 *(.glue_7t)
 .glue_7t       0x00000000080094e6        0x0 linker stubs
 *(.eh_frame)
 *fill*         0x00000000080094e6        0x2 
 .eh_frame      0x00000000080094e8        0x0 c:/st/stm32cubeide_1.2.0/stm32cubeide/plugins/com.st.stm32cube.ide.mcu.externaltools.gnu-tools-for-stm32.7-2018-q2-update.win32_1.0.0.201904181610/tools/bin/../lib/gcc/arm-none-eabi/7.3.1/thumb/v6-m/crtbegin.o
 *(.init)
 .init          0x00000000080094e8        0x4 c:/st/stm32cubeide_1.2.0/stm32cubeide/plugins/com.st.stm32cube.ide.mcu.externaltools.gnu-tools-for-stm32.7-2018-q2-update.win32_1.0.0.201904181610/tools/bin/../lib/gcc/arm-none-eabi/7.3.1/thumb/v6-m/crti.o
                0x00000000080094e8                _init
 .init          0x00000000080094ec        0x8 c:/st/stm32cubeide_1.2.0/stm32cubeide/plugins/com.st.stm32cube.ide.mcu.externaltools.gnu-tools-for-stm32.7-2018-q2-update.win32_1.0.0.201904181610/tools/bin/../lib/gcc/arm-none-eabi/7.3.1/thumb/v6-m/crtn.o
 *(.fini)
 .fini          0x00000000080094f4        0x4 c:/st/stm32cubeide_1.2.0/stm32cubeide/plugins/com.st.stm32cube.ide.mcu.externaltools.gnu-tools-for-stm32.7-2018-q2-update.win32_1.0.0.201904181610/tools/bin/../lib/gcc/arm-none-eabi/7.3.1/thumb/v6-m/crti.o
                0x00000000080094f4                _fini
 .fini          0x00000000080094f8        0x8 c:/st/stm32cubeide_1.2.0/stm32cubeide/plugins/com.st.stm32cube.ide.mcu.externaltools.gnu-tools-for-stm32.7-2018-q2-update.win32_1.0.0.201904181610/tools/bin/../lib/gcc/arm-none-eabi/7.3.1/thumb/v6-m/crtn.o
                0x0000000008009500                . = ALIGN (0x4)
                0x0000000008009500                _etext = .

.vfp11_veneer   0x0000000008009500        0x0
 .vfp11_veneer  0x0000000008009500        0x0 linker stubs

.v4_bx          0x0000000008009500        0x0
 .v4_bx         0x0000000008009500        0x0 linker stubs

.iplt           0x0000000008009500        0x0
 .iplt          0x0000000008009500        0x0 c:/st/stm32cubeide_1.2.0/stm32cubeide/plugins/com.st.stm32cube.ide.mcu.externaltools.gnu-tools-for-stm32.7-2018-q2-update.win32_1.0.0.201904181610/tools/bin/../lib/gcc/arm-none-eabi/7.3.1/thumb/v6-m/crtbegin.o

.rodata         0x0000000008009500      0x420
                0x0000000008009500                . = ALIGN (0x4)
 *(.rodata)
 .rodata        0x0000000008009500      0x14c Core/Src/main.o
 .rodata        0x000000000800964c       0x10 Drivers/STM32G0xx_HAL_Driver/Src/stm32g0xx_hal_uart_ex.o
 .rodata        0x000000000800965c        0x1 Middlewares/Third_Party/FreeRTOS/Source/CMSIS_RTOS/cmsis_os.o
 *fill*         0x000000000800965d        0x3 
 .rodata        0x0000000008009660        0x5 Middlewares/Third_Party/FreeRTOS/Source/tasks.o
 *fill*         0x0000000008009665        0x3 
 .rodata        0x0000000008009668        0xd Middlewares/Third_Party/FreeRTOS/Source/timers.o
 *(.rodata*)
 *fill*         0x0000000008009675        0x3 
 .rodata.TBL_STR_SETINVENTORY
                0x0000000008009678       0x12 Core/Src/main_control.o
                0x0000000008009678                TBL_STR_SETINVENTORY
 *fill*         0x000000000800968a        0x2 
 .rodata.TBL_STR_SETCOMMOD1
                0x000000000800968c        0x4 Core/Src/main_control.o
                0x000000000800968c                TBL_STR_SETCOMMOD1
 .rodata.TBL_STR_SETMODE
                0x0000000008009690       0x10 Core/Src/main_control.o
                0x0000000008009690                TBL_STR_SETMODE
 .rodata.TBL_STR_SETCOMMOD2
                0x00000000080096a0        0x4 Core/Src/main_control.o
                0x00000000080096a0                TBL_STR_SETCOMMOD2
 .rodata.TBL_STR_REQMODE1
                0x00000000080096a4        0x6 Core/Src/main_control.o
                0x00000000080096a4                TBL_STR_REQMODE1
 *fill*         0x00000000080096aa        0x2 
 .rodata.TBL_STR_REQMODE2
                0x00000000080096ac        0x6 Core/Src/main_control.o
                0x00000000080096ac                TBL_STR_REQMODE2
 *fill*         0x00000000080096b2        0x2 
 .rodata.TBL_STR_REQMODE3
                0x00000000080096b4        0x6 Core/Src/main_control.o
                0x00000000080096b4                TBL_STR_REQMODE3
 *fill*         0x00000000080096ba        0x2 
 .rodata.TBL_STR_TERM
                0x00000000080096bc        0x4 Core/Src/main_control.o
                0x00000000080096bc                TBL_STR_TERM
 .rodata.CR_TX_INI_DATA_TBL
                0x00000000080096c0       0x40 Core/Src/main_control.o
                0x00000000080096c0                CR_TX_INI_DATA_TBL
 .rodata.TBL_STR_ANSSTATUS
                0x0000000008009700        0x8 Core/Src/main_control.o
                0x0000000008009700                TBL_STR_ANSSTATUS
 .rodata.TBL_STR_ANSRESET
                0x0000000008009708        0x4 Core/Src/main_control.o
                0x0000000008009708                TBL_STR_ANSRESET
 .rodata.TBL_STR_ANSKIND
                0x000000000800970c        0x4 Core/Src/main_control.o
                0x000000000800970c                TBL_STR_ANSKIND
 .rodata.TBL_STR_ANSDATA
                0x0000000008009710       0x20 Core/Src/main_control.o
                0x0000000008009710                TBL_STR_ANSDATA
 .rodata.YP_TX_NOR_DATA_TBL
                0x0000000008009730       0x28 Core/Src/main_control.o
                0x0000000008009730                YP_TX_NOR_DATA_TBL
 .rodata.tburtevt
                0x0000000008009758        0x8 Core/Src/main_control.o
 .rodata.tsk007
                0x0000000008009760       0x38 Core/Src/main_control.o
 .rodata.tsk008
                0x0000000008009798       0x38 Core/Src/main_control.o
 .rodata.tb_INIT
                0x00000000080097d0       0x50 Core/Src/main_control.o
                0x00000000080097d0                tb_INIT
 .rodata.tb_NOR1
                0x0000000008009820       0x18 Core/Src/main_control.o
                0x0000000008009820                tb_NOR1
 .rodata.tb_NOR2
                0x0000000008009838       0x18 Core/Src/main_control.o
                0x0000000008009838                tb_NOR2
 .rodata.tbevad
                0x0000000008009850        0xc Core/Src/main_control.o
                0x0000000008009850                tbevad
 .rodata.AHBPrescTable
                0x000000000800985c       0x40 Core/Src/system_stm32g0xx.o
                0x000000000800985c                AHBPrescTable
 .rodata.APBPrescTable
                0x000000000800989c       0x20 Core/Src/system_stm32g0xx.o
                0x000000000800989c                APBPrescTable
 .rodata.parse_yp_serial
                0x00000000080098bc       0x14 Core/Src/uart_ypserial.o
 .rodata.xTaskGenericNotify
                0x00000000080098d0       0x14 Middlewares/Third_Party/FreeRTOS/Source/tasks.o
 .rodata.xTaskGenericNotifyFromISR
                0x00000000080098e4       0x14 Middlewares/Third_Party/FreeRTOS/Source/tasks.o
 .rodata.prvProcessReceivedCommands
                0x00000000080098f8       0x28 Middlewares/Third_Party/FreeRTOS/Source/timers.o
                0x0000000008009920                . = ALIGN (0x4)

.ARM.extab      0x0000000008009920        0x0
                0x0000000008009920                . = ALIGN (0x4)
 *(.ARM.extab* .gnu.linkonce.armextab.*)
                0x0000000008009920                . = ALIGN (0x4)

.ARM            0x0000000008009920        0x8
                0x0000000008009920                . = ALIGN (0x4)
                0x0000000008009920                __exidx_start = .
 *(.ARM.exidx*)
 .ARM.exidx     0x0000000008009920        0x8 c:/st/stm32cubeide_1.2.0/stm32cubeide/plugins/com.st.stm32cube.ide.mcu.externaltools.gnu-tools-for-stm32.7-2018-q2-update.win32_1.0.0.201904181610/tools/bin/../lib/gcc/arm-none-eabi/7.3.1/thumb/v6-m\libgcc.a(_udivmoddi4.o)
                0x0000000008009928                __exidx_end = .
                0x0000000008009928                . = ALIGN (0x4)

.rel.dyn        0x0000000008009928        0x0
 .rel.iplt      0x0000000008009928        0x0 c:/st/stm32cubeide_1.2.0/stm32cubeide/plugins/com.st.stm32cube.ide.mcu.externaltools.gnu-tools-for-stm32.7-2018-q2-update.win32_1.0.0.201904181610/tools/bin/../lib/gcc/arm-none-eabi/7.3.1/thumb/v6-m/crtbegin.o

.preinit_array  0x0000000008009928        0x0
                0x0000000008009928                . = ALIGN (0x4)
                0x0000000008009928                PROVIDE (__preinit_array_start = .)
 *(.preinit_array*)
                0x0000000008009928                PROVIDE (__preinit_array_end = .)
                0x0000000008009928                . = ALIGN (0x4)

.init_array     0x0000000008009928        0x4
                0x0000000008009928                . = ALIGN (0x4)
                0x0000000008009928                PROVIDE (__init_array_start = .)
 *(SORT_BY_NAME(.init_array.*))
 *(.init_array*)
 .init_array    0x0000000008009928        0x4 c:/st/stm32cubeide_1.2.0/stm32cubeide/plugins/com.st.stm32cube.ide.mcu.externaltools.gnu-tools-for-stm32.7-2018-q2-update.win32_1.0.0.201904181610/tools/bin/../lib/gcc/arm-none-eabi/7.3.1/thumb/v6-m/crtbegin.o
                0x000000000800992c                PROVIDE (__init_array_end = .)
                0x000000000800992c                . = ALIGN (0x4)

.fini_array     0x000000000800992c        0x4
                0x000000000800992c                . = ALIGN (0x4)
                [!provide]                        PROVIDE (__fini_array_start = .)
 *(SORT_BY_NAME(.fini_array.*))
 *(.fini_array*)
 .fini_array    0x000000000800992c        0x4 c:/st/stm32cubeide_1.2.0/stm32cubeide/plugins/com.st.stm32cube.ide.mcu.externaltools.gnu-tools-for-stm32.7-2018-q2-update.win32_1.0.0.201904181610/tools/bin/../lib/gcc/arm-none-eabi/7.3.1/thumb/v6-m/crtbegin.o
                [!provide]                        PROVIDE (__fini_array_end = .)
                0x0000000008009930                . = ALIGN (0x4)
                0x0000000008009930                _sidata = LOADADDR (.data)

.data           0x0000000020000000       0x10 load address 0x0000000008009930
                0x0000000020000000                . = ALIGN (0x4)
                0x0000000020000000                _sdata = .
 *(.data)
 *(.data*)
 .data.SystemCoreClock
                0x0000000020000000        0x4 Core/Src/system_stm32g0xx.o
                0x0000000020000000                SystemCoreClock
 .data.uwTickPrio
                0x0000000020000004        0x4 Drivers/STM32G0xx_HAL_Driver/Src/stm32g0xx_hal.o
                0x0000000020000004                uwTickPrio
 .data.uwTickFreq
                0x0000000020000008        0x4 Drivers/STM32G0xx_HAL_Driver/Src/stm32g0xx_hal.o
                0x0000000020000008                uwTickFreq
 .data.uxCriticalNesting
                0x000000002000000c        0x4 Middlewares/Third_Party/FreeRTOS/Source/portable/GCC/ARM_CM0/port.o
                0x0000000020000010                . = ALIGN (0x4)
                0x0000000020000010                _edata = .

.igot.plt       0x0000000020000010        0x0 load address 0x0000000008009940
 .igot.plt      0x0000000020000010        0x0 c:/st/stm32cubeide_1.2.0/stm32cubeide/plugins/com.st.stm32cube.ide.mcu.externaltools.gnu-tools-for-stm32.7-2018-q2-update.win32_1.0.0.201904181610/tools/bin/../lib/gcc/arm-none-eabi/7.3.1/thumb/v6-m/crtbegin.o
                0x0000000020000010                . = ALIGN (0x4)

.bss            0x0000000020000010     0x3940 load address 0x0000000008009940
                0x0000000020000010                _sbss = .
                0x0000000020000010                __bss_start__ = _sbss
 *(.bss)
 .bss           0x0000000020000010       0x1c c:/st/stm32cubeide_1.2.0/stm32cubeide/plugins/com.st.stm32cube.ide.mcu.externaltools.gnu-tools-for-stm32.7-2018-q2-update.win32_1.0.0.201904181610/tools/bin/../lib/gcc/arm-none-eabi/7.3.1/thumb/v6-m/crtbegin.o
 *(.bss*)
 .bss.xIdleTaskTCBBuffer
                0x000000002000002c       0x54 Core/Src/app_freertos.o
 .bss.xIdleStack
                0x0000000020000080      0x200 Core/Src/app_freertos.o
 .bss.xTimerTaskTCBBuffer
                0x0000000020000280       0x54 Core/Src/app_freertos.o
 .bss.xTimerStack
                0x00000000200002d4      0x400 Core/Src/app_freertos.o
 .bss.mainstatus
                0x00000000200006d4        0x1 Core/Src/main_control.o
 .bss.next_mainstatus
                0x00000000200006d5        0x1 Core/Src/main_control.o
 .bss.err_status
                0x00000000200006d6        0x1 Core/Src/main_control.o
 .bss.init_seq  0x00000000200006d7        0x1 Core/Src/main_control.o
 .bss.tx_cmd    0x00000000200006d8        0x1 Core/Src/main_control.o
 *fill*         0x00000000200006d9        0x3 
 .bss.cr_rev_data
                0x00000000200006dc       0x78 Core/Src/main_control.o
 .bss.cr_serial
                0x0000000020000754        0x8 Core/Src/uart_cardreaderserial.o
 .bss.cr_rx     0x000000002000075c       0x8c Core/Src/uart_cardreaderserial.o
 .bss.cr_tx     0x00000000200007e8       0x84 Core/Src/uart_cardreaderserial.o
 .bss.buffer    0x000000002000086c        0x1 Core/Src/uart_cardreaderserial.o
 *fill*         0x000000002000086d        0x3 
 .bss.yp_serial
                0x0000000020000870        0x8 Core/Src/uart_ypserial.o
 .bss.yp_rx     0x0000000020000878       0x20 Core/Src/uart_ypserial.o
 .bss.yp_tx     0x0000000020000898       0x18 Core/Src/uart_ypserial.o
 .bss.buffer    0x00000000200008b0        0x1 Core/Src/uart_ypserial.o
 *fill*         0x00000000200008b1        0x3 
 .bss.pxCurrentTCB
                0x00000000200008b4        0x4 Middlewares/Third_Party/FreeRTOS/Source/tasks.o
                0x00000000200008b4                pxCurrentTCB
 .bss.pxReadyTasksLists
                0x00000000200008b8       0x8c Middlewares/Third_Party/FreeRTOS/Source/tasks.o
 .bss.xDelayedTaskList1
                0x0000000020000944       0x14 Middlewares/Third_Party/FreeRTOS/Source/tasks.o
 .bss.xDelayedTaskList2
                0x0000000020000958       0x14 Middlewares/Third_Party/FreeRTOS/Source/tasks.o
 .bss.pxDelayedTaskList
                0x000000002000096c        0x4 Middlewares/Third_Party/FreeRTOS/Source/tasks.o
 .bss.pxOverflowDelayedTaskList
                0x0000000020000970        0x4 Middlewares/Third_Party/FreeRTOS/Source/tasks.o
 .bss.xPendingReadyList
                0x0000000020000974       0x14 Middlewares/Third_Party/FreeRTOS/Source/tasks.o
 .bss.xTasksWaitingTermination
                0x0000000020000988       0x14 Middlewares/Third_Party/FreeRTOS/Source/tasks.o
 .bss.uxDeletedTasksWaitingCleanUp
                0x000000002000099c        0x4 Middlewares/Third_Party/FreeRTOS/Source/tasks.o
 .bss.xSuspendedTaskList
                0x00000000200009a0       0x14 Middlewares/Third_Party/FreeRTOS/Source/tasks.o
 .bss.uxCurrentNumberOfTasks
                0x00000000200009b4        0x4 Middlewares/Third_Party/FreeRTOS/Source/tasks.o
 .bss.xTickCount
                0x00000000200009b8        0x4 Middlewares/Third_Party/FreeRTOS/Source/tasks.o
 .bss.uxTopReadyPriority
                0x00000000200009bc        0x4 Middlewares/Third_Party/FreeRTOS/Source/tasks.o
 .bss.xSchedulerRunning
                0x00000000200009c0        0x4 Middlewares/Third_Party/FreeRTOS/Source/tasks.o
 .bss.uxPendedTicks
                0x00000000200009c4        0x4 Middlewares/Third_Party/FreeRTOS/Source/tasks.o
 .bss.xYieldPending
                0x00000000200009c8        0x4 Middlewares/Third_Party/FreeRTOS/Source/tasks.o
 .bss.xNumOfOverflows
                0x00000000200009cc        0x4 Middlewares/Third_Party/FreeRTOS/Source/tasks.o
 .bss.uxTaskNumber
                0x00000000200009d0        0x4 Middlewares/Third_Party/FreeRTOS/Source/tasks.o
 .bss.xNextTaskUnblockTime
                0x00000000200009d4        0x4 Middlewares/Third_Party/FreeRTOS/Source/tasks.o
 .bss.xIdleTaskHandle
                0x00000000200009d8        0x4 Middlewares/Third_Party/FreeRTOS/Source/tasks.o
 .bss.uxSchedulerSuspended
                0x00000000200009dc        0x4 Middlewares/Third_Party/FreeRTOS/Source/tasks.o
 .bss.xActiveTimerList1
                0x00000000200009e0       0x14 Middlewares/Third_Party/FreeRTOS/Source/timers.o
 .bss.xActiveTimerList2
                0x00000000200009f4       0x14 Middlewares/Third_Party/FreeRTOS/Source/timers.o
 .bss.pxCurrentTimerList
                0x0000000020000a08        0x4 Middlewares/Third_Party/FreeRTOS/Source/timers.o
 .bss.pxOverflowTimerList
                0x0000000020000a0c        0x4 Middlewares/Third_Party/FreeRTOS/Source/timers.o
 .bss.xTimerQueue
                0x0000000020000a10        0x4 Middlewares/Third_Party/FreeRTOS/Source/timers.o
 .bss.xTimerTaskHandle
                0x0000000020000a14        0x4 Middlewares/Third_Party/FreeRTOS/Source/timers.o
 .bss.xLastTime.5426
                0x0000000020000a18        0x4 Middlewares/Third_Party/FreeRTOS/Source/timers.o
 .bss.ucStaticTimerQueueStorage.5475
                0x0000000020000a1c       0x78 Middlewares/Third_Party/FreeRTOS/Source/timers.o
 .bss.xStaticTimerQueue.5474
                0x0000000020000a94       0x48 Middlewares/Third_Party/FreeRTOS/Source/timers.o
 .bss.ucHeap    0x0000000020000adc     0x1800 Middlewares/Third_Party/FreeRTOS/Source/portable/MemMang/heap_4.o
 .bss.xStart    0x00000000200022dc        0x8 Middlewares/Third_Party/FreeRTOS/Source/portable/MemMang/heap_4.o
 .bss.pxEnd     0x00000000200022e4        0x4 Middlewares/Third_Party/FreeRTOS/Source/portable/MemMang/heap_4.o
 .bss.xFreeBytesRemaining
                0x00000000200022e8        0x4 Middlewares/Third_Party/FreeRTOS/Source/portable/MemMang/heap_4.o
 .bss.xMinimumEverFreeBytesRemaining
                0x00000000200022ec        0x4 Middlewares/Third_Party/FreeRTOS/Source/portable/MemMang/heap_4.o
 .bss.xBlockAllocatedBit
                0x00000000200022f0        0x4 Middlewares/Third_Party/FreeRTOS/Source/portable/MemMang/heap_4.o
 *(COMMON)
 COMMON         0x00000000200022f4     0x15d4 Core/Src/main.o
                0x00000000200022f4                MainControlTaskHandle
                0x00000000200022f8                CyclicTimerControlBlock
                0x0000000020002324                myMutex01ControlBlock
                0x000000002000236c                YpSerialRxControlBlock
                0x00000000200023c0                CrSerialTxMailHandle
                0x00000000200023c4                YpSerialTxMailHandle
                0x00000000200023c8                IdleBuffer
                0x00000000200025c8                CyclicTimerHandle
                0x00000000200025cc                hiwdg
                0x00000000200025dc                MainControlMailHandle
                0x00000000200025e0                YpSerialRxHandle
                0x00000000200025e4                CrSerialTxBuffer
                0x00000000200027e4                CrSerialRxControlBlock
                0x0000000020002838                IdleHandle
                0x000000002000283c                CrSerialRxBuffer
                0x0000000020002a3c                hdma_usart1_tx
                0x0000000020002a98                hdma_usart2_tx
                0x0000000020002af4                IdleControlBlock
                0x0000000020002b48                WarningReqQueueBuffer
                0x0000000020002b58                huart1
                0x0000000020002be4                CyclicControlBlock
                0x0000000020002c38                MainControlTaskControlBlock
                0x0000000020002c8c                CrSerialRxQueueHandle
                0x0000000020002c90                YpSerialRxMailHandle
                0x0000000020002c94                MainControlTaskBuffer
                0x0000000020002e94                WarningReqQueueHandle
                0x0000000020002e98                SubTaskHandle
                0x0000000020002e9c                WarningReqQueueControlBlock
                0x0000000020002ee4                CrSerialTxHandle
                0x0000000020002ee8                CrSerialRxMailHandle
                0x0000000020002eec                YpSerialTxControlBlock
                0x0000000020002f40                htim2
                0x0000000020002f80                YpSerialRxBuffer
                0x0000000020003180                huart2
                0x000000002000320c                YpSerialTxBuffer
                0x000000002000340c                YpSerialTxHandle
                0x0000000020003410                CrSerialRxHandle
                0x0000000020003414                CyclicBuffer
                0x0000000020003614                SubTaskControlBlock
                0x0000000020003668                CrSerialTxControlBlock
                0x00000000200036bc                CyclicHandle
                0x00000000200036c0                myMutex01Handle
                0x00000000200036c4                YpSerialRxQueueHandle
                0x00000000200036c8                SubTaskBuffer
 COMMON         0x00000000200038c8        0x1 Core/Src/main_control.o
                0x00000000200038c8                read_cardkind
 *fill*         0x00000000200038c9        0x3 
 COMMON         0x00000000200038cc       0x40 Core/Src/stm32g0xx_hal_timebase_tim.o
                0x00000000200038cc                htim14
 COMMON         0x000000002000390c        0x4 Drivers/STM32G0xx_HAL_Driver/Src/stm32g0xx_hal.o
                0x000000002000390c                uwTick
 COMMON         0x0000000020003910       0x40 Middlewares/Third_Party/FreeRTOS/Source/queue.o
                0x0000000020003910                xQueueRegistry
                0x0000000020003950                . = ALIGN (0x4)
                0x0000000020003950                _ebss = .
                0x0000000020003950                __bss_end__ = _ebss

._user_heap_stack
                0x0000000020003950      0x600 load address 0x0000000008009940
                0x0000000020003950                . = ALIGN (0x8)
                [!provide]                        PROVIDE (end = .)
                0x0000000020003950                PROVIDE (_end = .)
                0x0000000020003b50                . = (. + _Min_Heap_Size)
 *fill*         0x0000000020003950      0x200 
                0x0000000020003f50                . = (. + _Min_Stack_Size)
 *fill*         0x0000000020003b50      0x400 
                0x0000000020003f50                . = ALIGN (0x8)

/DISCARD/
 libc.a(*)
 libm.a(*)
 libgcc.a(*)

.ARM.attributes
                0x0000000000000000       0x28
 *(.ARM.attributes)
 .ARM.attributes
                0x0000000000000000       0x1e c:/st/stm32cubeide_1.2.0/stm32cubeide/plugins/com.st.stm32cube.ide.mcu.externaltools.gnu-tools-for-stm32.7-2018-q2-update.win32_1.0.0.201904181610/tools/bin/../lib/gcc/arm-none-eabi/7.3.1/thumb/v6-m/crti.o
 .ARM.attributes
                0x000000000000001e       0x2c c:/st/stm32cubeide_1.2.0/stm32cubeide/plugins/com.st.stm32cube.ide.mcu.externaltools.gnu-tools-for-stm32.7-2018-q2-update.win32_1.0.0.201904181610/tools/bin/../lib/gcc/arm-none-eabi/7.3.1/thumb/v6-m/crtbegin.o
 .ARM.attributes
                0x000000000000004a       0x32 Core/Src/app_freertos.o
 .ARM.attributes
                0x000000000000007c       0x32 Core/Src/common.o
 .ARM.attributes
                0x00000000000000ae       0x32 Core/Src/cyclic.o
 .ARM.attributes
                0x00000000000000e0       0x32 Core/Src/main.o
 .ARM.attributes
                0x0000000000000112       0x32 Core/Src/main_control.o
 .ARM.attributes
                0x0000000000000144       0x32 Core/Src/stm32g0xx_hal_msp.o
 .ARM.attributes
                0x0000000000000176       0x32 Core/Src/stm32g0xx_hal_timebase_tim.o
 .ARM.attributes
                0x00000000000001a8       0x32 Core/Src/stm32g0xx_it.o
 .ARM.attributes
                0x00000000000001da       0x32 Core/Src/system_stm32g0xx.o
 .ARM.attributes
                0x000000000000020c       0x32 Core/Src/uart_cardreaderserial.o
 .ARM.attributes
                0x000000000000023e       0x32 Core/Src/uart_ypserial.o
 .ARM.attributes
                0x0000000000000270       0x21 Core/Startup/startup_stm32g071gbux.o
 .ARM.attributes
                0x0000000000000291       0x32 Drivers/STM32G0xx_HAL_Driver/Src/stm32g0xx_hal.o
 .ARM.attributes
                0x00000000000002c3       0x32 Drivers/STM32G0xx_HAL_Driver/Src/stm32g0xx_hal_cortex.o
 .ARM.attributes
                0x00000000000002f5       0x32 Drivers/STM32G0xx_HAL_Driver/Src/stm32g0xx_hal_dma.o
 .ARM.attributes
                0x0000000000000327       0x32 Drivers/STM32G0xx_HAL_Driver/Src/stm32g0xx_hal_gpio.o
 .ARM.attributes
                0x0000000000000359       0x32 Drivers/STM32G0xx_HAL_Driver/Src/stm32g0xx_hal_pwr_ex.o
 .ARM.attributes
                0x000000000000038b       0x32 Drivers/STM32G0xx_HAL_Driver/Src/stm32g0xx_hal_rcc.o
 .ARM.attributes
                0x00000000000003bd       0x32 Drivers/STM32G0xx_HAL_Driver/Src/stm32g0xx_hal_rcc_ex.o
 .ARM.attributes
                0x00000000000003ef       0x32 Drivers/STM32G0xx_HAL_Driver/Src/stm32g0xx_hal_tim.o
 .ARM.attributes
                0x0000000000000421       0x32 Drivers/STM32G0xx_HAL_Driver/Src/stm32g0xx_hal_tim_ex.o
 .ARM.attributes
                0x0000000000000453       0x32 Drivers/STM32G0xx_HAL_Driver/Src/stm32g0xx_hal_uart.o
 .ARM.attributes
                0x0000000000000485       0x32 Drivers/STM32G0xx_HAL_Driver/Src/stm32g0xx_hal_uart_ex.o
 .ARM.attributes
                0x00000000000004b7       0x32 Middlewares/Third_Party/FreeRTOS/Source/CMSIS_RTOS/cmsis_os.o
 .ARM.attributes
                0x00000000000004e9       0x32 Middlewares/Third_Party/FreeRTOS/Source/list.o
 .ARM.attributes
                0x000000000000051b       0x32 Middlewares/Third_Party/FreeRTOS/Source/queue.o
 .ARM.attributes
                0x000000000000054d       0x32 Middlewares/Third_Party/FreeRTOS/Source/tasks.o
 .ARM.attributes
                0x000000000000057f       0x32 Middlewares/Third_Party/FreeRTOS/Source/timers.o
 .ARM.attributes
                0x00000000000005b1       0x32 Middlewares/Third_Party/FreeRTOS/Source/portable/GCC/ARM_CM0/port.o
 .ARM.attributes
                0x00000000000005e3       0x32 Middlewares/Third_Party/FreeRTOS/Source/portable/MemMang/heap_4.o
 .ARM.attributes
                0x0000000000000615       0x2c c:/st/stm32cubeide_1.2.0/stm32cubeide/plugins/com.st.stm32cube.ide.mcu.externaltools.gnu-tools-for-stm32.7-2018-q2-update.win32_1.0.0.201904181610/tools/bin/../lib/gcc/arm-none-eabi/7.3.1/../../../../arm-none-eabi/lib/thumb/v6-m\libc_nano.a(lib_a-init.o)
 .ARM.attributes
                0x0000000000000641       0x2c c:/st/stm32cubeide_1.2.0/stm32cubeide/plugins/com.st.stm32cube.ide.mcu.externaltools.gnu-tools-for-stm32.7-2018-q2-update.win32_1.0.0.201904181610/tools/bin/../lib/gcc/arm-none-eabi/7.3.1/../../../../arm-none-eabi/lib/thumb/v6-m\libc_nano.a(lib_a-memcpy-stub.o)
 .ARM.attributes
                0x000000000000066d       0x2c c:/st/stm32cubeide_1.2.0/stm32cubeide/plugins/com.st.stm32cube.ide.mcu.externaltools.gnu-tools-for-stm32.7-2018-q2-update.win32_1.0.0.201904181610/tools/bin/../lib/gcc/arm-none-eabi/7.3.1/../../../../arm-none-eabi/lib/thumb/v6-m\libc_nano.a(lib_a-memset.o)
 .ARM.attributes
                0x0000000000000699       0x1e c:/st/stm32cubeide_1.2.0/stm32cubeide/plugins/com.st.stm32cube.ide.mcu.externaltools.gnu-tools-for-stm32.7-2018-q2-update.win32_1.0.0.201904181610/tools/bin/../lib/gcc/arm-none-eabi/7.3.1/thumb/v6-m\libgcc.a(_udivsi3.o)
 .ARM.attributes
                0x00000000000006b7       0x1e c:/st/stm32cubeide_1.2.0/stm32cubeide/plugins/com.st.stm32cube.ide.mcu.externaltools.gnu-tools-for-stm32.7-2018-q2-update.win32_1.0.0.201904181610/tools/bin/../lib/gcc/arm-none-eabi/7.3.1/thumb/v6-m\libgcc.a(_divsi3.o)
 .ARM.attributes
                0x00000000000006d5       0x1e c:/st/stm32cubeide_1.2.0/stm32cubeide/plugins/com.st.stm32cube.ide.mcu.externaltools.gnu-tools-for-stm32.7-2018-q2-update.win32_1.0.0.201904181610/tools/bin/../lib/gcc/arm-none-eabi/7.3.1/thumb/v6-m\libgcc.a(_dvmd_tls.o)
 .ARM.attributes
                0x00000000000006f3       0x1e c:/st/stm32cubeide_1.2.0/stm32cubeide/plugins/com.st.stm32cube.ide.mcu.externaltools.gnu-tools-for-stm32.7-2018-q2-update.win32_1.0.0.201904181610/tools/bin/../lib/gcc/arm-none-eabi/7.3.1/thumb/v6-m\libgcc.a(_aeabi_uldivmod.o)
 .ARM.attributes
                0x0000000000000711       0x2c c:/st/stm32cubeide_1.2.0/stm32cubeide/plugins/com.st.stm32cube.ide.mcu.externaltools.gnu-tools-for-stm32.7-2018-q2-update.win32_1.0.0.201904181610/tools/bin/../lib/gcc/arm-none-eabi/7.3.1/thumb/v6-m\libgcc.a(_udivmoddi4.o)
 .ARM.attributes
                0x000000000000073d       0x1e c:/st/stm32cubeide_1.2.0/stm32cubeide/plugins/com.st.stm32cube.ide.mcu.externaltools.gnu-tools-for-stm32.7-2018-q2-update.win32_1.0.0.201904181610/tools/bin/../lib/gcc/arm-none-eabi/7.3.1/thumb/v6-m\libgcc.a(_clzdi2.o)
 .ARM.attributes
                0x000000000000075b       0x1e c:/st/stm32cubeide_1.2.0/stm32cubeide/plugins/com.st.stm32cube.ide.mcu.externaltools.gnu-tools-for-stm32.7-2018-q2-update.win32_1.0.0.201904181610/tools/bin/../lib/gcc/arm-none-eabi/7.3.1/thumb/v6-m\libgcc.a(_clzsi2.o)
 .ARM.attributes
                0x0000000000000779       0x1e c:/st/stm32cubeide_1.2.0/stm32cubeide/plugins/com.st.stm32cube.ide.mcu.externaltools.gnu-tools-for-stm32.7-2018-q2-update.win32_1.0.0.201904181610/tools/bin/../lib/gcc/arm-none-eabi/7.3.1/thumb/v6-m/crtn.o
OUTPUT(stm32g071gbutest1.elf elf32-littlearm)

.debug_info     0x0000000000000000    0x1b533
 .debug_info    0x0000000000000000      0x3f1 Core/Src/app_freertos.o
 .debug_info    0x00000000000003f1      0x2de Core/Src/common.o
 .debug_info    0x00000000000006cf      0x3b1 Core/Src/cyclic.o
 .debug_info    0x0000000000000a80     0x1e7b Core/Src/main.o
 .debug_info    0x00000000000028fb     0x161d Core/Src/main_control.o
 .debug_info    0x0000000000003f18      0xf3f Core/Src/stm32g0xx_hal_msp.o
 .debug_info    0x0000000000004e57      0xa70 Core/Src/stm32g0xx_hal_timebase_tim.o
 .debug_info    0x00000000000058c7      0xb23 Core/Src/stm32g0xx_it.o
 .debug_info    0x00000000000063ea      0x434 Core/Src/system_stm32g0xx.o
 .debug_info    0x000000000000681e     0x17c2 Core/Src/uart_cardreaderserial.o
 .debug_info    0x0000000000007fe0     0x1976 Core/Src/uart_ypserial.o
 .debug_info    0x0000000000009956       0x22 Core/Startup/startup_stm32g071gbux.o
 .debug_info    0x0000000000009978      0xa11 Drivers/STM32G0xx_HAL_Driver/Src/stm32g0xx_hal.o
 .debug_info    0x000000000000a389      0x971 Drivers/STM32G0xx_HAL_Driver/Src/stm32g0xx_hal_cortex.o
 .debug_info    0x000000000000acfa      0x8e6 Drivers/STM32G0xx_HAL_Driver/Src/stm32g0xx_hal_dma.o
 .debug_info    0x000000000000b5e0      0x67f Drivers/STM32G0xx_HAL_Driver/Src/stm32g0xx_hal_gpio.o
 .debug_info    0x000000000000bc5f      0x64f Drivers/STM32G0xx_HAL_Driver/Src/stm32g0xx_hal_pwr_ex.o
 .debug_info    0x000000000000c2ae      0xab0 Drivers/STM32G0xx_HAL_Driver/Src/stm32g0xx_hal_rcc.o
 .debug_info    0x000000000000cd5e      0x815 Drivers/STM32G0xx_HAL_Driver/Src/stm32g0xx_hal_rcc_ex.o
 .debug_info    0x000000000000d573     0x264d Drivers/STM32G0xx_HAL_Driver/Src/stm32g0xx_hal_tim.o
 .debug_info    0x000000000000fbc0     0x1499 Drivers/STM32G0xx_HAL_Driver/Src/stm32g0xx_hal_tim_ex.o
 .debug_info    0x0000000000011059     0x1812 Drivers/STM32G0xx_HAL_Driver/Src/stm32g0xx_hal_uart.o
 .debug_info    0x000000000001286b      0xb80 Drivers/STM32G0xx_HAL_Driver/Src/stm32g0xx_hal_uart_ex.o
 .debug_info    0x00000000000133eb     0x1e03 Middlewares/Third_Party/FreeRTOS/Source/CMSIS_RTOS/cmsis_os.o
 .debug_info    0x00000000000151ee      0xac5 Middlewares/Third_Party/FreeRTOS/Source/list.o
 .debug_info    0x0000000000015cb3     0x1860 Middlewares/Third_Party/FreeRTOS/Source/queue.o
 .debug_info    0x0000000000017513     0x1d34 Middlewares/Third_Party/FreeRTOS/Source/tasks.o
 .debug_info    0x0000000000019247     0x1568 Middlewares/Third_Party/FreeRTOS/Source/timers.o
 .debug_info    0x000000000001a7af      0x26b Middlewares/Third_Party/FreeRTOS/Source/portable/GCC/ARM_CM0/port.o
 .debug_info    0x000000000001aa1a      0xb19 Middlewares/Third_Party/FreeRTOS/Source/portable/MemMang/heap_4.o

.debug_abbrev   0x0000000000000000     0x3e94
 .debug_abbrev  0x0000000000000000      0x13d Core/Src/app_freertos.o
 .debug_abbrev  0x000000000000013d      0x152 Core/Src/common.o
 .debug_abbrev  0x000000000000028f      0x1a7 Core/Src/cyclic.o
 .debug_abbrev  0x0000000000000436      0x27b Core/Src/main.o
 .debug_abbrev  0x00000000000006b1      0x35e Core/Src/main_control.o
 .debug_abbrev  0x0000000000000a0f      0x1a6 Core/Src/stm32g0xx_hal_msp.o
 .debug_abbrev  0x0000000000000bb5      0x1ac Core/Src/stm32g0xx_hal_timebase_tim.o
 .debug_abbrev  0x0000000000000d61      0x169 Core/Src/stm32g0xx_it.o
 .debug_abbrev  0x0000000000000eca      0x147 Core/Src/system_stm32g0xx.o
 .debug_abbrev  0x0000000000001011      0x351 Core/Src/uart_cardreaderserial.o
 .debug_abbrev  0x0000000000001362      0x35c Core/Src/uart_ypserial.o
 .debug_abbrev  0x00000000000016be       0x12 Core/Startup/startup_stm32g071gbux.o
 .debug_abbrev  0x00000000000016d0      0x242 Drivers/STM32G0xx_HAL_Driver/Src/stm32g0xx_hal.o
 .debug_abbrev  0x0000000000001912      0x27c Drivers/STM32G0xx_HAL_Driver/Src/stm32g0xx_hal_cortex.o
 .debug_abbrev  0x0000000000001b8e      0x20d Drivers/STM32G0xx_HAL_Driver/Src/stm32g0xx_hal_dma.o
 .debug_abbrev  0x0000000000001d9b      0x1b7 Drivers/STM32G0xx_HAL_Driver/Src/stm32g0xx_hal_gpio.o
 .debug_abbrev  0x0000000000001f52      0x1f6 Drivers/STM32G0xx_HAL_Driver/Src/stm32g0xx_hal_pwr_ex.o
 .debug_abbrev  0x0000000000002148      0x211 Drivers/STM32G0xx_HAL_Driver/Src/stm32g0xx_hal_rcc.o
 .debug_abbrev  0x0000000000002359      0x1d4 Drivers/STM32G0xx_HAL_Driver/Src/stm32g0xx_hal_rcc_ex.o
 .debug_abbrev  0x000000000000252d      0x23f Drivers/STM32G0xx_HAL_Driver/Src/stm32g0xx_hal_tim.o
 .debug_abbrev  0x000000000000276c      0x22d Drivers/STM32G0xx_HAL_Driver/Src/stm32g0xx_hal_tim_ex.o
 .debug_abbrev  0x0000000000002999      0x214 Drivers/STM32G0xx_HAL_Driver/Src/stm32g0xx_hal_uart.o
 .debug_abbrev  0x0000000000002bad      0x209 Drivers/STM32G0xx_HAL_Driver/Src/stm32g0xx_hal_uart_ex.o
 .debug_abbrev  0x0000000000002db6      0x305 Middlewares/Third_Party/FreeRTOS/Source/CMSIS_RTOS/cmsis_os.o
 .debug_abbrev  0x00000000000030bb      0x1cf Middlewares/Third_Party/FreeRTOS/Source/list.o
 .debug_abbrev  0x000000000000328a      0x2c4 Middlewares/Third_Party/FreeRTOS/Source/queue.o
 .debug_abbrev  0x000000000000354e      0x2de Middlewares/Third_Party/FreeRTOS/Source/tasks.o
 .debug_abbrev  0x000000000000382c      0x287 Middlewares/Third_Party/FreeRTOS/Source/timers.o
 .debug_abbrev  0x0000000000003ab3      0x1a4 Middlewares/Third_Party/FreeRTOS/Source/portable/GCC/ARM_CM0/port.o
 .debug_abbrev  0x0000000000003c57      0x23d Middlewares/Third_Party/FreeRTOS/Source/portable/MemMang/heap_4.o

.debug_aranges  0x0000000000000000     0x1790
 .debug_aranges
                0x0000000000000000       0x28 Core/Src/app_freertos.o
 .debug_aranges
                0x0000000000000028       0x30 Core/Src/common.o
 .debug_aranges
                0x0000000000000058       0x38 Core/Src/cyclic.o
 .debug_aranges
                0x0000000000000090       0xf8 Core/Src/main.o
 .debug_aranges
                0x0000000000000188       0xc8 Core/Src/main_control.o
 .debug_aranges
                0x0000000000000250       0x40 Core/Src/stm32g0xx_hal_msp.o
 .debug_aranges
                0x0000000000000290       0x30 Core/Src/stm32g0xx_hal_timebase_tim.o
 .debug_aranges
                0x00000000000002c0       0x58 Core/Src/stm32g0xx_it.o
 .debug_aranges
                0x0000000000000318       0x28 Core/Src/system_stm32g0xx.o
 .debug_aranges
                0x0000000000000340       0xb8 Core/Src/uart_cardreaderserial.o
 .debug_aranges
                0x00000000000003f8       0xa8 Core/Src/uart_ypserial.o
 .debug_aranges
                0x00000000000004a0       0x28 Core/Startup/startup_stm32g071gbux.o
 .debug_aranges
                0x00000000000004c8      0x120 Drivers/STM32G0xx_HAL_Driver/Src/stm32g0xx_hal.o
 .debug_aranges
                0x00000000000005e8       0xd8 Drivers/STM32G0xx_HAL_Driver/Src/stm32g0xx_hal_cortex.o
 .debug_aranges
                0x00000000000006c0       0x90 Drivers/STM32G0xx_HAL_Driver/Src/stm32g0xx_hal_dma.o
 .debug_aranges
                0x0000000000000750       0x60 Drivers/STM32G0xx_HAL_Driver/Src/stm32g0xx_hal_gpio.o
 .debug_aranges
                0x00000000000007b0       0xc0 Drivers/STM32G0xx_HAL_Driver/Src/stm32g0xx_hal_pwr_ex.o
 .debug_aranges
                0x0000000000000870       0x98 Drivers/STM32G0xx_HAL_Driver/Src/stm32g0xx_hal_rcc.o
 .debug_aranges
                0x0000000000000908       0x40 Drivers/STM32G0xx_HAL_Driver/Src/stm32g0xx_hal_rcc_ex.o
 .debug_aranges
                0x0000000000000948      0x3b8 Drivers/STM32G0xx_HAL_Driver/Src/stm32g0xx_hal_tim.o
 .debug_aranges
                0x0000000000000d00      0x180 Drivers/STM32G0xx_HAL_Driver/Src/stm32g0xx_hal_tim_ex.o
 .debug_aranges
                0x0000000000000e80      0x218 Drivers/STM32G0xx_HAL_Driver/Src/stm32g0xx_hal_uart.o
 .debug_aranges
                0x0000000000001098       0x88 Drivers/STM32G0xx_HAL_Driver/Src/stm32g0xx_hal_uart_ex.o
 .debug_aranges
                0x0000000000001120      0x1d8 Middlewares/Third_Party/FreeRTOS/Source/CMSIS_RTOS/cmsis_os.o
 .debug_aranges
                0x00000000000012f8       0x40 Middlewares/Third_Party/FreeRTOS/Source/list.o
 .debug_aranges
                0x0000000000001338      0x110 Middlewares/Third_Party/FreeRTOS/Source/queue.o
 .debug_aranges
                0x0000000000001448      0x1b0 Middlewares/Third_Party/FreeRTOS/Source/tasks.o
 .debug_aranges
                0x00000000000015f8       0xc0 Middlewares/Third_Party/FreeRTOS/Source/timers.o
 .debug_aranges
                0x00000000000016b8       0x88 Middlewares/Third_Party/FreeRTOS/Source/portable/GCC/ARM_CM0/port.o
 .debug_aranges
                0x0000000000001740       0x50 Middlewares/Third_Party/FreeRTOS/Source/portable/MemMang/heap_4.o

.debug_ranges   0x0000000000000000     0x15b8
 .debug_ranges  0x0000000000000000       0x18 Core/Src/app_freertos.o
 .debug_ranges  0x0000000000000018       0x20 Core/Src/common.o
 .debug_ranges  0x0000000000000038       0x28 Core/Src/cyclic.o
 .debug_ranges  0x0000000000000060       0xe8 Core/Src/main.o
 .debug_ranges  0x0000000000000148       0xb8 Core/Src/main_control.o
 .debug_ranges  0x0000000000000200       0x30 Core/Src/stm32g0xx_hal_msp.o
 .debug_ranges  0x0000000000000230       0x20 Core/Src/stm32g0xx_hal_timebase_tim.o
 .debug_ranges  0x0000000000000250       0x48 Core/Src/stm32g0xx_it.o
 .debug_ranges  0x0000000000000298       0x18 Core/Src/system_stm32g0xx.o
 .debug_ranges  0x00000000000002b0       0xa8 Core/Src/uart_cardreaderserial.o
 .debug_ranges  0x0000000000000358       0x98 Core/Src/uart_ypserial.o
 .debug_ranges  0x00000000000003f0       0x20 Core/Startup/startup_stm32g071gbux.o
 .debug_ranges  0x0000000000000410      0x110 Drivers/STM32G0xx_HAL_Driver/Src/stm32g0xx_hal.o
 .debug_ranges  0x0000000000000520       0xc8 Drivers/STM32G0xx_HAL_Driver/Src/stm32g0xx_hal_cortex.o
 .debug_ranges  0x00000000000005e8       0x80 Drivers/STM32G0xx_HAL_Driver/Src/stm32g0xx_hal_dma.o
 .debug_ranges  0x0000000000000668       0x50 Drivers/STM32G0xx_HAL_Driver/Src/stm32g0xx_hal_gpio.o
 .debug_ranges  0x00000000000006b8       0xb0 Drivers/STM32G0xx_HAL_Driver/Src/stm32g0xx_hal_pwr_ex.o
 .debug_ranges  0x0000000000000768       0x88 Drivers/STM32G0xx_HAL_Driver/Src/stm32g0xx_hal_rcc.o
 .debug_ranges  0x00000000000007f0       0x30 Drivers/STM32G0xx_HAL_Driver/Src/stm32g0xx_hal_rcc_ex.o
 .debug_ranges  0x0000000000000820      0x3a8 Drivers/STM32G0xx_HAL_Driver/Src/stm32g0xx_hal_tim.o
 .debug_ranges  0x0000000000000bc8      0x170 Drivers/STM32G0xx_HAL_Driver/Src/stm32g0xx_hal_tim_ex.o
 .debug_ranges  0x0000000000000d38      0x208 Drivers/STM32G0xx_HAL_Driver/Src/stm32g0xx_hal_uart.o
 .debug_ranges  0x0000000000000f40       0x78 Drivers/STM32G0xx_HAL_Driver/Src/stm32g0xx_hal_uart_ex.o
 .debug_ranges  0x0000000000000fb8      0x1c8 Middlewares/Third_Party/FreeRTOS/Source/CMSIS_RTOS/cmsis_os.o
 .debug_ranges  0x0000000000001180       0x30 Middlewares/Third_Party/FreeRTOS/Source/list.o
 .debug_ranges  0x00000000000011b0      0x100 Middlewares/Third_Party/FreeRTOS/Source/queue.o
 .debug_ranges  0x00000000000012b0      0x1a0 Middlewares/Third_Party/FreeRTOS/Source/tasks.o
 .debug_ranges  0x0000000000001450       0xb0 Middlewares/Third_Party/FreeRTOS/Source/timers.o
 .debug_ranges  0x0000000000001500       0x78 Middlewares/Third_Party/FreeRTOS/Source/portable/GCC/ARM_CM0/port.o
 .debug_ranges  0x0000000000001578       0x40 Middlewares/Third_Party/FreeRTOS/Source/portable/MemMang/heap_4.o

.debug_macro    0x0000000000000000    0x1b8cb
 .debug_macro   0x0000000000000000      0x2b2 Core/Src/app_freertos.o
 .debug_macro   0x00000000000002b2      0xa48 Core/Src/app_freertos.o
 .debug_macro   0x0000000000000cfa      0x174 Core/Src/app_freertos.o
 .debug_macro   0x0000000000000e6e       0x22 Core/Src/app_freertos.o
 .debug_macro   0x0000000000000e90       0x8e Core/Src/app_freertos.o
 .debug_macro   0x0000000000000f1e       0x51 Core/Src/app_freertos.o
 .debug_macro   0x0000000000000f6f       0xef Core/Src/app_freertos.o
 .debug_macro   0x000000000000105e       0x6a Core/Src/app_freertos.o
 .debug_macro   0x00000000000010c8      0x1df Core/Src/app_freertos.o
 .debug_macro   0x00000000000012a7       0xca Core/Src/app_freertos.o
 .debug_macro   0x0000000000001371      0x15a Core/Src/app_freertos.o
 .debug_macro   0x00000000000014cb       0xac Core/Src/app_freertos.o
 .debug_macro   0x0000000000001577       0x10 Core/Src/app_freertos.o
 .debug_macro   0x0000000000001587       0x1f Core/Src/app_freertos.o