main_control.c:165:6:MAIN_Init	8	static
main_control.c:190:13:init_cr_tx_dataset	56	static
main_control.c:239:13:nor_cr_tx_dataset	56	static
main_control.c:283:13:nor_yp_tx_dataset	56	static
main_control.c:338:6:MainControlTaskEntry	40	static
main_control.c:384:13:parse_yprx_serial	40	static
main_control.c:421:6:init_sq_up	8	static
main_control.c:434:6:req_status	32	static
main_control.c:453:6:req_chgkind	16	static
main_control.c:466:6:tsk000	8	static
main_control.c:531:6:tsk001	8	static
main_control.c:594:6:tsk010	8	static
main_control.c:604:6:tsk011	8	static
main_control.c:608:6:tsk012	8	static
main_control.c:656:13:parse_crrx_serial	24	static
