main.c:135:5:main	352	static
main.c:301:6:SystemClock_Config	144	static
main.c:350:13:MX_IWDG_Init	8	static
main.c:379:13:MX_TIM2_Init	40	static
main.c:424:13:MX_USART1_UART_Init	8	static
main.c:472:13:MX_USART2_UART_Init	8	static
main.c:518:13:MX_DMA_Init	16	static
main.c:539:13:MX_GPIO_Init	48	static
main.c:570:13:UART1_TxCpltCallback	8	static
main.c:573:13:UART2_TxCpltCallback	8	static
main.c:586:6:HAL_UART_TxCpltCallback	16	static
main.c:609:13:UART1_RxCpltCallback	8	static
main.c:612:13:UART2_RxCpltCallback	8	static
main.c:625:6:HAL_UART_RxCpltCallback	16	static
main.c:648:13:UART1_ErrorCallback	8	static
main.c:651:13:UART2_ErrorCallback	8	static
main.c:664:6:HAL_UART_ErrorCallback	16	static
main.c:695:13:MainControlTaskEntry	16	static
main.c:713:13:CyclicTaskEntry	16	static
main.c:731:13:IdleTaskEntry	16	static
main.c:760:13:YpSerialRxTaskEntry	16	static
main.c:778:13:YpSerialTxTaskEntry	16	static
main.c:796:13:CrSerialRxTaskEntry	16	static
main.c:814:13:CrSerialTxTaskEntry	16	static
main.c:832:13:SubTaskEntry	16	static
main.c:844:13:CallbackCyclicTimer	16	static
main.c:859:6:HAL_TIM_PeriodElapsedCallback	16	static
main.c:876:6:Error_Handler	8	static
