main_control.c:166:6:MAIN_Init	8	static
main_control.c:191:13:init_cr_tx_dataset	56	static
main_control.c:238:13:nor_cr_tx_dataset	56	static
main_control.c:282:13:nor_yp_tx_dataset	56	static
main_control.c:337:6:MainControlTaskEntry	40	static
main_control.c:382:13:parse_yprx_serial	40	static
main_control.c:419:6:init_sq_up	8	static
main_control.c:432:6:req_status	32	static
main_control.c:451:6:req_chgkind	16	static
main_control.c:464:6:tsk000	8	static
main_control.c:529:6:tsk001	8	static
main_control.c:592:6:tsk010	8	static
main_control.c:602:6:tsk011	8	static
main_control.c:606:6:tsk012	8	static
main_control.c:654:13:parse_crrx_serial	24	static
