main.c:137:5:main	352	static
main.c:303:6:SystemClock_Config	144	static
main.c:352:13:MX_IWDG_Init	8	static
main.c:381:13:MX_TIM2_Init	40	static
main.c:426:13:MX_USART1_UART_Init	8	static
main.c:474:13:MX_USART2_UART_Init	8	static
main.c:520:13:MX_DMA_Init	16	static
main.c:541:13:MX_GPIO_Init	48	static
main.c:572:13:UART1_TxCpltCallback	8	static
main.c:575:13:UART2_TxCpltCallback	8	static
main.c:588:6:HAL_UART_TxCpltCallback	16	static
main.c:611:13:UART1_RxCpltCallback	8	static
main.c:614:13:UART2_RxCpltCallback	8	static
main.c:627:6:HAL_UART_RxCpltCallback	16	static
main.c:650:13:UART1_ErrorCallback	8	static
main.c:653:13:UART2_ErrorCallback	8	static
main.c:666:6:HAL_UART_ErrorCallback	16	static
main.c:697:13:MainControlTaskEntry	16	static
main.c:715:13:CyclicTaskEntry	16	static
main.c:733:13:IdleTaskEntry	16	static
main.c:762:13:YpSerialRxTaskEntry	16	static
main.c:780:13:YpSerialTxTaskEntry	16	static
main.c:798:13:CrSerialRxTaskEntry	16	static
main.c:816:13:CrSerialTxTaskEntry	16	static
main.c:834:13:SubTaskEntry	16	static
main.c:846:13:CallbackCyclicTimer	16	static
main.c:861:6:HAL_TIM_PeriodElapsedCallback	16	static
main.c:878:6:Error_Handler	8	static
