uart_cardreaderserial.c:199:6:CR_Init	8	static
uart_cardreaderserial.c:227:4:CR_SerialOpen	24	static
uart_cardreaderserial.c:262:6:cr_SerialInit	8	static
uart_cardreaderserial.c:283:4:cr_SerialStop	16	static
uart_cardreaderserial.c:302:6:UART1_RxCpltCallback	16	static
uart_cardreaderserial.c:394:6:UART1_ErrorCallback	8	static
uart_cardreaderserial.c:410:11:cr_serial_checksum	32	static
uart_cardreaderserial.c:424:12:idx_sum	16	static
uart_cardreaderserial.c:430:12:idx_etx	16	static
uart_cardreaderserial.c:436:12:idx_cr	16	static
uart_cardreaderserial.c:442:12:idx_cal	16	static
uart_cardreaderserial.c:459:13:cr_ResetRxError	8	static
uart_cardreaderserial.c:480:13:cr_ClearRxError	8	static,ignoring_inline_asm
uart_cardreaderserial.c:513:6:CR_SerialRxCheak	8	static
uart_cardreaderserial.c:550:6:CrSerialRxTaskEntry	40	static
uart_cardreaderserial.c:586:6:CrSerialTxTaskEntry	56	static
uart_cardreaderserial.c:620:6:UART1_TxCpltCallback	8	static
uart_cardreaderserial.c:635:13:tx_cr_serial	40	static
uart_cardreaderserial.c:672:13:parse_cr_serial	32	static
uart_cardreaderserial.c:706:6:req_tx_cr_serial	24	static
