uart_ypserial.c:209:6:YP_Init	8	static
uart_ypserial.c:237:4:YP_SerialOpen	24	static
uart_ypserial.c:272:6:yp_SerialInit	8	static
uart_ypserial.c:293:4:yp_SerialStop	16	static
uart_ypserial.c:312:6:UART2_RxCpltCallback	24	static
uart_ypserial.c:398:6:UART2_ErrorCallback	8	static
uart_ypserial.c:414:11:yp_CalcCheckSum	24	static
uart_ypserial.c:432:11:yp_serial_checksum	32	static
uart_ypserial.c:446:12:idx_sum	16	static
uart_ypserial.c:461:13:yp_ResetRxError	8	static
uart_ypserial.c:482:13:yp_ClearRxError	8	static,ignoring_inline_asm
uart_ypserial.c:515:6:YP_SerialRxCheak	8	static
uart_ypserial.c:552:6:YpSerialRxTaskEntry	40	static
uart_ypserial.c:588:6:YpSerialTxTaskEntry	56	static
uart_ypserial.c:622:6:UART2_TxCpltCallback	8	static
uart_ypserial.c:637:13:tx_yp_serial	40	static
uart_ypserial.c:670:13:parse_yp_serial	72	static
uart_ypserial.c:800:6:req_tx_yp_serial	24	static
